Archive member included to satisfy reference by file (symbol)

d:/clion/gcc-arm-none-eabi-10.3-2021.10-win32/gcc-arm-none-eabi-10.3-2021.10/bin/../lib/gcc/arm-none-eabi/10.3.1/../../../../arm-none-eabi/lib/thumb/v7e-m+fp/hard\libc_nano.a(lib_a-exit.o)
                              d:/clion/gcc-arm-none-eabi-10.3-2021.10-win32/gcc-arm-none-eabi-10.3-2021.10/bin/../lib/gcc/arm-none-eabi/10.3.1/../../../../arm-none-eabi/lib/thumb/v7e-m+fp/hard/crt0.o (exit)
d:/clion/gcc-arm-none-eabi-10.3-2021.10-win32/gcc-arm-none-eabi-10.3-2021.10/bin/../lib/gcc/arm-none-eabi/10.3.1/../../../../arm-none-eabi/lib/thumb/v7e-m+fp/hard\libc_nano.a(lib_a-impure.o)
                              d:/clion/gcc-arm-none-eabi-10.3-2021.10-win32/gcc-arm-none-eabi-10.3-2021.10/bin/../lib/gcc/arm-none-eabi/10.3.1/../../../../arm-none-eabi/lib/thumb/v7e-m+fp/hard\libc_nano.a(lib_a-exit.o) (_global_impure_ptr)
d:/clion/gcc-arm-none-eabi-10.3-2021.10-win32/gcc-arm-none-eabi-10.3-2021.10/bin/../lib/gcc/arm-none-eabi/10.3.1/../../../../arm-none-eabi/lib/thumb/v7e-m+fp/hard\libc_nano.a(lib_a-init.o)
                              d:/clion/gcc-arm-none-eabi-10.3-2021.10-win32/gcc-arm-none-eabi-10.3-2021.10/bin/../lib/gcc/arm-none-eabi/10.3.1/../../../../arm-none-eabi/lib/thumb/v7e-m+fp/hard/crt0.o (__libc_init_array)
d:/clion/gcc-arm-none-eabi-10.3-2021.10-win32/gcc-arm-none-eabi-10.3-2021.10/bin/../lib/gcc/arm-none-eabi/10.3.1/../../../../arm-none-eabi/lib/thumb/v7e-m+fp/hard\libc_nano.a(lib_a-memset.o)
                              d:/clion/gcc-arm-none-eabi-10.3-2021.10-win32/gcc-arm-none-eabi-10.3-2021.10/bin/../lib/gcc/arm-none-eabi/10.3.1/../../../../arm-none-eabi/lib/thumb/v7e-m+fp/hard/crt0.o (memset)
d:/clion/gcc-arm-none-eabi-10.3-2021.10-win32/gcc-arm-none-eabi-10.3-2021.10/bin/../lib/gcc/arm-none-eabi/10.3.1/thumb/v7e-m+fp/hard\libgcc.a(_arm_addsubdf3.o)
                              CMakeFiles/test.dir/Core/Src/Hardware/IMU/MPU9250/mpu9250.c.obj (__aeabi_dadd)
d:/clion/gcc-arm-none-eabi-10.3-2021.10-win32/gcc-arm-none-eabi-10.3-2021.10/bin/../lib/gcc/arm-none-eabi/10.3.1/thumb/v7e-m+fp/hard\libgcc.a(_arm_muldivdf3.o)
                              CMakeFiles/test.dir/Core/Src/Hardware/IMU/MPU9250/mpu9250.c.obj (__aeabi_ddiv)
d:/clion/gcc-arm-none-eabi-10.3-2021.10-win32/gcc-arm-none-eabi-10.3-2021.10/bin/../lib/gcc/arm-none-eabi/10.3.1/thumb/v7e-m+fp/hard\libgcc.a(_arm_truncdfsf2.o)
                              CMakeFiles/test.dir/Core/Src/Hardware/IMU/MPU9250/mpu9250.c.obj (__aeabi_d2f)
d:/clion/gcc-arm-none-eabi-10.3-2021.10-win32/gcc-arm-none-eabi-10.3-2021.10/bin/../lib/gcc/arm-none-eabi/10.3.1/thumb/v7e-m+fp/hard\libgcc.a(_aeabi_uldivmod.o)
                              CMakeFiles/test.dir/Drivers/STM32F4xx_HAL_Driver/Src/stm32f4xx_hal_rcc.c.obj (__aeabi_uldivmod)
d:/clion/gcc-arm-none-eabi-10.3-2021.10-win32/gcc-arm-none-eabi-10.3-2021.10/bin/../lib/gcc/arm-none-eabi/10.3.1/thumb/v7e-m+fp/hard\libgcc.a(_udivmoddi4.o)
                              d:/clion/gcc-arm-none-eabi-10.3-2021.10-win32/gcc-arm-none-eabi-10.3-2021.10/bin/../lib/gcc/arm-none-eabi/10.3.1/thumb/v7e-m+fp/hard\libgcc.a(_aeabi_uldivmod.o) (__udivmoddi4)
d:/clion/gcc-arm-none-eabi-10.3-2021.10-win32/gcc-arm-none-eabi-10.3-2021.10/bin/../lib/gcc/arm-none-eabi/10.3.1/thumb/v7e-m+fp/hard\libgcc.a(_dvmd_tls.o)
                              d:/clion/gcc-arm-none-eabi-10.3-2021.10-win32/gcc-arm-none-eabi-10.3-2021.10/bin/../lib/gcc/arm-none-eabi/10.3.1/thumb/v7e-m+fp/hard\libgcc.a(_aeabi_uldivmod.o) (__aeabi_ldiv0)
d:/clion/gcc-arm-none-eabi-10.3-2021.10-win32/gcc-arm-none-eabi-10.3-2021.10/bin/../lib/gcc/arm-none-eabi/10.3.1/../../../../arm-none-eabi/lib/thumb/v7e-m+fp/hard\libg_nano.a(lib_a-errno.o)
                              CMakeFiles/test.dir/Core/Src/sysmem.c.obj (__errno)
d:/clion/gcc-arm-none-eabi-10.3-2021.10-win32/gcc-arm-none-eabi-10.3-2021.10/bin/../lib/gcc/arm-none-eabi/10.3.1/../../../../arm-none-eabi/lib/thumb/v7e-m+fp/hard\libg_nano.a(lib_a-memcpy-stub.o)
                              CMakeFiles/test.dir/Core/Src/Hardware/Motor/motor.c.obj (memcpy)
d:/clion/gcc-arm-none-eabi-10.3-2021.10-win32/gcc-arm-none-eabi-10.3-2021.10/bin/../lib/gcc/arm-none-eabi/10.3.1/../../../../arm-none-eabi/lib/thumb/v7e-m+fp/hard\libg_nano.a(lib_a-puts.o)
                              CMakeFiles/test.dir/Core/Src/Hardware/IMU/MPU9250/mpu9250.c.obj (puts)
d:/clion/gcc-arm-none-eabi-10.3-2021.10-win32/gcc-arm-none-eabi-10.3-2021.10/bin/../lib/gcc/arm-none-eabi/10.3.1/../../../../arm-none-eabi/lib/thumb/v7e-m+fp/hard\libg_nano.a(lib_a-wbuf.o)
                              d:/clion/gcc-arm-none-eabi-10.3-2021.10-win32/gcc-arm-none-eabi-10.3-2021.10/bin/../lib/gcc/arm-none-eabi/10.3.1/../../../../arm-none-eabi/lib/thumb/v7e-m+fp/hard\libg_nano.a(lib_a-puts.o) (__swbuf_r)
d:/clion/gcc-arm-none-eabi-10.3-2021.10-win32/gcc-arm-none-eabi-10.3-2021.10/bin/../lib/gcc/arm-none-eabi/10.3.1/../../../../arm-none-eabi/lib/thumb/v7e-m+fp/hard\libg_nano.a(lib_a-wsetup.o)
[...]
Memory Configuration

Name             Origin             Length             Attributes
RAM              0x20000000         0x00010000         xrw
FLASH            0x08000000         0x00040000         xr
*default*        0x00000000         0xffffffff

Linker script and memory map

LOAD d:/clion/gcc-arm-none-eabi-10.3-2021.10-win32/gcc-arm-none-eabi-10.3-2021.10/bin/../lib/gcc/arm-none-eabi/10.3.1/thumb/v7e-m+fp/hard/crti.o
LOAD d:/clion/gcc-arm-none-eabi-10.3-2021.10-win32/gcc-arm-none-eabi-10.3-2021.10/bin/../lib/gcc/arm-none-eabi/10.3.1/thumb/v7e-m+fp/hard/crtbegin.o
LOAD d:/clion/gcc-arm-none-eabi-10.3-2021.10-win32/gcc-arm-none-eabi-10.3-2021.10/bin/../lib/gcc/arm-none-eabi/10.3.1/../../../../arm-none-eabi/lib/thumb/v7e-m+fp/hard/crt0.o
START GROUP
LOAD d:/clion/gcc-arm-none-eabi-10.3-2021.10-win32/gcc-arm-none-eabi-10.3-2021.10/bin/../lib/gcc/arm-none-eabi/10.3.1/../../../../arm-none-eabi/lib/thumb/v7e-m+fp/hard\libc_nano.a
LOAD d:/clion/gcc-arm-none-eabi-10.3-2021.10-win32/gcc-arm-none-eabi-10.3-2021.10/bin/../lib/gcc/arm-none-eabi/10.3.1/../../../../arm-none-eabi/lib/thumb/v7e-m+fp/hard\libm.a
END GROUP
LOAD CMakeFiles/test.dir/Core/Src/Hardware/Motor/control.c.obj
LOAD CMakeFiles/test.dir/Core/Src/Hardware/Motor/filter.c.obj
LOAD CMakeFiles/test.dir/Core/Src/Hardware/Motor/motor.c.obj
LOAD CMakeFiles/test.dir/Core/Src/Hardware/IMU/MPU9250/iic_moni.c.obj
LOAD CMakeFiles/test.dir/Core/Src/Hardware/IMU/MPU9250/mpu9250.c.obj
LOAD CMakeFiles/test.dir/Core/Src/sys/delay/delay.c.obj
LOAD CMakeFiles/test.dir/Core/Src/Hardware/step_motor/step_motor.c.obj
LOAD CMakeFiles/test.dir/Core/Src/Hardware/step_motor/step_Track.c.obj
LOAD CMakeFiles/test.dir/Core/Src/main.c.obj
LOAD CMakeFiles/test.dir/Core/Src/gpio.c.obj
LOAD CMakeFiles/test.dir/Core/Src/tim.c.obj
LOAD CMakeFiles/test.dir/Core/Src/usart.c.obj
LOAD CMakeFiles/test.dir/Core/Src/stm32f4xx_it.c.obj
LOAD CMakeFiles/test.dir/Core/Src/stm32f4xx_hal_msp.c.obj
LOAD CMakeFiles/test.dir/Drivers/STM32F4xx_HAL_Driver/Src/stm32f4xx_hal_rcc.c.obj
LOAD CMakeFiles/test.dir/Drivers/STM32F4xx_HAL_Driver/Src/stm32f4xx_hal_rcc_ex.c.obj
LOAD CMakeFiles/test.dir/Drivers/STM32F4xx_HAL_Driver/Src/stm32f4xx_hal_flash.c.obj
LOAD CMakeFiles/test.dir/Drivers/STM32F4xx_HAL_Driver/Src/stm32f4xx_hal_flash_ex.c.obj
LOAD CMakeFiles/test.dir/Drivers/STM32F4xx_HAL_Driver/Src/stm32f4xx_hal_flash_ramfunc.c.obj
LOAD CMakeFiles/test.dir/Drivers/STM32F4xx_HAL_Driver/Src/stm32f4xx_hal_gpio.c.obj
LOAD CMakeFiles/test.dir/Drivers/STM32F4xx_HAL_Driver/Src/stm32f4xx_hal_dma_ex.c.obj
LOAD CMakeFiles/test.dir/Drivers/STM32F4xx_HAL_Driver/Src/stm32f4xx_hal_dma.c.obj
LOAD CMakeFiles/test.dir/Drivers/STM32F4xx_HAL_Driver/Src/stm32f4xx_hal_pwr.c.obj
LOAD CMakeFiles/test.dir/Drivers/STM32F4xx_HAL_Driver/Src/stm32f4xx_hal_pwr_ex.c.obj
LOAD CMakeFiles/test.dir/Drivers/STM32F4xx_HAL_Driver/Src/stm32f4xx_hal_cortex.c.obj
LOAD CMakeFiles/test.dir/Drivers/STM32F4xx_HAL_Driver/Src/stm32f4xx_hal.c.obj
LOAD CMakeFiles/test.dir/Drivers/STM32F4xx_HAL_Driver/Src/stm32f4xx_hal_exti.c.obj
LOAD CMakeFiles/test.dir/Drivers/STM32F4xx_HAL_Driver/Src/stm32f4xx_hal_tim.c.obj
LOAD CMakeFiles/test.dir/Drivers/STM32F4xx_HAL_Driver/Src/stm32f4xx_hal_tim_ex.c.obj
LOAD CMakeFiles/test.dir/Drivers/STM32F4xx_HAL_Driver/Src/stm32f4xx_hal_uart.c.obj
LOAD CMakeFiles/test.dir/Core/Src/system_stm32f4xx.c.obj
LOAD CMakeFiles/test.dir/Core/Src/sysmem.c.obj
LOAD CMakeFiles/test.dir/Core/Src/syscalls.c.obj
LOAD CMakeFiles/test.dir/startup_stm32f401xc.s.obj
LOAD G:\Code\Emulate\test\cmake\stm32cubemx\..\..\Middlewares\ST\ARM\DSP\Lib/libarm_cortexM4lf_math.a
START GROUP
LOAD d:/clion/gcc-arm-none-eabi-10.3-2021.10-win32/gcc-arm-none-eabi-10.3-2021.10/bin/../lib/gcc/arm-none-eabi/10.3.1/thumb/v7e-m+fp/hard\libgcc.a
LOAD d:/clion/gcc-arm-none-eabi-10.3-2021.10-win32/gcc-arm-none-eabi-10.3-2021.10/bin/../lib/gcc/arm-none-eabi/10.3.1/../../../../arm-none-eabi/lib/thumb/v7e-m+fp/hard\libg_nano.a
LOAD d:/clion/gcc-arm-none-eabi-10.3-2021.10-win32/gcc-arm-none-eabi-10.3-2021.10/bin/../lib/gcc/arm-none-eabi/10.3.1/../../../../arm-none-eabi/lib/thumb/v7e-m+fp/hard\libc_nano.a
END GROUP
START GROUP
LOAD d:/clion/gcc-arm-none-eabi-10.3-2021.10-win32/gcc-arm-none-eabi-10.3-2021.10/bin/../lib/gcc/arm-none-eabi/10.3.1/thumb/v7e-m+fp/hard\libgcc.a
LOAD d:/clion/gcc-arm-none-eabi-10.3-2021.10-win32/gcc-arm-none-eabi-10.3-2021.10/bin/../lib/gcc/arm-none-eabi/10.3.1/../../../../arm-none-eabi/lib/thumb/v7e-m+fp/hard\libc_nano.a
END GROUP
LOAD d:/clion/gcc-arm-none-eabi-10.3-2021.10-win32/gcc-arm-none-eabi-10.3-2021.10/bin/../lib/gcc/arm-none-eabi/10.3.1/thumb/v7e-m+fp/hard/crtend.o
LOAD d:/clion/gcc-arm-none-eabi-10.3-2021.10-win32/gcc-arm-none-eabi-10.3-2021.10/bin/../lib/gcc/arm-none-eabi/10.3.1/thumb/v7e-m+fp/hard/crtn.o
                0x20010000                _estack = (ORIGIN (RAM) + LENGTH (RAM))
                0x00000200                _Min_Heap_Size = 0x200
                0x00000400                _Min_Stack_Size = 0x400

.isr_vector     0x08000000      0x194
                0x08000000                . = ALIGN (0x4)
 *(.isr_vector)
 .isr_vector    0x08000000      0x194 CMakeFiles/test.dir/startup_stm32f401xc.s.obj
                0x08000000                g_pfnVectors
                0x08000194                . = ALIGN (0x4)

.text           0x08000194     0x537c
                0x08000194                . = ALIGN (0x4)
 *(.text)
 .text          0x08000194       0x40 d:/clion/gcc-arm-none-eabi-10.3-2021.10-win32/gcc-arm-none-eabi-10.3-2021.10/bin/../lib/gcc/arm-none-eabi/10.3.1/thumb/v7e-m+fp/hard/crtbegin.o
 .text          0x080001d4       0x30 d:/clion/gcc-arm-none-eabi-10.3-2021.10-win32/gcc-arm-none-eabi-10.3-2021.10/bin/../lib/gcc/arm-none-eabi/10.3.1/thumb/v7e-m+fp/hard\libgcc.a(_aeabi_uldivmod.o)
                0x080001d4                __aeabi_uldivmod
 .text          0x08000204      0x2d0 d:/clion/gcc-arm-none-eabi-10.3-2021.10-win32/gcc-arm-none-eabi-10.3-2021.10/bin/../lib/gcc/arm-none-eabi/10.3.1/thumb/v7e-m+fp/hard\libgcc.a(_udivmoddi4.o)
                0x08000204                __udivmoddi4
 .text          0x080004d4        0x4 d:/clion/gcc-arm-none-eabi-10.3-2021.10-win32/gcc-arm-none-eabi-10.3-2021.10/bin/../lib/gcc/arm-none-eabi/10.3.1/thumb/v7e-m+fp/hard\libgcc.a(_dvmd_tls.o)
                0x080004d4                __aeabi_idiv0
                0x080004d4                __aeabi_ldiv0
 *(.text*)
 .text.__libc_init_array
                0x080004d8       0x48 d:/clion/gcc-arm-none-eabi-10.3-2021.10-win32/gcc-arm-none-eabi-10.3-2021.10/bin/../lib/gcc/arm-none-eabi/10.3.1/../../../../arm-none-eabi/lib/thumb/v7e-m+fp/hard\libc_nano.a(lib_a-init.o)
                0x080004d8                __libc_init_array
 .text.memset   0x08000520       0x10 d:/clion/gcc-arm-none-eabi-10.3-2021.10-win32/gcc-arm-none-eabi-10.3-2021.10/bin/../lib/gcc/arm-none-eabi/10.3.1/../../../../arm-none-eabi/lib/thumb/v7e-m+fp/hard\libc_nano.a(lib_a-memset.o)
                0x08000520                memset
 .text.LIMIT    0x08000530       0x3a CMakeFiles/test.dir/Core/Src/Hardware/step_motor/step_motor.c.obj
 *fill*         0x0800056a        0x2 
 .text.en_set   0x0800056c       0x34 CMakeFiles/test.dir/Core/Src/Hardware/step_motor/step_motor.c.obj
 .text.en_reset
                0x080005a0       0x38 CMakeFiles/test.dir/Core/Src/Hardware/step_motor/step_motor.c.obj
 .text.dir_set  0x080005d8       0x34 CMakeFiles/test.dir/Core/Src/Hardware/step_motor/step_motor.c.obj
 .text.dir_reset
                0x0800060c       0x38 CMakeFiles/test.dir/Core/Src/Hardware/step_motor/step_motor.c.obj
 .text.tim_start
                0x08000644       0x40 CMakeFiles/test.dir/Core/Src/Hardware/step_motor/step_motor.c.obj
 .text.tim_stop
                0x08000684       0x40 CMakeFiles/test.dir/Core/Src/Hardware/step_motor/step_motor.c.obj
 .text.pwm_start
                0x080006c4       0x38 CMakeFiles/test.dir/Core/Src/Hardware/step_motor/step_motor.c.obj
 .text.pwm_stop
                0x080006fc       0x38 CMakeFiles/test.dir/Core/Src/Hardware/step_motor/step_motor.c.obj
 .text.pwm_startIT
                0x08000734       0x38 CMakeFiles/test.dir/Core/Src/Hardware/step_motor/step_motor.c.obj
 .text.pwm_stopIT
                0x0800076c       0x38 CMakeFiles/test.dir/Core/Src/Hardware/step_motor/step_motor.c.obj
 .text.pwm_setcompare
                0x080007a4       0xb0 CMakeFiles/test.dir/Core/Src/Hardware/step_motor/step_motor.c.obj
 .text.limit_step
                0x08000854       0x30 CMakeFiles/test.dir/Core/Src/Hardware/step_motor/step_motor.c.obj
 .text.no_limit_step
                0x08000884       0x30 CMakeFiles/test.dir/Core/Src/Hardware/step_motor/step_motor.c.obj
 .text.step_move
                0x080008b4      0x128 CMakeFiles/test.dir/Core/Src/Hardware/step_motor/step_motor.c.obj
 .text.step_stop
                0x080009dc       0x34 CMakeFiles/test.dir/Core/Src/Hardware/step_motor/step_motor.c.obj
 .text.set_range
                0x08000a10       0x5c CMakeFiles/test.dir/Core/Src/Hardware/step_motor/step_motor.c.obj
 .text.Stepper_UpdateHandler
                0x08000a6c       0x54 CMakeFiles/test.dir/Core/Src/Hardware/step_motor/step_motor.c.obj
                0x08000a6c                Stepper_UpdateHandler
 .text.stepmotor_attach
                0x08000ac0      0x150 CMakeFiles/test.dir/Core/Src/Hardware/step_motor/step_motor.c.obj
                0x08000ac0                stepmotor_attach
 .text.stepmotor_init
                0x08000c10       0x50 CMakeFiles/test.dir/Core/Src/Hardware/step_motor/step_motor.c.obj
                0x08000c10                stepmotor_init
 .text.HAL_TIM_PWM_PulseFinishedCallback
                0x08000c60       0x28 CMakeFiles/test.dir/Core/Src/Hardware/step_motor/step_motor.c.obj
                0x08000c60                HAL_TIM_PWM_PulseFinishedCallback
 .text.main     0x08000c88       0xa8 CMakeFiles/test.dir/Core/Src/main.c.obj
                0x08000c88                main
 .text.SystemClock_Config
                0x08000d30       0xd4 CMakeFiles/test.dir/Core/Src/main.c.obj
                0x08000d30                SystemClock_Config
 .text.HAL_TIM_PeriodElapsedCallback
                0x08000e04       0x14 CMakeFiles/test.dir/Core/Src/main.c.obj
                0x08000e04                HAL_TIM_PeriodElapsedCallback
 .text.__io_putchar
                0x08000e18       0x30 CMakeFiles/test.dir/Core/Src/main.c.obj
                0x08000e18                __io_putchar
 .text.Error_Handler
                0x08000e48        0xa CMakeFiles/test.dir/Core/Src/main.c.obj
                0x08000e48                Error_Handler
 *fill*         0x08000e52        0x2 
 .text.MX_GPIO_Init
                0x08000e54       0xcc CMakeFiles/test.dir/Core/Src/gpio.c.obj
                0x08000e54                MX_GPIO_Init
 .text.MX_TIM3_Init
                0x08000f20       0xec CMakeFiles/test.dir/Core/Src/tim.c.obj
                0x08000f20                MX_TIM3_Init
 .text.MX_TIM4_Init
                0x0800100c       0xa8 CMakeFiles/test.dir/Core/Src/tim.c.obj
                0x0800100c                MX_TIM4_Init
 .text.MX_TIM5_Init
                0x080010b4       0xec CMakeFiles/test.dir/Core/Src/tim.c.obj
                0x080010b4                MX_TIM5_Init
 .text.MX_TIM10_Init
                0x080011a0       0x48 CMakeFiles/test.dir/Core/Src/tim.c.obj
                0x080011a0                MX_TIM10_Init
 .text.HAL_TIM_Base_MspInit
                0x080011e8       0xb8 CMakeFiles/test.dir/Core/Src/tim.c.obj
                0x080011e8                HAL_TIM_Base_MspInit
 .text.HAL_TIM_Encoder_MspInit
                0x080012a0       0x90 CMakeFiles/test.dir/Core/Src/tim.c.obj
                0x080012a0                HAL_TIM_Encoder_MspInit
 .text.HAL_TIM_MspPostInit
                0x08001330       0xc0 CMakeFiles/test.dir/Core/Src/tim.c.obj
                0x08001330                HAL_TIM_MspPostInit
 .text.MX_USART1_UART_Init
                0x080013f0       0x54 CMakeFiles/test.dir/Core/Src/usart.c.obj
                0x080013f0                MX_USART1_UART_Init
 .text.HAL_UART_MspInit
                0x08001444       0xa0 CMakeFiles/test.dir/Core/Src/usart.c.obj
                0x08001444                HAL_UART_MspInit
 .text.NMI_Handler
                0x080014e4        0x6 CMakeFiles/test.dir/Core/Src/stm32f4xx_it.c.obj
                0x080014e4                NMI_Handler
 .text.HardFault_Handler
                0x080014ea        0x6 CMakeFiles/test.dir/Core/Src/stm32f4xx_it.c.obj
                0x080014ea                HardFault_Handler
 .text.MemManage_Handler
                0x080014f0        0x6 CMakeFiles/test.dir/Core/Src/stm32f4xx_it.c.obj
                0x080014f0                MemManage_Handler
 .text.BusFault_Handler
                0x080014f6        0x6 CMakeFiles/test.dir/Core/Src/stm32f4xx_it.c.obj
                0x080014f6                BusFault_Handler
 .text.UsageFault_Handler
                0x080014fc        0x6 CMakeFiles/test.dir/Core/Src/stm32f4xx_it.c.obj
                0x080014fc                UsageFault_Handler
 .text.SVC_Handler
                0x08001502        0xe CMakeFiles/test.dir/Core/Src/stm32f4xx_it.c.obj
                0x08001502                SVC_Handler
 .text.DebugMon_Handler
                0x08001510        0xe CMakeFiles/test.dir/Core/Src/stm32f4xx_it.c.obj
                0x08001510                DebugMon_Handler
 .text.PendSV_Handler
                0x0800151e        0xe CMakeFiles/test.dir/Core/Src/stm32f4xx_it.c.obj
                0x0800151e                PendSV_Handler
 .text.SysTick_Handler
                0x0800152c        0xc CMakeFiles/test.dir/Core/Src/stm32f4xx_it.c.obj
                0x0800152c                SysTick_Handler
 .text.TIM1_UP_TIM10_IRQHandler
                0x08001538       0x14 CMakeFiles/test.dir/Core/Src/stm32f4xx_it.c.obj
                0x08001538                TIM1_UP_TIM10_IRQHandler
 .text.USART1_IRQHandler
                0x0800154c       0x14 CMakeFiles/test.dir/Core/Src/stm32f4xx_it.c.obj
                0x0800154c                USART1_IRQHandler
 .text.TIM5_IRQHandler
                0x08001560       0x14 CMakeFiles/test.dir/Core/Src/stm32f4xx_it.c.obj
                0x08001560                TIM5_IRQHandler
 .text.HAL_MspInit
                0x08001574       0x50 CMakeFiles/test.dir/Core/Src/stm32f4xx_hal_msp.c.obj
                0x08001574                HAL_MspInit
 .text.HAL_RCC_OscConfig
                0x080015c4      0x4f0 CMakeFiles/test.dir/Drivers/STM32F4xx_HAL_Driver/Src/stm32f4xx_hal_rcc.c.obj
                0x080015c4                HAL_RCC_OscConfig
 .text.HAL_RCC_ClockConfig
                0x08001ab4      0x1cc CMakeFiles/test.dir/Drivers/STM32F4xx_HAL_Driver/Src/stm32f4xx_hal_rcc.c.obj
                0x08001ab4                HAL_RCC_ClockConfig
 .text.HAL_RCC_GetSysClockFreq
                0x08001c80      0x18c CMakeFiles/test.dir/Drivers/STM32F4xx_HAL_Driver/Src/stm32f4xx_hal_rcc.c.obj
                0x08001c80                HAL_RCC_GetSysClockFreq
 .text.HAL_RCC_GetHCLKFreq
                0x08001e0c       0x18 CMakeFiles/test.dir/Drivers/STM32F4xx_HAL_Driver/Src/stm32f4xx_hal_rcc.c.obj
                0x08001e0c                HAL_RCC_GetHCLKFreq
 .text.HAL_RCC_GetPCLK1Freq
                0x08001e24       0x28 CMakeFiles/test.dir/Drivers/STM32F4xx_HAL_Driver/Src/stm32f4xx_hal_rcc.c.obj
                0x08001e24                HAL_RCC_GetPCLK1Freq
 .text.HAL_RCC_GetPCLK2Freq
                0x08001e4c       0x28 CMakeFiles/test.dir/Drivers/STM32F4xx_HAL_Driver/Src/stm32f4xx_hal_rcc.c.obj
                0x08001e4c                HAL_RCC_GetPCLK2Freq
 .text.HAL_GPIO_Init
                0x08001e74      0x308 CMakeFiles/test.dir/Drivers/STM32F4xx_HAL_Driver/Src/stm32f4xx_hal_gpio.c.obj
                0x08001e74                HAL_GPIO_Init
 .text.HAL_GPIO_WritePin
                0x0800217c       0x32 CMakeFiles/test.dir/Drivers/STM32F4xx_HAL_Driver/Src/stm32f4xx_hal_gpio.c.obj
                0x0800217c                HAL_GPIO_WritePin
 .text.HAL_DMA_Abort
                0x080021ae       0xe0 CMakeFiles/test.dir/Drivers/STM32F4xx_HAL_Driver/Src/stm32f4xx_hal_dma.c.obj
                0x080021ae                HAL_DMA_Abort
 .text.HAL_DMA_Abort_IT
                0x0800228e       0x44 CMakeFiles/test.dir/Drivers/STM32F4xx_HAL_Driver/Src/stm32f4xx_hal_dma.c.obj
                0x0800228e                HAL_DMA_Abort_IT
 *fill*         0x080022d2        0x2 
 .text.__NVIC_SetPriorityGrouping
                0x080022d4       0x48 CMakeFiles/test.dir/Drivers/STM32F4xx_HAL_Driver/Src/stm32f4xx_hal_cortex.c.obj
 .text.__NVIC_GetPriorityGrouping
                0x0800231c       0x1c CMakeFiles/test.dir/Drivers/STM32F4xx_HAL_Driver/Src/stm32f4xx_hal_cortex.c.obj
 .text.__NVIC_EnableIRQ
                0x08002338       0x3c CMakeFiles/test.dir/Drivers/STM32F4xx_HAL_Driver/Src/stm32f4xx_hal_cortex.c.obj
 .text.__NVIC_SetPriority
                0x08002374       0x54 CMakeFiles/test.dir/Drivers/STM32F4xx_HAL_Driver/Src/stm32f4xx_hal_cortex.c.obj
 .text.NVIC_EncodePriority
                0x080023c8       0x66 CMakeFiles/test.dir/Drivers/STM32F4xx_HAL_Driver/Src/stm32f4xx_hal_cortex.c.obj
 *fill*         0x0800242e        0x2 
 .text.SysTick_Config
                0x08002430       0x44 CMakeFiles/test.dir/Drivers/STM32F4xx_HAL_Driver/Src/stm32f4xx_hal_cortex.c.obj
 .text.HAL_NVIC_SetPriorityGrouping
                0x08002474       0x16 CMakeFiles/test.dir/Drivers/STM32F4xx_HAL_Driver/Src/stm32f4xx_hal_cortex.c.obj
                0x08002474                HAL_NVIC_SetPriorityGrouping
 .text.HAL_NVIC_SetPriority
                0x0800248a       0x38 CMakeFiles/test.dir/Drivers/STM32F4xx_HAL_Driver/Src/stm32f4xx_hal_cortex.c.obj
                0x0800248a                HAL_NVIC_SetPriority
 .text.HAL_NVIC_EnableIRQ
                0x080024c2       0x1c CMakeFiles/test.dir/Drivers/STM32F4xx_HAL_Driver/Src/stm32f4xx_hal_cortex.c.obj
                0x080024c2                HAL_NVIC_EnableIRQ
 .text.HAL_SYSTICK_Config
                0x080024de       0x18 CMakeFiles/test.dir/Drivers/STM32F4xx_HAL_Driver/Src/stm32f4xx_hal_cortex.c.obj
                0x080024de                HAL_SYSTICK_Config
 *fill*         0x080024f6        0x2 
 .text.HAL_Init
                0x080024f8       0x44 CMakeFiles/test.dir/Drivers/STM32F4xx_HAL_Driver/Src/stm32f4xx_hal.c.obj
                0x080024f8                HAL_Init
 .text.HAL_InitTick
                0x0800253c       0x60 CMakeFiles/test.dir/Drivers/STM32F4xx_HAL_Driver/Src/stm32f4xx_hal.c.obj
                0x0800253c                HAL_InitTick
 .text.HAL_IncTick
                0x0800259c       0x28 CMakeFiles/test.dir/Drivers/STM32F4xx_HAL_Driver/Src/stm32f4xx_hal.c.obj
                0x0800259c                HAL_IncTick
 .text.HAL_GetTick
                0x080025c4       0x18 CMakeFiles/test.dir/Drivers/STM32F4xx_HAL_Driver/Src/stm32f4xx_hal.c.obj
                0x080025c4                HAL_GetTick
 .text.HAL_Delay
                0x080025dc       0x48 CMakeFiles/test.dir/Drivers/STM32F4xx_HAL_Driver/Src/stm32f4xx_hal.c.obj
                0x080025dc                HAL_Delay
 .text.HAL_TIM_Base_Init
                0x08002624       0x9e CMakeFiles/test.dir/Drivers/STM32F4xx_HAL_Driver/Src/stm32f4xx_hal_tim.c.obj
                0x08002624                HAL_TIM_Base_Init
 *fill*         0x080026c2        0x2 
 .text.HAL_TIM_Base_Start_IT
                0x080026c4       0xc4 CMakeFiles/test.dir/Drivers/STM32F4xx_HAL_Driver/Src/stm32f4xx_hal_tim.c.obj
                0x080026c4                HAL_TIM_Base_Start_IT
 .text.HAL_TIM_PWM_Init
                0x08002788       0x9e CMakeFiles/test.dir/Drivers/STM32F4xx_HAL_Driver/Src/stm32f4xx_hal_tim.c.obj
                0x08002788                HAL_TIM_PWM_Init
 .text.HAL_TIM_PWM_MspInit
                0x08002826       0x14 CMakeFiles/test.dir/Drivers/STM32F4xx_HAL_Driver/Src/stm32f4xx_hal_tim.c.obj
                0x08002826                HAL_TIM_PWM_MspInit
 *fill*         0x0800283a        0x2 
 .text.HAL_TIM_PWM_Start
                0x0800283c      0x160 CMakeFiles/test.dir/Drivers/STM32F4xx_HAL_Driver/Src/stm32f4xx_hal_tim.c.obj
                0x0800283c                HAL_TIM_PWM_Start
 .text.HAL_TIM_PWM_Stop
                0x0800299c       0xc8 CMakeFiles/test.dir/Drivers/STM32F4xx_HAL_Driver/Src/stm32f4xx_hal_tim.c.obj
                0x0800299c                HAL_TIM_PWM_Stop
 .text.HAL_TIM_PWM_Start_IT
                0x08002a64      0x1fc CMakeFiles/test.dir/Drivers/STM32F4xx_HAL_Driver/Src/stm32f4xx_hal_tim.c.obj
                0x08002a64                HAL_TIM_PWM_Start_IT
 .text.HAL_TIM_PWM_Stop_IT
                0x08002c60      0x164 CMakeFiles/test.dir/Drivers/STM32F4xx_HAL_Driver/Src/stm32f4xx_hal_tim.c.obj
                0x08002c60                HAL_TIM_PWM_Stop_IT
 .text.HAL_TIM_Encoder_Init
                0x08002dc4      0x14c CMakeFiles/test.dir/Drivers/STM32F4xx_HAL_Driver/Src/stm32f4xx_hal_tim.c.obj
                0x08002dc4                HAL_TIM_Encoder_Init
 .text.HAL_TIM_IRQHandler
                0x08002f10      0x1e0 CMakeFiles/test.dir/Drivers/STM32F4xx_HAL_Driver/Src/stm32f4xx_hal_tim.c.obj
                0x08002f10                HAL_TIM_IRQHandler
 .text.HAL_TIM_PWM_ConfigChannel
                0x080030f0      0x184 CMakeFiles/test.dir/Drivers/STM32F4xx_HAL_Driver/Src/stm32f4xx_hal_tim.c.obj
                0x080030f0                HAL_TIM_PWM_ConfigChannel
 .text.HAL_TIM_ConfigClockSource
                0x08003274      0x18e CMakeFiles/test.dir/Drivers/STM32F4xx_HAL_Driver/Src/stm32f4xx_hal_tim.c.obj
                0x08003274                HAL_TIM_ConfigClockSource
 .text.HAL_TIM_OC_DelayElapsedCallback
                0x08003402       0x14 CMakeFiles/test.dir/Drivers/STM32F4xx_HAL_Driver/Src/stm32f4xx_hal_tim.c.obj
                0x08003402                HAL_TIM_OC_DelayElapsedCallback
 .text.HAL_TIM_IC_CaptureCallback
                0x08003416       0x14 CMakeFiles/test.dir/Drivers/STM32F4xx_HAL_Driver/Src/stm32f4xx_hal_tim.c.obj
                0x08003416                HAL_TIM_IC_CaptureCallback
 .text.HAL_TIM_TriggerCallback
                0x0800342a       0x14 CMakeFiles/test.dir/Drivers/STM32F4xx_HAL_Driver/Src/stm32f4xx_hal_tim.c.obj
                0x0800342a                HAL_TIM_TriggerCallback
 *fill*         0x0800343e        0x2 
 .text.TIM_Base_SetConfig
                0x08003440      0x118 CMakeFiles/test.dir/Drivers/STM32F4xx_HAL_Driver/Src/stm32f4xx_hal_tim.c.obj
                0x08003440                TIM_Base_SetConfig
 .text.TIM_OC1_SetConfig
                0x08003558       0xcc CMakeFiles/test.dir/Drivers/STM32F4xx_HAL_Driver/Src/stm32f4xx_hal_tim.c.obj
 .text.TIM_OC2_SetConfig
                0x08003624       0xd8 CMakeFiles/test.dir/Drivers/STM32F4xx_HAL_Driver/Src/stm32f4xx_hal_tim.c.obj
                0x08003624                TIM_OC2_SetConfig
 .text.TIM_OC3_SetConfig
                0x080036fc       0xd4 CMakeFiles/test.dir/Drivers/STM32F4xx_HAL_Driver/Src/stm32f4xx_hal_tim.c.obj
 .text.TIM_OC4_SetConfig
                0x080037d0       0xa0 CMakeFiles/test.dir/Drivers/STM32F4xx_HAL_Driver/Src/stm32f4xx_hal_tim.c.obj
 .text.TIM_TI1_ConfigInputStage
                0x08003870       0x5e CMakeFiles/test.dir/Drivers/STM32F4xx_HAL_Driver/Src/stm32f4xx_hal_tim.c.obj
 .text.TIM_TI2_ConfigInputStage
                0x080038ce       0x60 CMakeFiles/test.dir/Drivers/STM32F4xx_HAL_Driver/Src/stm32f4xx_hal_tim.c.obj
 .text.TIM_ITRx_SetConfig
                0x0800392e       0x36 CMakeFiles/test.dir/Drivers/STM32F4xx_HAL_Driver/Src/stm32f4xx_hal_tim.c.obj
 .text.TIM_ETR_SetConfig
                0x08003964       0x40 CMakeFiles/test.dir/Drivers/STM32F4xx_HAL_Driver/Src/stm32f4xx_hal_tim.c.obj
                0x08003964                TIM_ETR_SetConfig
 .text.TIM_CCxChannelCmd
                0x080039a4       0x4a CMakeFiles/test.dir/Drivers/STM32F4xx_HAL_Driver/Src/stm32f4xx_hal_tim.c.obj
                0x080039a4                TIM_CCxChannelCmd
 *fill*         0x080039ee        0x2 
 .text.HAL_TIMEx_MasterConfigSynchronization
                0x080039f0       0xdc CMakeFiles/test.dir/Drivers/STM32F4xx_HAL_Driver/Src/stm32f4xx_hal_tim_ex.c.obj
                0x080039f0                HAL_TIMEx_MasterConfigSynchronization
 .text.HAL_TIMEx_CommutCallback
                0x08003acc       0x14 CMakeFiles/test.dir/Drivers/STM32F4xx_HAL_Driver/Src/stm32f4xx_hal_tim_ex.c.obj
                0x08003acc                HAL_TIMEx_CommutCallback
 .text.HAL_TIMEx_BreakCallback
                0x08003ae0       0x14 CMakeFiles/test.dir/Drivers/STM32F4xx_HAL_Driver/Src/stm32f4xx_hal_tim_ex.c.obj
                0x08003ae0                HAL_TIMEx_BreakCallback
 .text.HAL_UART_Init
                0x08003af4       0xa0 CMakeFiles/test.dir/Drivers/STM32F4xx_HAL_Driver/Src/stm32f4xx_hal_uart.c.obj
                0x08003af4                HAL_UART_Init
 .text.HAL_UART_IRQHandler
                0x08003b94      0x524 CMakeFiles/test.dir/Drivers/STM32F4xx_HAL_Driver/Src/stm32f4xx_hal_uart.c.obj
                0x08003b94                HAL_UART_IRQHandler
 .text.HAL_UART_TxCpltCallback
                0x080040b8       0x14 CMakeFiles/test.dir/Drivers/STM32F4xx_HAL_Driver/Src/stm32f4xx_hal_uart.c.obj
                0x080040b8                HAL_UART_TxCpltCallback
 .text.HAL_UART_RxCpltCallback
                0x080040cc       0x14 CMakeFiles/test.dir/Drivers/STM32F4xx_HAL_Driver/Src/stm32f4xx_hal_uart.c.obj
                0x080040cc                HAL_UART_RxCpltCallback
 .text.HAL_UART_ErrorCallback
                0x080040e0       0x14 CMakeFiles/test.dir/Drivers/STM32F4xx_HAL_Driver/Src/stm32f4xx_hal_uart.c.obj
                0x080040e0                HAL_UART_ErrorCallback
 .text.HAL_UARTEx_RxEventCallback
                0x080040f4       0x18 CMakeFiles/test.dir/Drivers/STM32F4xx_HAL_Driver/Src/stm32f4xx_hal_uart.c.obj
                0x080040f4                HAL_UARTEx_RxEventCallback
 .text.UART_EndRxTransfer
                0x0800410c       0xc6 CMakeFiles/test.dir/Drivers/STM32F4xx_HAL_Driver/Src/stm32f4xx_hal_uart.c.obj
 .text.UART_DMAAbortOnError
                0x080041d2       0x28 CMakeFiles/test.dir/Drivers/STM32F4xx_HAL_Driver/Src/stm32f4xx_hal_uart.c.obj
 .text.UART_Transmit_IT
                0x080041fa       0xa0 CMakeFiles/test.dir/Drivers/STM32F4xx_HAL_Driver/Src/stm32f4xx_hal_uart.c.obj
 .text.UART_EndTransmit_IT
                0x0800429a       0x30 CMakeFiles/test.dir/Drivers/STM32F4xx_HAL_Driver/Src/stm32f4xx_hal_uart.c.obj
 .text.UART_Receive_IT
                0x080042ca      0x17c CMakeFiles/test.dir/Drivers/STM32F4xx_HAL_Driver/Src/stm32f4xx_hal_uart.c.obj
 *fill*         0x08004446        0x2 
 .text.UART_SetConfig
                0x08004448      0x4e8 CMakeFiles/test.dir/Drivers/STM32F4xx_HAL_Driver/Src/stm32f4xx_hal_uart.c.obj
 .text.SystemInit
                0x08004930       0x24 CMakeFiles/test.dir/Core/Src/system_stm32f4xx.c.obj
                0x08004930                SystemInit
 .text._sbrk    0x08004954       0x6c CMakeFiles/test.dir/Core/Src/sysmem.c.obj
                0x08004954                _sbrk
 .text._read    0x080049c0       0x3a CMakeFiles/test.dir/Core/Src/syscalls.c.obj
                0x080049c0                _read
 .text._write   0x080049fa       0x38 CMakeFiles/test.dir/Core/Src/syscalls.c.obj
                0x080049fa                _write
 .text._close   0x08004a32       0x18 CMakeFiles/test.dir/Core/Src/syscalls.c.obj
                0x08004a32                _close
 .text._fstat   0x08004a4a       0x20 CMakeFiles/test.dir/Core/Src/syscalls.c.obj
                0x08004a4a                _fstat
 .text._isatty  0x08004a6a       0x16 CMakeFiles/test.dir/Core/Src/syscalls.c.obj
                0x08004a6a                _isatty
 .text._lseek   0x08004a80       0x1a CMakeFiles/test.dir/Core/Src/syscalls.c.obj
                0x08004a80                _lseek
 *fill*         0x08004a9a        0x2 
 .text.Reset_Handler
                0x08004a9c       0x50 CMakeFiles/test.dir/startup_stm32f401xc.s.obj
                0x08004a9c                Reset_Handler
 .text.Default_Handler
                0x08004aec        0x2 CMakeFiles/test.dir/startup_stm32f401xc.s.obj
                0x08004aec                RTC_Alarm_IRQHandler
                0x08004aec                EXTI2_IRQHandler
                0x08004aec                SPI4_IRQHandler
                0x08004aec                TIM1_CC_IRQHandler
                0x08004aec                DMA2_Stream5_IRQHandler
                0x08004aec                DMA1_Stream5_IRQHandler
                0x08004aec                PVD_IRQHandler
                0x08004aec                SDIO_IRQHandler
                0x08004aec                TAMP_STAMP_IRQHandler
                0x08004aec                EXTI3_IRQHandler
                0x08004aec                I2C3_ER_IRQHandler
                0x08004aec                EXTI0_IRQHandler
                0x08004aec                I2C2_EV_IRQHandler
                0x08004aec                DMA1_Stream2_IRQHandler
                0x08004aec                FPU_IRQHandler
                0x08004aec                DMA2_Stream2_IRQHandler
                0x08004aec                SPI1_IRQHandler
                0x08004aec                TIM1_BRK_TIM9_IRQHandler
                0x08004aec                DMA2_Stream3_IRQHandler
                0x08004aec                USART6_IRQHandler
                0x08004aec                DMA2_Stream0_IRQHandler
                0x08004aec                TIM4_IRQHandler
                0x08004aec                I2C1_EV_IRQHandler
                0x08004aec                DMA1_Stream6_IRQHandler
                0x08004aec                DMA1_Stream1_IRQHandler
                0x08004aec                TIM3_IRQHandler
                0x08004aec                RCC_IRQHandler
                0x08004aec                Default_Handler
                0x08004aec                EXTI15_10_IRQHandler
                0x08004aec                ADC_IRQHandler
                0x08004aec                DMA1_Stream7_IRQHandler
                0x08004aec                DMA2_Stream7_IRQHandler
                0x08004aec                I2C3_EV_IRQHandler
                0x08004aec                EXTI9_5_IRQHandler
                0x08004aec                RTC_WKUP_IRQHandler
                0x08004aec                SPI2_IRQHandler
                0x08004aec                DMA1_Stream0_IRQHandler
                0x08004aec                EXTI4_IRQHandler
                0x08004aec                WWDG_IRQHandler
                0x08004aec                TIM2_IRQHandler
                0x08004aec                OTG_FS_WKUP_IRQHandler
                0x08004aec                TIM1_TRG_COM_TIM11_IRQHandler
                0x08004aec                EXTI1_IRQHandler
                0x08004aec                USART2_IRQHandler
                0x08004aec                I2C2_ER_IRQHandler
                0x08004aec                DMA2_Stream1_IRQHandler
                0x08004aec                FLASH_IRQHandler
                0x08004aec                DMA2_Stream4_IRQHandler
                0x08004aec                OTG_FS_IRQHandler
                0x08004aec                SPI3_IRQHandler
                0x08004aec                DMA1_Stream4_IRQHandler
                0x08004aec                I2C1_ER_IRQHandler
                0x08004aec                DMA2_Stream6_IRQHandler
                0x08004aec                DMA1_Stream3_IRQHandler
 *fill*         0x08004aee        0x2 
 .text.__errno  0x08004af0        0xc d:/clion/gcc-arm-none-eabi-10.3-2021.10-win32/gcc-arm-none-eabi-10.3-2021.10/bin/../lib/gcc/arm-none-eabi/10.3.1/../../../../arm-none-eabi/lib/thumb/v7e-m+fp/hard\libg_nano.a(lib_a-errno.o)
                0x08004af0                __errno
 .text._puts_r  0x08004afc       0xdc d:/clion/gcc-arm-none-eabi-10.3-2021.10-win32/gcc-arm-none-eabi-10.3-2021.10/bin/../lib/gcc/arm-none-eabi/10.3.1/../../../../arm-none-eabi/lib/thumb/v7e-m+fp/hard\libg_nano.a(lib_a-puts.o)
                0x08004afc                _puts_r
 .text.puts     0x08004bd8       0x10 d:/clion/gcc-arm-none-eabi-10.3-2021.10-win32/gcc-arm-none-eabi-10.3-2021.10/bin/../lib/gcc/arm-none-eabi/10.3.1/../../../../arm-none-eabi/lib/thumb/v7e-m+fp/hard\libg_nano.a(lib_a-puts.o)
                0x08004bd8                puts
 .text.__swbuf_r
                0x08004be8       0xa4 d:/clion/gcc-arm-none-eabi-10.3-2021.10-win32/gcc-arm-none-eabi-10.3-2021.10/bin/../lib/gcc/arm-none-eabi/10.3.1/../../../../arm-none-eabi/lib/thumb/v7e-m+fp/hard\libg_nano.a(lib_a-wbuf.o)
                0x08004be8                __swbuf_r
 .text.__swsetup_r
                0x08004c8c       0xdc d:/clion/gcc-arm-none-eabi-10.3-2021.10-win32/gcc-arm-none-eabi-10.3-2021.10/bin/../lib/gcc/arm-none-eabi/10.3.1/../../../../arm-none-eabi/lib/thumb/v7e-m+fp/hard\libg_nano.a(lib_a-wsetup.o)
                0x08004c8c                __swsetup_r
 .text.__sflush_r
                0x08004d68      0x10c d:/clion/gcc-arm-none-eabi-10.3-2021.10-win32/gcc-arm-none-eabi-10.3-2021.10/bin/../lib/gcc/arm-none-eabi/10.3.1/../../../../arm-none-eabi/lib/thumb/v7e-m+fp/hard\libg_nano.a(lib_a-fflush.o)
                0x08004d68                __sflush_r
 .text._fflush_r
                0x08004e74       0x78 d:/clion/gcc-arm-none-eabi-10.3-2021.10-win32/gcc-arm-none-eabi-10.3-2021.10/bin/../lib/gcc/arm-none-eabi/10.3.1/../../../../arm-none-eabi/lib/thumb/v7e-m+fp/hard\libg_nano.a(lib_a-fflush.o)
                0x08004e74                _fflush_r
 .text.std      0x08004eec       0x48 d:/clion/gcc-arm-none-eabi-10.3-2021.10-win32/gcc-arm-none-eabi-10.3-2021.10/bin/../lib/gcc/arm-none-eabi/10.3.1/../../../../arm-none-eabi/lib/thumb/v7e-m+fp/hard\libg_nano.a(lib_a-findfp.o)
 .text._cleanup_r
                0x08004f34        0xc d:/clion/gcc-arm-none-eabi-10.3-2021.10-win32/gcc-arm-none-eabi-10.3-2021.10/bin/../lib/gcc/arm-none-eabi/10.3.1/../../../../arm-none-eabi/lib/thumb/v7e-m+fp/hard\libg_nano.a(lib_a-findfp.o)
                0x08004f34                _cleanup_r
 .text.__sfmoreglue
                0x08004f40       0x2c d:/clion/gcc-arm-none-eabi-10.3-2021.10-win32/gcc-arm-none-eabi-10.3-2021.10/bin/../lib/gcc/arm-none-eabi/10.3.1/../../../../arm-none-eabi/lib/thumb/v7e-m+fp/hard\libg_nano.a(lib_a-findfp.o)
                0x08004f40                __sfmoreglue
 .text.__sfp_lock_acquire
                0x08004f6c        0xc d:/clion/gcc-arm-none-eabi-10.3-2021.10-win32/gcc-arm-none-eabi-10.3-2021.10/bin/../lib/gcc/arm-none-eabi/10.3.1/../../../../arm-none-eabi/lib/thumb/v7e-m+fp/hard\libg_nano.a(lib_a-findfp.o)
                0x08004f6c                __sfp_lock_acquire
 .text.__sfp_lock_release
                0x08004f78        0xc d:/clion/gcc-arm-none-eabi-10.3-2021.10-win32/gcc-arm-none-eabi-10.3-2021.10/bin/../lib/gcc/arm-none-eabi/10.3.1/../../../../arm-none-eabi/lib/thumb/v7e-m+fp/hard\libg_nano.a(lib_a-findfp.o)
                0x08004f78                __sfp_lock_release
 .text.__sinit_lock_acquire
                0x08004f84        0xc d:/clion/gcc-arm-none-eabi-10.3-2021.10-win32/gcc-arm-none-eabi-10.3-2021.10/bin/../lib/gcc/arm-none-eabi/10.3.1/../../../../arm-none-eabi/lib/thumb/v7e-m+fp/hard\libg_nano.a(lib_a-findfp.o)
                0x08004f84                __sinit_lock_acquire
 .text.__sinit_lock_release
                0x08004f90        0xc d:/clion/gcc-arm-none-eabi-10.3-2021.10-win32/gcc-arm-none-eabi-10.3-2021.10/bin/../lib/gcc/arm-none-eabi/10.3.1/../../../../arm-none-eabi/lib/thumb/v7e-m+fp/hard\libg_nano.a(lib_a-findfp.o)
                0x08004f90                __sinit_lock_release
 .text.__sinit  0x08004f9c       0x70 d:/clion/gcc-arm-none-eabi-10.3-2021.10-win32/gcc-arm-none-eabi-10.3-2021.10/bin/../lib/gcc/arm-none-eabi/10.3.1/../../../../arm-none-eabi/lib/thumb/v7e-m+fp/hard\libg_nano.a(lib_a-findfp.o)
                0x08004f9c                __sinit
 .text.__sfp    0x0800500c       0x8c d:/clion/gcc-arm-none-eabi-10.3-2021.10-win32/gcc-arm-none-eabi-10.3-2021.10/bin/../lib/gcc/arm-none-eabi/10.3.1/../../../../arm-none-eabi/lib/thumb/v7e-m+fp/hard\libg_nano.a(lib_a-findfp.o)
                0x0800500c                __sfp
 .text._fwalk_reent
                0x08005098       0x3e d:/clion/gcc-arm-none-eabi-10.3-2021.10-win32/gcc-arm-none-eabi-10.3-2021.10/bin/../lib/gcc/arm-none-eabi/10.3.1/../../../../arm-none-eabi/lib/thumb/v7e-m+fp/hard\libg_nano.a(lib_a-fwalk.o)
                0x08005098                _fwalk_reent
 .text.__retarget_lock_init_recursive
                0x080050d6        0x2 d:/clion/gcc-arm-none-eabi-10.3-2021.10-win32/gcc-arm-none-eabi-10.3-2021.10/bin/../lib/gcc/arm-none-eabi/10.3.1/../../../../arm-none-eabi/lib/thumb/v7e-m+fp/hard\libg_nano.a(lib_a-lock.o)
                0x080050d6                __retarget_lock_init_recursive
 .text.__retarget_lock_acquire_recursive
                0x080050d8        0x2 d:/clion/gcc-arm-none-eabi-10.3-2021.10-win32/gcc-arm-none-eabi-10.3-2021.10/bin/../lib/gcc/arm-none-eabi/10.3.1/../../../../arm-none-eabi/lib/thumb/v7e-m+fp/hard\libg_nano.a(lib_a-lock.o)
                0x080050d8                __retarget_lock_acquire_recursive
 .text.__retarget_lock_release_recursive
                0x080050da        0x2 d:/clion/gcc-arm-none-eabi-10.3-2021.10-win32/gcc-arm-none-eabi-10.3-2021.10/bin/../lib/gcc/arm-none-eabi/10.3.1/../../../../arm-none-eabi/lib/thumb/v7e-m+fp/hard\libg_nano.a(lib_a-lock.o)
                0x080050da                __retarget_lock_release_recursive
 .text.__swhatbuf_r
                0x080050dc       0x4a d:/clion/gcc-arm-none-eabi-10.3-2021.10-win32/gcc-arm-none-eabi-10.3-2021.10/bin/../lib/gcc/arm-none-eabi/10.3.1/../../../../arm-none-eabi/lib/thumb/v7e-m+fp/hard\libg_nano.a(lib_a-makebuf.o)
                0x080050dc                __swhatbuf_r
 *fill*         0x08005126        0x2 
 .text.__smakebuf_r
                0x08005128       0x80 d:/clion/gcc-arm-none-eabi-10.3-2021.10-win32/gcc-arm-none-eabi-10.3-2021.10/bin/../lib/gcc/arm-none-eabi/10.3.1/../../../../arm-none-eabi/lib/thumb/v7e-m+fp/hard\libg_nano.a(lib_a-makebuf.o)
                0x08005128                __smakebuf_r
 .text._free_r  0x080051a8       0x98 d:/clion/gcc-arm-none-eabi-10.3-2021.10-win32/gcc-arm-none-eabi-10.3-2021.10/bin/../lib/gcc/arm-none-eabi/10.3.1/../../../../arm-none-eabi/lib/thumb/v7e-m+fp/hard\libg_nano.a(lib_a-nano-freer.o)
                0x080051a8                _free_r
 .text.sbrk_aligned
                0x08005240       0x40 d:/clion/gcc-arm-none-eabi-10.3-2021.10-win32/gcc-arm-none-eabi-10.3-2021.10/bin/../lib/gcc/arm-none-eabi/10.3.1/../../../../arm-none-eabi/lib/thumb/v7e-m+fp/hard\libg_nano.a(lib_a-nano-mallocr.o)
 .text._malloc_r
                0x08005280       0xe8 d:/clion/gcc-arm-none-eabi-10.3-2021.10-win32/gcc-arm-none-eabi-10.3-2021.10/bin/../lib/gcc/arm-none-eabi/10.3.1/../../../../arm-none-eabi/lib/thumb/v7e-m+fp/hard\libg_nano.a(lib_a-nano-mallocr.o)
                0x08005280                _malloc_r
 .text._sbrk_r  0x08005368       0x20 d:/clion/gcc-arm-none-eabi-10.3-2021.10-win32/gcc-arm-none-eabi-10.3-2021.10/bin/../lib/gcc/arm-none-eabi/10.3.1/../../../../arm-none-eabi/lib/thumb/v7e-m+fp/hard\libg_nano.a(lib_a-sbrkr.o)
                0x08005368                _sbrk_r
 .text.__sread  0x08005388       0x22 d:/clion/gcc-arm-none-eabi-10.3-2021.10-win32/gcc-arm-none-eabi-10.3-2021.10/bin/../lib/gcc/arm-none-eabi/10.3.1/../../../../arm-none-eabi/lib/thumb/v7e-m+fp/hard\libg_nano.a(lib_a-stdio.o)
                0x08005388                __sread
 .text.__swrite
                0x080053aa       0x38 d:/clion/gcc-arm-none-eabi-10.3-2021.10-win32/gcc-arm-none-eabi-10.3-2021.10/bin/../lib/gcc/arm-none-eabi/10.3.1/../../../../arm-none-eabi/lib/thumb/v7e-m+fp/hard\libg_nano.a(lib_a-stdio.o)
                0x080053aa                __swrite
 .text.__sseek  0x080053e2       0x24 d:/clion/gcc-arm-none-eabi-10.3-2021.10-win32/gcc-arm-none-eabi-10.3-2021.10/bin/../lib/gcc/arm-none-eabi/10.3.1/../../../../arm-none-eabi/lib/thumb/v7e-m+fp/hard\libg_nano.a(lib_a-stdio.o)
                0x080053e2                __sseek
 .text.__sclose
                0x08005406        0x8 d:/clion/gcc-arm-none-eabi-10.3-2021.10-win32/gcc-arm-none-eabi-10.3-2021.10/bin/../lib/gcc/arm-none-eabi/10.3.1/../../../../arm-none-eabi/lib/thumb/v7e-m+fp/hard\libg_nano.a(lib_a-stdio.o)
                0x08005406                __sclose
 *fill*         0x0800540e        0x2 
 .text._write_r
                0x08005410       0x24 d:/clion/gcc-arm-none-eabi-10.3-2021.10-win32/gcc-arm-none-eabi-10.3-2021.10/bin/../lib/gcc/arm-none-eabi/10.3.1/../../../../arm-none-eabi/lib/thumb/v7e-m+fp/hard\libg_nano.a(lib_a-writer.o)
                0x08005410                _write_r
 .text._close_r
                0x08005434       0x20 d:/clion/gcc-arm-none-eabi-10.3-2021.10-win32/gcc-arm-none-eabi-10.3-2021.10/bin/../lib/gcc/arm-none-eabi/10.3.1/../../../../arm-none-eabi/lib/thumb/v7e-m+fp/hard\libg_nano.a(lib_a-closer.o)
                0x08005434                _close_r
 .text._fstat_r
                0x08005454       0x24 d:/clion/gcc-arm-none-eabi-10.3-2021.10-win32/gcc-arm-none-eabi-10.3-2021.10/bin/../lib/gcc/arm-none-eabi/10.3.1/../../../../arm-none-eabi/lib/thumb/v7e-m+fp/hard\libg_nano.a(lib_a-fstatr.o)
                0x08005454                _fstat_r
 .text._isatty_r
                0x08005478       0x20 d:/clion/gcc-arm-none-eabi-10.3-2021.10-win32/gcc-arm-none-eabi-10.3-2021.10/bin/../lib/gcc/arm-none-eabi/10.3.1/../../../../arm-none-eabi/lib/thumb/v7e-m+fp/hard\libg_nano.a(lib_a-isattyr.o)
                0x08005478                _isatty_r
 .text._lseek_r
                0x08005498       0x24 d:/clion/gcc-arm-none-eabi-10.3-2021.10-win32/gcc-arm-none-eabi-10.3-2021.10/bin/../lib/gcc/arm-none-eabi/10.3.1/../../../../arm-none-eabi/lib/thumb/v7e-m+fp/hard\libg_nano.a(lib_a-lseekr.o)
                0x08005498                _lseek_r
 .text.__malloc_lock
                0x080054bc        0xc d:/clion/gcc-arm-none-eabi-10.3-2021.10-win32/gcc-arm-none-eabi-10.3-2021.10/bin/../lib/gcc/arm-none-eabi/10.3.1/../../../../arm-none-eabi/lib/thumb/v7e-m+fp/hard\libg_nano.a(lib_a-mlock.o)
                0x080054bc                __malloc_lock
 .text.__malloc_unlock
                0x080054c8        0xc d:/clion/gcc-arm-none-eabi-10.3-2021.10-win32/gcc-arm-none-eabi-10.3-2021.10/bin/../lib/gcc/arm-none-eabi/10.3.1/../../../../arm-none-eabi/lib/thumb/v7e-m+fp/hard\libg_nano.a(lib_a-mlock.o)
                0x080054c8                __malloc_unlock
 .text._read_r  0x080054d4       0x24 d:/clion/gcc-arm-none-eabi-10.3-2021.10-win32/gcc-arm-none-eabi-10.3-2021.10/bin/../lib/gcc/arm-none-eabi/10.3.1/../../../../arm-none-eabi/lib/thumb/v7e-m+fp/hard\libg_nano.a(lib_a-readr.o)
                0x080054d4                _read_r
 *(.glue_7)
 .glue_7        0x080054f8        0x0 linker stubs
 *(.glue_7t)
 .glue_7t       0x080054f8        0x0 linker stubs
 *(.eh_frame)
 .eh_frame      0x080054f8        0x0 d:/clion/gcc-arm-none-eabi-10.3-2021.10-win32/gcc-arm-none-eabi-10.3-2021.10/bin/../lib/gcc/arm-none-eabi/10.3.1/thumb/v7e-m+fp/hard/crtbegin.o
 *(.init)
 .init          0x080054f8        0x4 d:/clion/gcc-arm-none-eabi-10.3-2021.10-win32/gcc-arm-none-eabi-10.3-2021.10/bin/../lib/gcc/arm-none-eabi/10.3.1/thumb/v7e-m+fp/hard/crti.o
                0x080054f8                _init
 .init          0x080054fc        0x8 d:/clion/gcc-arm-none-eabi-10.3-2021.10-win32/gcc-arm-none-eabi-10.3-2021.10/bin/../lib/gcc/arm-none-eabi/10.3.1/thumb/v7e-m+fp/hard/crtn.o
 *(.fini)
 .fini          0x08005504        0x4 d:/clion/gcc-arm-none-eabi-10.3-2021.10-win32/gcc-arm-none-eabi-10.3-2021.10/bin/../lib/gcc/arm-none-eabi/10.3.1/thumb/v7e-m+fp/hard/crti.o
                0x08005504                _fini
 .fini          0x08005508        0x8 d:/clion/gcc-arm-none-eabi-10.3-2021.10-win32/gcc-arm-none-eabi-10.3-2021.10/bin/../lib/gcc/arm-none-eabi/10.3.1/thumb/v7e-m+fp/hard/crtn.o
                0x08005510                . = ALIGN (0x4)
                0x08005510                _etext = .

.vfp11_veneer   0x08005510        0x0
 .vfp11_veneer  0x08005510        0x0 linker stubs

.v4_bx          0x08005510        0x0
 .v4_bx         0x08005510        0x0 linker stubs

.iplt           0x08005510        0x0
 .iplt          0x08005510        0x0 d:/clion/gcc-arm-none-eabi-10.3-2021.10-win32/gcc-arm-none-eabi-10.3-2021.10/bin/../lib/gcc/arm-none-eabi/10.3.1/thumb/v7e-m+fp/hard/crtbegin.o

.rodata         0x08005510       0x84
                0x08005510                . = ALIGN (0x4)
 *(.rodata)
 .rodata        0x08005510        0x7 CMakeFiles/test.dir/Core/Src/main.c.obj
 *(.rodata*)
 *fill*         0x08005517        0x1 
 .rodata._global_impure_ptr
                0x08005518        0x4 d:/clion/gcc-arm-none-eabi-10.3-2021.10-win32/gcc-arm-none-eabi-10.3-2021.10/bin/../lib/gcc/arm-none-eabi/10.3.1/../../../../arm-none-eabi/lib/thumb/v7e-m+fp/hard\libc_nano.a(lib_a-impure.o)
                0x08005518                _global_impure_ptr
 .rodata.AHBPrescTable
                0x0800551c       0x10 CMakeFiles/test.dir/Core/Src/system_stm32f4xx.c.obj
                0x0800551c                AHBPrescTable
 .rodata.APBPrescTable
                0x0800552c        0x8 CMakeFiles/test.dir/Core/Src/system_stm32f4xx.c.obj
                0x0800552c                APBPrescTable
 .rodata.__sf_fake_stderr
                0x08005534       0x20 d:/clion/gcc-arm-none-eabi-10.3-2021.10-win32/gcc-arm-none-eabi-10.3-2021.10/bin/../lib/gcc/arm-none-eabi/10.3.1/../../../../arm-none-eabi/lib/thumb/v7e-m+fp/hard\libg_nano.a(lib_a-findfp.o)
                0x08005534                __sf_fake_stderr
 .rodata.__sf_fake_stdin
                0x08005554       0x20 d:/clion/gcc-arm-none-eabi-10.3-2021.10-win32/gcc-arm-none-eabi-10.3-2021.10/bin/../lib/gcc/arm-none-eabi/10.3.1/../../../../arm-none-eabi/lib/thumb/v7e-m+fp/hard\libg_nano.a(lib_a-findfp.o)
                0x08005554                __sf_fake_stdin
 .rodata.__sf_fake_stdout
                0x08005574       0x20 d:/clion/gcc-arm-none-eabi-10.3-2021.10-win32/gcc-arm-none-eabi-10.3-2021.10/bin/../lib/gcc/arm-none-eabi/10.3.1/../../../../arm-none-eabi/lib/thumb/v7e-m+fp/hard\libg_nano.a(lib_a-findfp.o)
                0x08005574                __sf_fake_stdout
                0x08005594                . = ALIGN (0x4)

.ARM.extab
 *(.ARM.extab* .gnu.linkonce.armextab.*)

.ARM            0x08005594        0x8
                0x08005594                __exidx_start = .
 *(.ARM.exidx*)
 .ARM.exidx     0x08005594        0x8 d:/clion/gcc-arm-none-eabi-10.3-2021.10-win32/gcc-arm-none-eabi-10.3-2021.10/bin/../lib/gcc/arm-none-eabi/10.3.1/thumb/v7e-m+fp/hard\libgcc.a(_udivmoddi4.o)
                0x0800559c                __exidx_end = .

.rel.dyn        0x0800559c        0x0
 .rel.iplt      0x0800559c        0x0 d:/clion/gcc-arm-none-eabi-10.3-2021.10-win32/gcc-arm-none-eabi-10.3-2021.10/bin/../lib/gcc/arm-none-eabi/10.3.1/thumb/v7e-m+fp/hard/crtbegin.o

.preinit_array  0x0800559c        0x0
                0x0800559c                PROVIDE (__preinit_array_start = .)
 *(.preinit_array*)
                0x0800559c                PROVIDE (__preinit_array_end = .)

.init_array     0x0800559c        0x4
                0x0800559c                PROVIDE (__init_array_start = .)
 *(SORT_BY_NAME(.init_array.*))
 *(.init_array*)
 .init_array    0x0800559c        0x4 d:/clion/gcc-arm-none-eabi-10.3-2021.10-win32/gcc-arm-none-eabi-10.3-2021.10/bin/../lib/gcc/arm-none-eabi/10.3.1/thumb/v7e-m+fp/hard/crtbegin.o
                0x080055a0                PROVIDE (__init_array_end = .)

.fini_array     0x080055a0        0x4
                [!provide]                PROVIDE (__fini_array_start = .)
 *(SORT_BY_NAME(.fini_array.*))
 *(.fini_array*)
 .fini_array    0x080055a0        0x4 d:/clion/gcc-arm-none-eabi-10.3-2021.10-win32/gcc-arm-none-eabi-10.3-2021.10/bin/../lib/gcc/arm-none-eabi/10.3.1/thumb/v7e-m+fp/hard/crtbegin.o
                [!provide]                PROVIDE (__fini_array_end = .)
                0x080055a4                _sidata = LOADADDR (.data)

.data           0x20000000       0xa8 load address 0x080055a4
                0x20000000                . = ALIGN (0x4)
                0x20000000                _sdata = .
 *(.data)
 *(.data*)
 .data._impure_ptr
                0x20000000        0x4 d:/clion/gcc-arm-none-eabi-10.3-2021.10-win32/gcc-arm-none-eabi-10.3-2021.10/bin/../lib/gcc/arm-none-eabi/10.3.1/../../../../arm-none-eabi/lib/thumb/v7e-m+fp/hard\libc_nano.a(lib_a-impure.o)
                0x20000000                _impure_ptr
 .data.impure_data
                0x20000004       0x60 d:/clion/gcc-arm-none-eabi-10.3-2021.10-win32/gcc-arm-none-eabi-10.3-2021.10/bin/../lib/gcc/arm-none-eabi/10.3.1/../../../../arm-none-eabi/lib/thumb/v7e-m+fp/hard\libc_nano.a(lib_a-impure.o)
 .data.stepm    0x20000064       0x38 CMakeFiles/test.dir/Core/Src/Hardware/step_motor/step_motor.c.obj
                0x20000064                stepm
 .data.uwTickPrio
                0x2000009c        0x4 CMakeFiles/test.dir/Drivers/STM32F4xx_HAL_Driver/Src/stm32f4xx_hal.c.obj
                0x2000009c                uwTickPrio
 .data.uwTickFreq
                0x200000a0        0x1 CMakeFiles/test.dir/Drivers/STM32F4xx_HAL_Driver/Src/stm32f4xx_hal.c.obj
                0x200000a0                uwTickFreq
 *fill*         0x200000a1        0x3 
 .data.SystemCoreClock
                0x200000a4        0x4 CMakeFiles/test.dir/Core/Src/system_stm32f4xx.c.obj
                0x200000a4                SystemCoreClock
                0x200000a8                . = ALIGN (0x4)
                0x200000a8                _edata = .

.igot.plt       0x200000a8        0x0 load address 0x0800564c
 .igot.plt      0x200000a8        0x0 d:/clion/gcc-arm-none-eabi-10.3-2021.10-win32/gcc-arm-none-eabi-10.3-2021.10/bin/../lib/gcc/arm-none-eabi/10.3.1/thumb/v7e-m+fp/hard/crtbegin.o
                0x200000a8                . = ALIGN (0x4)

.bss            0x200000a8      0x1e0 load address 0x0800564c
                0x200000a8                _sbss = .
                0x200000a8                __bss_start__ = _sbss
 *(.bss)
 .bss           0x200000a8       0x1c d:/clion/gcc-arm-none-eabi-10.3-2021.10-win32/gcc-arm-none-eabi-10.3-2021.10/bin/../lib/gcc/arm-none-eabi/10.3.1/thumb/v7e-m+fp/hard/crtbegin.o
 *(.bss*)
 .bss.stepmotorhws
                0x200000c4       0x44 CMakeFiles/test.dir/Core/Src/Hardware/step_motor/step_motor.c.obj
                0x200000c4                stepmotorhws
 .bss.htim3     0x20000108       0x48 CMakeFiles/test.dir/Core/Src/tim.c.obj
                0x20000108                htim3
 .bss.htim4     0x20000150       0x48 CMakeFiles/test.dir/Core/Src/tim.c.obj
                0x20000150                htim4
 .bss.htim5     0x20000198       0x48 CMakeFiles/test.dir/Core/Src/tim.c.obj
                0x20000198                htim5
 .bss.htim10    0x200001e0       0x48 CMakeFiles/test.dir/Core/Src/tim.c.obj
                0x200001e0                htim10
 .bss.huart1    0x20000228       0x48 CMakeFiles/test.dir/Core/Src/usart.c.obj
                0x20000228                huart1
 .bss.uwTick    0x20000270        0x4 CMakeFiles/test.dir/Drivers/STM32F4xx_HAL_Driver/Src/stm32f4xx_hal.c.obj
                0x20000270                uwTick
 .bss.__sbrk_heap_end
                0x20000274        0x4 CMakeFiles/test.dir/Core/Src/sysmem.c.obj
 .bss.__lock___malloc_recursive_mutex
                0x20000278        0x1 d:/clion/gcc-arm-none-eabi-10.3-2021.10-win32/gcc-arm-none-eabi-10.3-2021.10/bin/../lib/gcc/arm-none-eabi/10.3.1/../../../../arm-none-eabi/lib/thumb/v7e-m+fp/hard\libg_nano.a(lib_a-lock.o)
                0x20000278                __lock___malloc_recursive_mutex
 .bss.__lock___sfp_recursive_mutex
                0x20000279        0x1 d:/clion/gcc-arm-none-eabi-10.3-2021.10-win32/gcc-arm-none-eabi-10.3-2021.10/bin/../lib/gcc/arm-none-eabi/10.3.1/../../../../arm-none-eabi/lib/thumb/v7e-m+fp/hard\libg_nano.a(lib_a-lock.o)
                0x20000279                __lock___sfp_recursive_mutex
 .bss.__lock___sinit_recursive_mutex
                0x2000027a        0x1 d:/clion/gcc-arm-none-eabi-10.3-2021.10-win32/gcc-arm-none-eabi-10.3-2021.10/bin/../lib/gcc/arm-none-eabi/10.3.1/../../../../arm-none-eabi/lib/thumb/v7e-m+fp/hard\libg_nano.a(lib_a-lock.o)
                0x2000027a                __lock___sinit_recursive_mutex
 *fill*         0x2000027b        0x1 
 .bss.__malloc_free_list
                0x2000027c        0x4 d:/clion/gcc-arm-none-eabi-10.3-2021.10-win32/gcc-arm-none-eabi-10.3-2021.10/bin/../lib/gcc/arm-none-eabi/10.3.1/../../../../arm-none-eabi/lib/thumb/v7e-m+fp/hard\libg_nano.a(lib_a-nano-mallocr.o)
                0x2000027c                __malloc_free_list
 .bss.__malloc_sbrk_start
                0x20000280        0x4 d:/clion/gcc-arm-none-eabi-10.3-2021.10-win32/gcc-arm-none-eabi-10.3-2021.10/bin/../lib/gcc/arm-none-eabi/10.3.1/../../../../arm-none-eabi/lib/thumb/v7e-m+fp/hard\libg_nano.a(lib_a-nano-mallocr.o)
                0x20000280                __malloc_sbrk_start
 .bss.errno     0x20000284        0x4 d:/clion/gcc-arm-none-eabi-10.3-2021.10-win32/gcc-arm-none-eabi-10.3-2021.10/bin/../lib/gcc/arm-none-eabi/10.3.1/../../../../arm-none-eabi/lib/thumb/v7e-m+fp/hard\libg_nano.a(lib_a-reent.o)
                0x20000284                errno
 *(COMMON)
                0x20000288                . = ALIGN (0x4)
                0x20000288                _ebss = .
                0x20000288                __bss_end__ = _ebss

._user_heap_stack
                0x20000288      0x600 load address 0x0800564c
                0x20000288                . = ALIGN (0x8)
                [!provide]                PROVIDE (end = .)
                0x20000288                PROVIDE (_end = .)
                0x20000488                . = (. + _Min_Heap_Size)
 *fill*         0x20000288      0x200 
                0x20000888                . = (. + _Min_Stack_Size)
 *fill*         0x20000488      0x400 
                0x20000888                . = ALIGN (0x8)

/DISCARD/
 libc.a(*)
 libm.a(*)
 libgcc.a(*)

.ARM.attributes
                0x00000000       0x30
 *(.ARM.attributes)
 .ARM.attributes
                0x00000000       0x1e d:/clion/gcc-arm-none-eabi-10.3-2021.10-win32/gcc-arm-none-eabi-10.3-2021.10/bin/../lib/gcc/arm-none-eabi/10.3.1/thumb/v7e-m+fp/hard/crti.o
 .ARM.attributes
                0x0000001e       0x34 d:/clion/gcc-arm-none-eabi-10.3-2021.10-win32/gcc-arm-none-eabi-10.3-2021.10/bin/../lib/gcc/arm-none-eabi/10.3.1/thumb/v7e-m+fp/hard/crtbegin.o
 .ARM.attributes
                0x00000052       0x34 d:/clion/gcc-arm-none-eabi-10.3-2021.10-win32/gcc-arm-none-eabi-10.3-2021.10/bin/../lib/gcc/arm-none-eabi/10.3.1/../../../../arm-none-eabi/lib/thumb/v7e-m+fp/hard\libc_nano.a(lib_a-impure.o)
 .ARM.attributes
                0x00000086       0x34 d:/clion/gcc-arm-none-eabi-10.3-2021.10-win32/gcc-arm-none-eabi-10.3-2021.10/bin/../lib/gcc/arm-none-eabi/10.3.1/../../../../arm-none-eabi/lib/thumb/v7e-m+fp/hard\libc_nano.a(lib_a-init.o)
 .ARM.attributes
                0x000000ba       0x34 d:/clion/gcc-arm-none-eabi-10.3-2021.10-win32/gcc-arm-none-eabi-10.3-2021.10/bin/../lib/gcc/arm-none-eabi/10.3.1/../../../../arm-none-eabi/lib/thumb/v7e-m+fp/hard\libc_nano.a(lib_a-memset.o)
 .ARM.attributes
                0x000000ee       0x34 CMakeFiles/test.dir/Core/Src/Hardware/step_motor/step_motor.c.obj
 .ARM.attributes
                0x00000122       0x34 CMakeFiles/test.dir/Core/Src/main.c.obj
 .ARM.attributes
                0x00000156       0x34 CMakeFiles/test.dir/Core/Src/gpio.c.obj
 .ARM.attributes
                0x0000018a       0x34 CMakeFiles/test.dir/Core/Src/tim.c.obj
 .ARM.attributes
                0x000001be       0x34 CMakeFiles/test.dir/Core/Src/usart.c.obj
 .ARM.attributes
                0x000001f2       0x34 CMakeFiles/test.dir/Core/Src/stm32f4xx_it.c.obj
 .ARM.attributes
                0x00000226       0x34 CMakeFiles/test.dir/Core/Src/stm32f4xx_hal_msp.c.obj
 .ARM.attributes
                0x0000025a       0x34 CMakeFiles/test.dir/Drivers/STM32F4xx_HAL_Driver/Src/stm32f4xx_hal_rcc.c.obj
 .ARM.attributes
                0x0000028e       0x34 CMakeFiles/test.dir/Drivers/STM32F4xx_HAL_Driver/Src/stm32f4xx_hal_gpio.c.obj
 .ARM.attributes
                0x000002c2       0x34 CMakeFiles/test.dir/Drivers/STM32F4xx_HAL_Driver/Src/stm32f4xx_hal_dma.c.obj
 .ARM.attributes
                0x000002f6       0x34 CMakeFiles/test.dir/Drivers/STM32F4xx_HAL_Driver/Src/stm32f4xx_hal_cortex.c.obj
 .ARM.attributes
                0x0000032a       0x34 CMakeFiles/test.dir/Drivers/STM32F4xx_HAL_Driver/Src/stm32f4xx_hal.c.obj
 .ARM.attributes
                0x0000035e       0x34 CMakeFiles/test.dir/Drivers/STM32F4xx_HAL_Driver/Src/stm32f4xx_hal_tim.c.obj
 .ARM.attributes
                0x00000392       0x34 CMakeFiles/test.dir/Drivers/STM32F4xx_HAL_Driver/Src/stm32f4xx_hal_tim_ex.c.obj
 .ARM.attributes
                0x000003c6       0x34 CMakeFiles/test.dir/Drivers/STM32F4xx_HAL_Driver/Src/stm32f4xx_hal_uart.c.obj
 .ARM.attributes
                0x000003fa       0x34 CMakeFiles/test.dir/Core/Src/system_stm32f4xx.c.obj
 .ARM.attributes
                0x0000042e       0x34 CMakeFiles/test.dir/Core/Src/sysmem.c.obj
 .ARM.attributes
                0x00000462       0x34 CMakeFiles/test.dir/Core/Src/syscalls.c.obj
 .ARM.attributes
                0x00000496       0x21 CMakeFiles/test.dir/startup_stm32f401xc.s.obj
 .ARM.attributes
                0x000004b7       0x1e d:/clion/gcc-arm-none-eabi-10.3-2021.10-win32/gcc-arm-none-eabi-10.3-2021.10/bin/../lib/gcc/arm-none-eabi/10.3.1/thumb/v7e-m+fp/hard\libgcc.a(_aeabi_uldivmod.o)
 .ARM.attributes
                0x000004d5       0x34 d:/clion/gcc-arm-none-eabi-10.3-2021.10-win32/gcc-arm-none-eabi-10.3-2021.10/bin/../lib/gcc/arm-none-eabi/10.3.1/thumb/v7e-m+fp/hard\libgcc.a(_udivmoddi4.o)
 .ARM.attributes
                0x00000509       0x1e d:/clion/gcc-arm-none-eabi-10.3-2021.10-win32/gcc-arm-none-eabi-10.3-2021.10/bin/../lib/gcc/arm-none-eabi/10.3.1/thumb/v7e-m+fp/hard\libgcc.a(_dvmd_tls.o)
 .ARM.attributes
                0x00000527       0x34 d:/clion/gcc-arm-none-eabi-10.3-2021.10-win32/gcc-arm-none-eabi-10.3-2021.10/bin/../lib/gcc/arm-none-eabi/10.3.1/../../../../arm-none-eabi/lib/thumb/v7e-m+fp/hard\libg_nano.a(lib_a-errno.o)
 .ARM.attributes
                0x0000055b       0x34 d:/clion/gcc-arm-none-eabi-10.3-2021.10-win32/gcc-arm-none-eabi-10.3-2021.10/bin/../lib/gcc/arm-none-eabi/10.3.1/../../../../arm-none-eabi/lib/thumb/v7e-m+fp/hard\libg_nano.a(lib_a-puts.o)
 .ARM.attributes
                0x0000058f       0x34 d:/clion/gcc-arm-none-eabi-10.3-2021.10-win32/gcc-arm-none-eabi-10.3-2021.10/bin/../lib/gcc/arm-none-eabi/10.3.1/../../../../arm-none-eabi/lib/thumb/v7e-m+fp/hard\libg_nano.a(lib_a-wbuf.o)
 .ARM.attributes
                0x000005c3       0x34 d:/clion/gcc-arm-none-eabi-10.3-2021.10-win32/gcc-arm-none-eabi-10.3-2021.10/bin/../lib/gcc/arm-none-eabi/10.3.1/../../../../arm-none-eabi/lib/thumb/v7e-m+fp/hard\libg_nano.a(lib_a-wsetup.o)
 .ARM.attributes
                0x000005f7       0x34 d:/clion/gcc-arm-none-eabi-10.3-2021.10-win32/gcc-arm-none-eabi-10.3-2021.10/bin/../lib/gcc/arm-none-eabi/10.3.1/../../../../arm-none-eabi/lib/thumb/v7e-m+fp/hard\libg_nano.a(lib_a-fflush.o)
 .ARM.attributes
                0x0000062b       0x34 d:/clion/gcc-arm-none-eabi-10.3-2021.10-win32/gcc-arm-none-eabi-10.3-2021.10/bin/../lib/gcc/arm-none-eabi/10.3.1/../../../../arm-none-eabi/lib/thumb/v7e-m+fp/hard\libg_nano.a(lib_a-findfp.o)
 .ARM.attributes
                0x0000065f       0x34 d:/clion/gcc-arm-none-eabi-10.3-2021.10-win32/gcc-arm-none-eabi-10.3-2021.10/bin/../lib/gcc/arm-none-eabi/10.3.1/../../../../arm-none-eabi/lib/thumb/v7e-m+fp/hard\libg_nano.a(lib_a-fwalk.o)
 .ARM.attributes
                0x00000693       0x34 d:/clion/gcc-arm-none-eabi-10.3-2021.10-win32/gcc-arm-none-eabi-10.3-2021.10/bin/../lib/gcc/arm-none-eabi/10.3.1/../../../../arm-none-eabi/lib/thumb/v7e-m+fp/hard\libg_nano.a(lib_a-lock.o)
 .ARM.attributes
                0x000006c7       0x34 d:/clion/gcc-arm-none-eabi-10.3-2021.10-win32/gcc-arm-none-eabi-10.3-2021.10/bin/../lib/gcc/arm-none-eabi/10.3.1/../../../../arm-none-eabi/lib/thumb/v7e-m+fp/hard\libg_nano.a(lib_a-makebuf.o)
 .ARM.attributes
                0x000006fb       0x34 d:/clion/gcc-arm-none-eabi-10.3-2021.10-win32/gcc-arm-none-eabi-10.3-2021.10/bin/../lib/gcc/arm-none-eabi/10.3.1/../../../../arm-none-eabi/lib/thumb/v7e-m+fp/hard\libg_nano.a(lib_a-nano-freer.o)
 .ARM.attributes
                0x0000072f       0x34 d:/clion/gcc-arm-none-eabi-10.3-2021.10-win32/gcc-arm-none-eabi-10.3-2021.10/bin/../lib/gcc/arm-none-eabi/10.3.1/../../../../arm-none-eabi/lib/thumb/v7e-m+fp/hard\libg_nano.a(lib_a-nano-mallocr.o)
 .ARM.attributes
                0x00000763       0x34 d:/clion/gcc-arm-none-eabi-10.3-2021.10-win32/gcc-arm-none-eabi-10.3-2021.10/bin/../lib/gcc/arm-none-eabi/10.3.1/../../../../arm-none-eabi/lib/thumb/v7e-m+fp/hard\libg_nano.a(lib_a-sbrkr.o)
 .ARM.attributes
                0x00000797       0x34 d:/clion/gcc-arm-none-eabi-10.3-2021.10-win32/gcc-arm-none-eabi-10.3-2021.10/bin/../lib/gcc/arm-none-eabi/10.3.1/../../../../arm-none-eabi/lib/thumb/v7e-m+fp/hard\libg_nano.a(lib_a-stdio.o)
 .ARM.attributes
                0x000007cb       0x34 d:/clion/gcc-arm-none-eabi-10.3-2021.10-win32/gcc-arm-none-eabi-10.3-2021.10/bin/../lib/gcc/arm-none-eabi/10.3.1/../../../../arm-none-eabi/lib/thumb/v7e-m+fp/hard\libg_nano.a(lib_a-writer.o)
 .ARM.attributes
                0x000007ff       0x34 d:/clion/gcc-arm-none-eabi-10.3-2021.10-win32/gcc-arm-none-eabi-10.3-2021.10/bin/../lib/gcc/arm-none-eabi/10.3.1/../../../../arm-none-eabi/lib/thumb/v7e-m+fp/hard\libg_nano.a(lib_a-closer.o)
 .ARM.attributes
                0x00000833       0x34 d:/clion/gcc-arm-none-eabi-10.3-2021.10-win32/gcc-arm-none-eabi-10.3-2021.10/bin/../lib/gcc/arm-none-eabi/10.3.1/../../../../arm-none-eabi/lib/thumb/v7e-m+fp/hard\libg_nano.a(lib_a-fstatr.o)
 .ARM.attributes
                0x00000867       0x34 d:/clion/gcc-arm-none-eabi-10.3-2021.10-win32/gcc-arm-none-eabi-10.3-2021.10/bin/../lib/gcc/arm-none-eabi/10.3.1/../../../../arm-none-eabi/lib/thumb/v7e-m+fp/hard\libg_nano.a(lib_a-isattyr.o)
 .ARM.attributes
                0x0000089b       0x34 d:/clion/gcc-arm-none-eabi-10.3-2021.10-win32/gcc-arm-none-eabi-10.3-2021.10/bin/../lib/gcc/arm-none-eabi/10.3.1/../../../../arm-none-eabi/lib/thumb/v7e-m+fp/hard\libg_nano.a(lib_a-lseekr.o)
 .ARM.attributes
                0x000008cf       0x34 d:/clion/gcc-arm-none-eabi-10.3-2021.10-win32/gcc-arm-none-eabi-10.3-2021.10/bin/../lib/gcc/arm-none-eabi/10.3.1/../../../../arm-none-eabi/lib/thumb/v7e-m+fp/hard\libg_nano.a(lib_a-mlock.o)
 .ARM.attributes
                0x00000903       0x34 d:/clion/gcc-arm-none-eabi-10.3-2021.10-win32/gcc-arm-none-eabi-10.3-2021.10/bin/../lib/gcc/arm-none-eabi/10.3.1/../../../../arm-none-eabi/lib/thumb/v7e-m+fp/hard\libg_nano.a(lib_a-readr.o)
 .ARM.attributes
                0x00000937       0x34 d:/clion/gcc-arm-none-eabi-10.3-2021.10-win32/gcc-arm-none-eabi-10.3-2021.10/bin/../lib/gcc/arm-none-eabi/10.3.1/../../../../arm-none-eabi/lib/thumb/v7e-m+fp/hard\libg_nano.a(lib_a-reent.o)
 .ARM.attributes
                0x0000096b       0x1e d:/clion/gcc-arm-none-eabi-10.3-2021.10-win32/gcc-arm-none-eabi-10.3-2021.10/bin/../lib/gcc/arm-none-eabi/10.3.1/thumb/v7e-m+fp/hard/crtn.o
OUTPUT(test.elf elf32-littlearm)
LOAD linker stubs
LOAD d:/clion/gcc-arm-none-eabi-10.3-2021.10-win32/gcc-arm-none-eabi-10.3-2021.10/bin/../lib/gcc/arm-none-eabi/10.3.1/../../../../arm-none-eabi/lib/thumb/v7e-m+fp/hard\libc.a
LOAD d:/clion/gcc-arm-none-eabi-10.3-2021.10-win32/gcc-arm-none-eabi-10.3-2021.10/bin/../lib/gcc/arm-none-eabi/10.3.1/../../../../arm-none-eabi/lib/thumb/v7e-m+fp/hard\libm.a
LOAD d:/clion/gcc-arm-none-eabi-10.3-2021.10-win32/gcc-arm-none-eabi-10.3-2021.10/bin/../lib/gcc/arm-none-eabi/10.3.1/thumb/v7e-m+fp/hard\libgcc.a

.debug_frame    0x00000000     0x4144
 .debug_frame   0x00000000       0x2c d:/clion/gcc-arm-none-eabi-10.3-2021.10-win32/gcc-arm-none-eabi-10.3-2021.10/bin/../lib/gcc/arm-none-eabi/10.3.1/../../../../arm-none-eabi/lib/thumb/v7e-m+fp/hard\libc_nano.a(lib_a-init.o)
 .debug_frame   0x0000002c       0x20 d:/clion/gcc-arm-none-eabi-10.3-2021.10-win32/gcc-arm-none-eabi-10.3-2021.10/bin/../lib/gcc/arm-none-eabi/10.3.1/../../../../arm-none-eabi/lib/thumb/v7e-m+fp/hard\libc_nano.a(lib_a-memset.o)
 .debug_frame   0x0000004c      0x338 CMakeFiles/test.dir/Core/Src/Hardware/step_motor/step_motor.c.obj
 .debug_frame   0x00000384       0xbc CMakeFiles/test.dir/Core/Src/main.c.obj
 .debug_frame   0x00000440       0x34 CMakeFiles/test.dir/Core/Src/gpio.c.obj
 .debug_frame   0x00000474      0x14c CMakeFiles/test.dir/Core/Src/tim.c.obj
 .debug_frame   0x000005c0       0x74 CMakeFiles/test.dir/Core/Src/usart.c.obj
 .debug_frame   0x00000634      0x158 CMakeFiles/test.dir/Core/Src/stm32f4xx_it.c.obj
 .debug_frame   0x0000078c       0x38 CMakeFiles/test.dir/Core/Src/stm32f4xx_hal_msp.c.obj
 .debug_frame   0x000007c4      0x1f4 CMakeFiles/test.dir/Drivers/STM32F4xx_HAL_Driver/Src/stm32f4xx_hal_rcc.c.obj
 .debug_frame   0x000009b8      0x14c CMakeFiles/test.dir/Drivers/STM32F4xx_HAL_Driver/Src/stm32f4xx_hal_gpio.c.obj
 .debug_frame   0x00000b04      0x250 CMakeFiles/test.dir/Drivers/STM32F4xx_HAL_Driver/Src/stm32f4xx_hal_dma.c.obj
 .debug_frame   0x00000d54      0x508 CMakeFiles/test.dir/Drivers/STM32F4xx_HAL_Driver/Src/stm32f4xx_hal_cortex.c.obj
 .debug_frame   0x0000125c      0x374 CMakeFiles/test.dir/Drivers/STM32F4xx_HAL_Driver/Src/stm32f4xx_hal.c.obj
 .debug_frame   0x000015d0     0x11b8 CMakeFiles/test.dir/Drivers/STM32F4xx_HAL_Driver/Src/stm32f4xx_hal_tim.c.obj
 .debug_frame   0x00002788      0x638 CMakeFiles/test.dir/Drivers/STM32F4xx_HAL_Driver/Src/stm32f4xx_hal_tim_ex.c.obj
 .debug_frame   0x00002dc0      0x954 CMakeFiles/test.dir/Drivers/STM32F4xx_HAL_Driver/Src/stm32f4xx_hal_uart.c.obj
 .debug_frame   0x00003714       0x58 CMakeFiles/test.dir/Core/Src/system_stm32f4xx.c.obj
 .debug_frame   0x0000376c       0x34 CMakeFiles/test.dir/Core/Src/sysmem.c.obj
 .debug_frame   0x000037a0      0x2ac CMakeFiles/test.dir/Core/Src/syscalls.c.obj
 .debug_frame   0x00003a4c       0x2c d:/clion/gcc-arm-none-eabi-10.3-2021.10-win32/gcc-arm-none-eabi-10.3-2021.10/bin/../lib/gcc/arm-none-eabi/10.3.1/thumb/v7e-m+fp/hard\libgcc.a(_aeabi_uldivmod.o)
 .debug_frame   0x00003a78       0x34 d:/clion/gcc-arm-none-eabi-10.3-2021.10-win32/gcc-arm-none-eabi-10.3-2021.10/bin/../lib/gcc/arm-none-eabi/10.3.1/thumb/v7e-m+fp/hard\libgcc.a(_udivmoddi4.o)
 .debug_frame   0x00003aac       0x20 d:/clion/gcc-arm-none-eabi-10.3-2021.10-win32/gcc-arm-none-eabi-10.3-2021.10/bin/../lib/gcc/arm-none-eabi/10.3.1/../../../../arm-none-eabi/lib/thumb/v7e-m+fp/hard\libg_nano.a(lib_a-errno.o)
 .debug_frame   0x00003acc       0x3c d:/clion/gcc-arm-none-eabi-10.3-2021.10-win32/gcc-arm-none-eabi-10.3-2021.10/bin/../lib/gcc/arm-none-eabi/10.3.1/../../../../arm-none-eabi/lib/thumb/v7e-m+fp/hard\libg_nano.a(lib_a-puts.o)
 .debug_frame   0x00003b08       0x40 d:/clion/gcc-arm-none-eabi-10.3-2021.10-win32/gcc-arm-none-eabi-10.3-2021.10/bin/../lib/gcc/arm-none-eabi/10.3.1/../../../../arm-none-eabi/lib/thumb/v7e-m+fp/hard\libg_nano.a(lib_a-wbuf.o)
 .debug_frame   0x00003b48       0x2c d:/clion/gcc-arm-none-eabi-10.3-2021.10-win32/gcc-arm-none-eabi-10.3-2021.10/bin/../lib/gcc/arm-none-eabi/10.3.1/../../../../arm-none-eabi/lib/thumb/v7e-m+fp/hard\libg_nano.a(lib_a-wsetup.o)
 .debug_frame   0x00003b74       0x5c d:/clion/gcc-arm-none-eabi-10.3-2021.10-win32/gcc-arm-none-eabi-10.3-2021.10/bin/../lib/gcc/arm-none-eabi/10.3.1/../../../../arm-none-eabi/lib/thumb/v7e-m+fp/hard\libg_nano.a(lib_a-fflush.o)
 .debug_frame   0x00003bd0      0x14c d:/clion/gcc-arm-none-eabi-10.3-2021.10-win32/gcc-arm-none-eabi-10.3-2021.10/bin/../lib/gcc/arm-none-eabi/10.3.1/../../../../arm-none-eabi/lib/thumb/v7e-m+fp/hard\libg_nano.a(lib_a-findfp.o)
 .debug_frame   0x00003d1c       0x54 d:/clion/gcc-arm-none-eabi-10.3-2021.10-win32/gcc-arm-none-eabi-10.3-2021.10/bin/../lib/gcc/arm-none-eabi/10.3.1/../../../../arm-none-eabi/lib/thumb/v7e-m+fp/hard\libg_nano.a(lib_a-fwalk.o)
 .debug_frame   0x00003d70       0xb0 d:/clion/gcc-arm-none-eabi-10.3-2021.10-win32/gcc-arm-none-eabi-10.3-2021.10/bin/../lib/gcc/arm-none-eabi/10.3.1/../../../../arm-none-eabi/lib/thumb/v7e-m+fp/hard\libg_nano.a(lib_a-lock.o)
 .debug_frame   0x00003e20       0x58 d:/clion/gcc-arm-none-eabi-10.3-2021.10-win32/gcc-arm-none-eabi-10.3-2021.10/bin/../lib/gcc/arm-none-eabi/10.3.1/../../../../arm-none-eabi/lib/thumb/v7e-m+fp/hard\libg_nano.a(lib_a-makebuf.o)
 .debug_frame   0x00003e78       0x38 d:/clion/gcc-arm-none-eabi-10.3-2021.10-win32/gcc-arm-none-eabi-10.3-2021.10/bin/../lib/gcc/arm-none-eabi/10.3.1/../../../../arm-none-eabi/lib/thumb/v7e-m+fp/hard\libg_nano.a(lib_a-nano-freer.o)
 .debug_frame   0x00003eb0       0x4c d:/clion/gcc-arm-none-eabi-10.3-2021.10-win32/gcc-arm-none-eabi-10.3-2021.10/bin/../lib/gcc/arm-none-eabi/10.3.1/../../../../arm-none-eabi/lib/thumb/v7e-m+fp/hard\libg_nano.a(lib_a-nano-mallocr.o)
 .debug_frame   0x00003efc       0x2c d:/clion/gcc-arm-none-eabi-10.3-2021.10-win32/gcc-arm-none-eabi-10.3-2021.10/bin/../lib/gcc/arm-none-eabi/10.3.1/../../../../arm-none-eabi/lib/thumb/v7e-m+fp/hard\libg_nano.a(lib_a-sbrkr.o)
 .debug_frame   0x00003f28       0x88 d:/clion/gcc-arm-none-eabi-10.3-2021.10-win32/gcc-arm-none-eabi-10.3-2021.10/bin/../lib/gcc/arm-none-eabi/10.3.1/../../../../arm-none-eabi/lib/thumb/v7e-m+fp/hard\libg_nano.a(lib_a-stdio.o)
 .debug_frame   0x00003fb0       0x2c d:/clion/gcc-arm-none-eabi-10.3-2021.10-win32/gcc-arm-none-eabi-10.3-2021.10/bin/../lib/gcc/arm-none-eabi/10.3.1/../../../../arm-none-eabi/lib/thumb/v7e-m+fp/hard\libg_nano.a(lib_a-writer.o)
 .debug_frame   0x00003fdc       0x2c d:/clion/gcc-arm-none-eabi-10.3-2021.10-win32/gcc-arm-none-eabi-10.3-2021.10/bin/../lib/gcc/arm-none-eabi/10.3.1/../../../../arm-none-eabi/lib/thumb/v7e-m+fp/hard\libg_nano.a(lib_a-closer.o)
 .debug_frame   0x00004008       0x2c d:/clion/gcc-arm-none-eabi-10.3-2021.10-win32/gcc-arm-none-eabi-10.3-2021.10/bin/../lib/gcc/arm-none-eabi/10.3.1/../../../../arm-none-eabi/lib/thumb/v7e-m+fp/hard\libg_nano.a(lib_a-fstatr.o)
 .debug_frame   0x00004034       0x2c d:/clion/gcc-arm-none-eabi-10.3-2021.10-win32/gcc-arm-none-eabi-10.3-2021.10/bin/../lib/gcc/arm-none-eabi/10.3.1/../../../../arm-none-eabi/lib/thumb/v7e-m+fp/hard\libg_nano.a(lib_a-isattyr.o)
 .debug_frame   0x00004060       0x2c d:/clion/gcc-arm-none-eabi-10.3-2021.10-win32/gcc-arm-none-eabi-10.3-2021.10/bin/../lib/gcc/arm-none-eabi/10.3.1/../../../../arm-none-eabi/lib/thumb/v7e-m+fp/hard\libg_nano.a(lib_a-lseekr.o)
 .debug_frame   0x0000408c       0x30 d:/clion/gcc-arm-none-eabi-10.3-2021.10-win32/gcc-arm-none-eabi-10.3-2021.10/bin/../lib/gcc/arm-none-eabi/10.3.1/../../../../arm-none-eabi/lib/thumb/v7e-m+fp/hard\libg_nano.a(lib_a-mlock.o)
 .debug_frame   0x000040bc       0x2c d:/clion/gcc-arm-none-eabi-10.3-2021.10-win32/gcc-arm-none-eabi-10.3-2021.10/bin/../lib/gcc/arm-none-eabi/10.3.1/../../../../arm-none-eabi/lib/thumb/v7e-m+fp/hard\libg_nano.a(lib_a-readr.o)
 .debug_frame   0x000040e8       0x5c d:/clion/gcc-arm-none-eabi-10.3-2021.10-win32/gcc-arm-none-eabi-10.3-2021.10/bin/../lib/gcc/arm-none-eabi/10.3.1/../../../../arm-none-eabi/lib/thumb/v7e-m+fp/hard\libg_nano.a(lib_a-reent.o)

.debug_info     0x00000000     0xf92e
 .debug_info    0x00000000      0xf4e CMakeFiles/test.dir/Core/Src/Hardware/step_motor/step_motor.c.obj
 .debug_info    0x00000f4e      0xf4a CMakeFiles/test.dir/Core/Src/main.c.obj
 .debug_info    0x00001e98      0x435 CMakeFiles/test.dir/Core/Src/gpio.c.obj
 .debug_info    0x000022cd      0xf84 CMakeFiles/test.dir/Core/Src/tim.c.obj
 .debug_info    0x00003251      0xb0c CMakeFiles/test.dir/Core/Src/usart.c.obj
 .debug_info    0x00003d5d      0x9da CMakeFiles/test.dir/Core/Src/stm32f4xx_it.c.obj
 .debug_info    0x00004737      0x2d4 CMakeFiles/test.dir/Core/Src/stm32f4xx_hal_msp.c.obj
 .debug_info    0x00004a0b      0x947 CMakeFiles/test.dir/Drivers/STM32F4xx_HAL_Driver/Src/stm32f4xx_hal_rcc.c.obj
 .debug_info    0x00005352      0x78e CMakeFiles/test.dir/Drivers/STM32F4xx_HAL_Driver/Src/stm32f4xx_hal_gpio.c.obj
 .debug_info    0x00005ae0      0x93b CMakeFiles/test.dir/Drivers/STM32F4xx_HAL_Driver/Src/stm32f4xx_hal_dma.c.obj
 .debug_info    0x0000641b      0xdcd CMakeFiles/test.dir/Drivers/STM32F4xx_HAL_Driver/Src/stm32f4xx_hal_cortex.c.obj
 .debug_info    0x000071e8      0x8b3 CMakeFiles/test.dir/Drivers/STM32F4xx_HAL_Driver/Src/stm32f4xx_hal.c.obj
 .debug_info    0x00007a9b     0x2b86 CMakeFiles/test.dir/Drivers/STM32F4xx_HAL_Driver/Src/stm32f4xx_hal_tim.c.obj
 .debug_info    0x0000a621     0x14d3 CMakeFiles/test.dir/Drivers/STM32F4xx_HAL_Driver/Src/stm32f4xx_hal_tim_ex.c.obj
 .debug_info    0x0000baf4     0x30b8 CMakeFiles/test.dir/Drivers/STM32F4xx_HAL_Driver/Src/stm32f4xx_hal_uart.c.obj
 .debug_info    0x0000ebac      0x54f CMakeFiles/test.dir/Core/Src/system_stm32f4xx.c.obj
 .debug_info    0x0000f0fb      0x15f CMakeFiles/test.dir/Core/Src/sysmem.c.obj
 .debug_info    0x0000f25a      0x6b2 CMakeFiles/test.dir/Core/Src/syscalls.c.obj
 .debug_info    0x0000f90c       0x22 CMakeFiles/test.dir/startup_stm32f401xc.s.obj

.debug_abbrev   0x00000000     0x2173
 .debug_abbrev  0x00000000      0x237 CMakeFiles/test.dir/Core/Src/Hardware/step_motor/step_motor.c.obj
 .debug_abbrev  0x00000237      0x21d CMakeFiles/test.dir/Core/Src/main.c.obj
 .debug_abbrev  0x00000454      0x121 CMakeFiles/test.dir/Core/Src/gpio.c.obj
 .debug_abbrev  0x00000575      0x215 CMakeFiles/test.dir/Core/Src/tim.c.obj
 .debug_abbrev  0x0000078a      0x1b1 CMakeFiles/test.dir/Core/Src/usart.c.obj
 .debug_abbrev  0x0000093b      0x174 CMakeFiles/test.dir/Core/Src/stm32f4xx_it.c.obj
 .debug_abbrev  0x00000aaf       0xd4 CMakeFiles/test.dir/Core/Src/stm32f4xx_hal_msp.c.obj
 .debug_abbrev  0x00000b83      0x262 CMakeFiles/test.dir/Drivers/STM32F4xx_HAL_Driver/Src/stm32f4xx_hal_rcc.c.obj
 .debug_abbrev  0x00000de5      0x1c4 CMakeFiles/test.dir/Drivers/STM32F4xx_HAL_Driver/Src/stm32f4xx_hal_gpio.c.obj
 .debug_abbrev  0x00000fa9      0x206 CMakeFiles/test.dir/Drivers/STM32F4xx_HAL_Driver/Src/stm32f4xx_hal_dma.c.obj
 .debug_abbrev  0x000011af      0x30d CMakeFiles/test.dir/Drivers/STM32F4xx_HAL_Driver/Src/stm32f4xx_hal_cortex.c.obj
 .debug_abbrev  0x000014bc      0x20b CMakeFiles/test.dir/Drivers/STM32F4xx_HAL_Driver/Src/stm32f4xx_hal.c.obj
 .debug_abbrev  0x000016c7      0x249 CMakeFiles/test.dir/Drivers/STM32F4xx_HAL_Driver/Src/stm32f4xx_hal_tim.c.obj
 .debug_abbrev  0x00001910      0x251 CMakeFiles/test.dir/Drivers/STM32F4xx_HAL_Driver/Src/stm32f4xx_hal_tim_ex.c.obj
 .debug_abbrev  0x00001b61      0x2c4 CMakeFiles/test.dir/Drivers/STM32F4xx_HAL_Driver/Src/stm32f4xx_hal_uart.c.obj
 .debug_abbrev  0x00001e25      0x116 CMakeFiles/test.dir/Core/Src/system_stm32f4xx.c.obj
 .debug_abbrev  0x00001f3b       0xa6 CMakeFiles/test.dir/Core/Src/sysmem.c.obj
 .debug_abbrev  0x00001fe1      0x180 CMakeFiles/test.dir/Core/Src/syscalls.c.obj
 .debug_abbrev  0x00002161       0x12 CMakeFiles/test.dir/startup_stm32f401xc.s.obj

.debug_aranges  0x00000000      0xe30
 .debug_aranges
                0x00000000       0xc0 CMakeFiles/test.dir/Core/Src/Hardware/step_motor/step_motor.c.obj
 .debug_aranges
                0x000000c0       0x40 CMakeFiles/test.dir/Core/Src/main.c.obj
 .debug_aranges
                0x00000100       0x20 CMakeFiles/test.dir/Core/Src/gpio.c.obj
 .debug_aranges
                0x00000120       0x60 CMakeFiles/test.dir/Core/Src/tim.c.obj
 .debug_aranges
                0x00000180       0x30 CMakeFiles/test.dir/Core/Src/usart.c.obj
 .debug_aranges
                0x000001b0       0x78 CMakeFiles/test.dir/Core/Src/stm32f4xx_it.c.obj
 .debug_aranges
                0x00000228       0x20 CMakeFiles/test.dir/Core/Src/stm32f4xx_hal_msp.c.obj
 .debug_aranges
                0x00000248       0x88 CMakeFiles/test.dir/Drivers/STM32F4xx_HAL_Driver/Src/stm32f4xx_hal_rcc.c.obj
 .debug_aranges
                0x000002d0       0x58 CMakeFiles/test.dir/Drivers/STM32F4xx_HAL_Driver/Src/stm32f4xx_hal_gpio.c.obj
 .debug_aranges
                0x00000328       0x90 CMakeFiles/test.dir/Drivers/STM32F4xx_HAL_Driver/Src/stm32f4xx_hal_dma.c.obj
 .debug_aranges
                0x000003b8      0x130 CMakeFiles/test.dir/Drivers/STM32F4xx_HAL_Driver/Src/stm32f4xx_hal_cortex.c.obj
 .debug_aranges
                0x000004e8       0xf0 CMakeFiles/test.dir/Drivers/STM32F4xx_HAL_Driver/Src/stm32f4xx_hal.c.obj
 .debug_aranges
                0x000005d8      0x3d0 CMakeFiles/test.dir/Drivers/STM32F4xx_HAL_Driver/Src/stm32f4xx_hal_tim.c.obj
 .debug_aranges
                0x000009a8      0x168 CMakeFiles/test.dir/Drivers/STM32F4xx_HAL_Driver/Src/stm32f4xx_hal_tim_ex.c.obj
 .debug_aranges
                0x00000b10      0x208 CMakeFiles/test.dir/Drivers/STM32F4xx_HAL_Driver/Src/stm32f4xx_hal_uart.c.obj
 .debug_aranges
                0x00000d18       0x28 CMakeFiles/test.dir/Core/Src/system_stm32f4xx.c.obj
 .debug_aranges
                0x00000d40       0x20 CMakeFiles/test.dir/Core/Src/sysmem.c.obj
 .debug_aranges
                0x00000d60       0xa8 CMakeFiles/test.dir/Core/Src/syscalls.c.obj
 .debug_aranges
                0x00000e08       0x28 CMakeFiles/test.dir/startup_stm32f401xc.s.obj

.debug_ranges   0x00000000      0xd38
 .debug_ranges  0x00000000       0xb0 CMakeFiles/test.dir/Core/Src/Hardware/step_motor/step_motor.c.obj
 .debug_ranges  0x000000b0       0x30 CMakeFiles/test.dir/Core/Src/main.c.obj
 .debug_ranges  0x000000e0       0x10 CMakeFiles/test.dir/Core/Src/gpio.c.obj
 .debug_ranges  0x000000f0       0x50 CMakeFiles/test.dir/Core/Src/tim.c.obj
 .debug_ranges  0x00000140       0x20 CMakeFiles/test.dir/Core/Src/usart.c.obj
 .debug_ranges  0x00000160       0x68 CMakeFiles/test.dir/Core/Src/stm32f4xx_it.c.obj
 .debug_ranges  0x000001c8       0x10 CMakeFiles/test.dir/Core/Src/stm32f4xx_hal_msp.c.obj
 .debug_ranges  0x000001d8       0x78 CMakeFiles/test.dir/Drivers/STM32F4xx_HAL_Driver/Src/stm32f4xx_hal_rcc.c.obj
 .debug_ranges  0x00000250       0x48 CMakeFiles/test.dir/Drivers/STM32F4xx_HAL_Driver/Src/stm32f4xx_hal_gpio.c.obj
 .debug_ranges  0x00000298       0x80 CMakeFiles/test.dir/Drivers/STM32F4xx_HAL_Driver/Src/stm32f4xx_hal_dma.c.obj
 .debug_ranges  0x00000318      0x120 CMakeFiles/test.dir/Drivers/STM32F4xx_HAL_Driver/Src/stm32f4xx_hal_cortex.c.obj
 .debug_ranges  0x00000438       0xe0 CMakeFiles/test.dir/Drivers/STM32F4xx_HAL_Driver/Src/stm32f4xx_hal.c.obj
 .debug_ranges  0x00000518      0x3c0 CMakeFiles/test.dir/Drivers/STM32F4xx_HAL_Driver/Src/stm32f4xx_hal_tim.c.obj
 .debug_ranges  0x000008d8      0x158 CMakeFiles/test.dir/Drivers/STM32F4xx_HAL_Driver/Src/stm32f4xx_hal_tim_ex.c.obj
 .debug_ranges  0x00000a30      0x228 CMakeFiles/test.dir/Drivers/STM32F4xx_HAL_Driver/Src/stm32f4xx_hal_uart.c.obj
 .debug_ranges  0x00000c58       0x18 CMakeFiles/test.dir/Core/Src/system_stm32f4xx.c.obj
 .debug_ranges  0x00000c70       0x10 CMakeFiles/test.dir/Core/Src/sysmem.c.obj
 .debug_ranges  0x00000c80       0x98 CMakeFiles/test.dir/Core/Src/syscalls.c.obj
 .debug_ranges  0x00000d18       0x20 CMakeFiles/test.dir/startup_stm32f401xc.s.obj

.debug_macro    0x00000000     0x3d63
 .debug_macro   0x00000000      0x379 CMakeFiles/test.dir/Core/Src/Hardware/step_motor/step_motor.c.obj
 .debug_macro   0x00000379       0x16 CMakeFiles/test.dir/Core/Src/Hardware/step_motor/step_motor.c.obj
 .debug_macro   0x0000038f       0x16 CMakeFiles/test.dir/Core/Src/Hardware/step_motor/step_motor.c.obj
 .debug_macro   0x000003a5       0x16 CMakeFiles/test.dir/Core/Src/Hardware/step_motor/step_motor.c.obj
 .debug_macro   0x000003bb       0x29 CMakeFiles/test.dir/Core/Src/Hardware/step_motor/step_motor.c.obj
 .debug_macro   0x000003e4      0x433 CMakeFiles/test.dir/Core/Src/main.c.obj
 .debug_macro   0x00000817       0x16 CMakeFiles/test.dir/Core/Src/main.c.obj
 .debug_macro   0x0000082d      0x201 CMakeFiles/test.dir/Core/Src/main.c.obj
 .debug_macro   0x00000a2e       0x7c CMakeFiles/test.dir/Core/Src/main.c.obj
 .debug_macro   0x00000aaa       0x17 CMakeFiles/test.dir/Core/Src/main.c.obj
 .debug_macro   0x00000ac1      0x118 CMakeFiles/test.dir/Core/Src/main.c.obj
 .debug_macro   0x00000bd9      0x169 CMakeFiles/test.dir/Core/Src/main.c.obj
 .debug_macro   0x00000d42       0x10 CMakeFiles/test.dir/Core/Src/main.c.obj
 .debug_macro   0x00000d52      0x89d CMakeFiles/test.dir/Core/Src/main.c.obj
 .debug_macro   0x000015ef       0x1c CMakeFiles/test.dir/Core/Src/main.c.obj
 .debug_macro   0x0000160b      0x1e2 CMakeFiles/test.dir/Core/Src/gpio.c.obj
 .debug_macro   0x000017ed      0x1e2 CMakeFiles/test.dir/Core/Src/tim.c.obj
 .debug_macro   0x000019cf      0x1e2 CMakeFiles/test.dir/Core/Src/usart.c.obj
 .debug_macro   0x00001bb1      0x1e2 CMakeFiles/test.dir/Core/Src/stm32f4xx_it.c.obj
 .debug_macro   0x00001d93      0x1d8 CMakeFiles/test.dir/Core/Src/stm32f4xx_hal_msp.c.obj
 .debug_macro   0x00001f6b      0x1f2 CMakeFiles/test.dir/Drivers/STM32F4xx_HAL_Driver/Src/stm32f4xx_hal_rcc.c.obj
 .debug_macro   0x0000215d      0x1d4 CMakeFiles/test.dir/Drivers/STM32F4xx_HAL_Driver/Src/stm32f4xx_hal_gpio.c.obj
 .debug_macro   0x00002331      0x1d4 CMakeFiles/test.dir/Drivers/STM32F4xx_HAL_Driver/Src/stm32f4xx_hal_dma.c.obj
 .debug_macro   0x00002505      0x1ce CMakeFiles/test.dir/Drivers/STM32F4xx_HAL_Driver/Src/stm32f4xx_hal_cortex.c.obj
 .debug_macro   0x000026d3      0x22e CMakeFiles/test.dir/Drivers/STM32F4xx_HAL_Driver/Src/stm32f4xx_hal.c.obj
 .debug_macro   0x00002901      0x1cf CMakeFiles/test.dir/Drivers/STM32F4xx_HAL_Driver/Src/stm32f4xx_hal_tim.c.obj
 .debug_macro   0x00002ad0      0x1ce CMakeFiles/test.dir/Drivers/STM32F4xx_HAL_Driver/Src/stm32f4xx_hal_tim_ex.c.obj
 .debug_macro   0x00002c9e      0x1cf CMakeFiles/test.dir/Drivers/STM32F4xx_HAL_Driver/Src/stm32f4xx_hal_uart.c.obj
 .debug_macro   0x00002e6d      0x1ce CMakeFiles/test.dir/Core/Src/system_stm32f4xx.c.obj
 .debug_macro   0x0000303b       0xec CMakeFiles/test.dir/Core/Src/sysmem.c.obj
 .debug_macro   0x00003127       0x10 CMakeFiles/test.dir/Core/Src/sysmem.c.obj
 .debug_macro   0x00003137       0x5e CMakeFiles/test.dir/Core/Src/sysmem.c.obj
 .debug_macro   0x00003195       0x94 CMakeFiles/test.dir/Core/Src/sysmem.c.obj
 .debug_macro   0x00003229       0x57 CMakeFiles/test.dir/Core/Src/sysmem.c.obj
 .debug_macro   0x00003280      0x23b CMakeFiles/test.dir/Core/Src/sysmem.c.obj
 .debug_macro   0x000034bb      0x23d CMakeFiles/test.dir/Core/Src/syscalls.c.obj
 .debug_macro   0x000036f8       0x10 CMakeFiles/test.dir/Core/Src/syscalls.c.obj
 .debug_macro   0x00003708       0x10 CMakeFiles/test.dir/Core/Src/syscalls.c.obj
 .debug_macro   0x00003718       0x10 CMakeFiles/test.dir/Core/Src/syscalls.c.obj
 .debug_macro   0x00003728       0x35 CMakeFiles/test.dir/Core/Src/syscalls.c.obj
 .debug_macro   0x0000375d      0x12c CMakeFiles/test.dir/Core/Src/syscalls.c.obj
 .debug_macro   0x00003889      0x241 CMakeFiles/test.dir/Core/Src/syscalls.c.obj
 .debug_macro   0x00003aca       0x1c CMakeFiles/test.dir/Core/Src/syscalls.c.obj
 .debug_macro   0x00003ae6       0x10 CMakeFiles/test.dir/Core/Src/syscalls.c.obj
 .debug_macro   0x00003af6      0x189 CMakeFiles/test.dir/Core/Src/syscalls.c.obj
 .debug_macro   0x00003c7f       0x16 CMakeFiles/test.dir/Core/Src/syscalls.c.obj
 .debug_macro   0x00003c95       0xce CMakeFiles/test.dir/Core/Src/syscalls.c.obj

.debug_line     0x00000000     0xf65c
 .debug_line    0x00000000      0xbc6 CMakeFiles/test.dir/Core/Src/Hardware/step_motor/step_motor.c.obj
 .debug_line    0x00000bc6      0xa70 CMakeFiles/test.dir/Core/Src/main.c.obj
 .debug_line    0x00001636      0x620 CMakeFiles/test.dir/Core/Src/gpio.c.obj
 .debug_line    0x00001c56      0x86f CMakeFiles/test.dir/Core/Src/tim.c.obj
 .debug_line    0x000024c5      0x670 CMakeFiles/test.dir/Core/Src/usart.c.obj
 .debug_line    0x00002b35      0x70e CMakeFiles/test.dir/Core/Src/stm32f4xx_it.c.obj
 .debug_line    0x00003243      0x604 CMakeFiles/test.dir/Core/Src/stm32f4xx_hal_msp.c.obj
 .debug_line    0x00003847      0xc7d CMakeFiles/test.dir/Drivers/STM32F4xx_HAL_Driver/Src/stm32f4xx_hal_rcc.c.obj
 .debug_line    0x000044c4      0xa23 CMakeFiles/test.dir/Drivers/STM32F4xx_HAL_Driver/Src/stm32f4xx_hal_gpio.c.obj
 .debug_line    0x00004ee7      0xe4f CMakeFiles/test.dir/Drivers/STM32F4xx_HAL_Driver/Src/stm32f4xx_hal_dma.c.obj
 .debug_line    0x00005d36      0xbe5 CMakeFiles/test.dir/Drivers/STM32F4xx_HAL_Driver/Src/stm32f4xx_hal_cortex.c.obj
 .debug_line    0x0000691b      0x8eb CMakeFiles/test.dir/Drivers/STM32F4xx_HAL_Driver/Src/stm32f4xx_hal.c.obj
 .debug_line    0x00007206     0x33f0 CMakeFiles/test.dir/Drivers/STM32F4xx_HAL_Driver/Src/stm32f4xx_hal_tim.c.obj
 .debug_line    0x0000a5f6     0x1879 CMakeFiles/test.dir/Drivers/STM32F4xx_HAL_Driver/Src/stm32f4xx_hal_tim_ex.c.obj
 .debug_line    0x0000be6f     0x27ab CMakeFiles/test.dir/Drivers/STM32F4xx_HAL_Driver/Src/stm32f4xx_hal_uart.c.obj
 .debug_line    0x0000e61a      0x685 CMakeFiles/test.dir/Core/Src/system_stm32f4xx.c.obj
 .debug_line    0x0000ec9f      0x314 CMakeFiles/test.dir/Core/Src/sysmem.c.obj
 .debug_line    0x0000efb3      0x61e CMakeFiles/test.dir/Core/Src/syscalls.c.obj
 .debug_line    0x0000f5d1       0x8b CMakeFiles/test.dir/startup_stm32f401xc.s.obj

.debug_str      0x00000000    0x92e87
 .debug_str     0x00000000    0x89fb9 CMakeFiles/test.dir/Core/Src/Hardware/step_motor/step_motor.c.obj
                              0x8a324 (size before relaxing)
 .debug_str     0x00089fb9     0x43bb CMakeFiles/test.dir/Core/Src/main.c.obj
                              0x8e5b4 (size before relaxing)
 .debug_str     0x0008e374       0x84 CMakeFiles/test.dir/Core/Src/gpio.c.obj
                              0x86304 (size before relaxing)
 .debug_str     0x0008e3f8      0x612 CMakeFiles/test.dir/Core/Src/tim.c.obj
                              0x86e3e (size before relaxing)
 .debug_str     0x0008ea0a      0x23b CMakeFiles/test.dir/Core/Src/usart.c.obj
                              0x86b2f (size before relaxing)
 .debug_str     0x0008ec45      0x10a CMakeFiles/test.dir/Core/Src/stm32f4xx_it.c.obj
                              0x86976 (size before relaxing)
 .debug_str     0x0008ed4f       0x3e CMakeFiles/test.dir/Core/Src/stm32f4xx_hal_msp.c.obj
                              0x86267 (size before relaxing)
 .debug_str     0x0008ed8d      0x2f2 CMakeFiles/test.dir/Drivers/STM32F4xx_HAL_Driver/Src/stm32f4xx_hal_rcc.c.obj
                              0x86724 (size before relaxing)
 .debug_str     0x0008f07f      0x171 CMakeFiles/test.dir/Drivers/STM32F4xx_HAL_Driver/Src/stm32f4xx_hal_gpio.c.obj
                              0x86492 (size before relaxing)
 .debug_str     0x0008f1f0      0x335 CMakeFiles/test.dir/Drivers/STM32F4xx_HAL_Driver/Src/stm32f4xx_hal_dma.c.obj
                              0x86713 (size before relaxing)
 .debug_str     0x0008f525      0x455 CMakeFiles/test.dir/Drivers/STM32F4xx_HAL_Driver/Src/stm32f4xx_hal_cortex.c.obj
                              0x86aa3 (size before relaxing)
 .debug_str     0x0008f97a      0x5b9 CMakeFiles/test.dir/Drivers/STM32F4xx_HAL_Driver/Src/stm32f4xx_hal.c.obj
                              0x86cea (size before relaxing)
 .debug_str     0x0008ff33      0xcaa CMakeFiles/test.dir/Drivers/STM32F4xx_HAL_Driver/Src/stm32f4xx_hal_tim.c.obj
                              0x87606 (size before relaxing)
 .debug_str     0x00090bdd      0x500 CMakeFiles/test.dir/Drivers/STM32F4xx_HAL_Driver/Src/stm32f4xx_hal_tim_ex.c.obj
                              0x86da7 (size before relaxing)
 .debug_str     0x000910dd      0x63d CMakeFiles/test.dir/Drivers/STM32F4xx_HAL_Driver/Src/stm32f4xx_hal_uart.c.obj
                              0x86ca3 (size before relaxing)
 .debug_str     0x0009171a       0x5c CMakeFiles/test.dir/Core/Src/system_stm32f4xx.c.obj
                              0x86317 (size before relaxing)
 .debug_str     0x00091776      0x4e4 CMakeFiles/test.dir/Core/Src/sysmem.c.obj
                               0x57d1 (size before relaxing)
 .debug_str     0x00091c5a     0x11f4 CMakeFiles/test.dir/Core/Src/syscalls.c.obj
                               0x8520 (size before relaxing)
 .debug_str     0x00092e4e       0x39 CMakeFiles/test.dir/startup_stm32f401xc.s.obj
                                 0x66 (size before relaxing)

.comment        0x00000000       0x49
 .comment       0x00000000       0x49 CMakeFiles/test.dir/Core/Src/Hardware/step_motor/step_motor.c.obj
                                 0x4a (size before relaxing)
 .comment       0x00000049       0x4a CMakeFiles/test.dir/Core/Src/main.c.obj
 .comment       0x00000049       0x4a CMakeFiles/test.dir/Core/Src/gpio.c.obj
 .comment       0x00000049       0x4a CMakeFiles/test.dir/Core/Src/tim.c.obj
 .comment       0x00000049       0x4a CMakeFiles/test.dir/Core/Src/usart.c.obj
 .comment       0x00000049       0x4a CMakeFiles/test.dir/Core/Src/stm32f4xx_it.c.obj
 .comment       0x00000049       0x4a CMakeFiles/test.dir/Core/Src/stm32f4xx_hal_msp.c.obj
 .comment       0x00000049       0x4a CMakeFiles/test.dir/Drivers/STM32F4xx_HAL_Driver/Src/stm32f4xx_hal_rcc.c.obj
 .comment       0x00000049       0x4a CMakeFiles/test.dir/Drivers/STM32F4xx_HAL_Driver/Src/stm32f4xx_hal_gpio.c.obj
 .comment       0x00000049       0x4a CMakeFiles/test.dir/Drivers/STM32F4xx_HAL_Driver/Src/stm32f4xx_hal_dma.c.obj
 .comment       0x00000049       0x4a CMakeFiles/test.dir/Drivers/STM32F4xx_HAL_Driver/Src/stm32f4xx_hal_cortex.c.obj
 .comment       0x00000049       0x4a CMakeFiles/test.dir/Drivers/STM32F4xx_HAL_Driver/Src/stm32f4xx_hal.c.obj
 .comment       0x00000049       0x4a CMakeFiles/test.dir/Drivers/STM32F4xx_HAL_Driver/Src/stm32f4xx_hal_tim.c.obj
 .comment       0x00000049       0x4a CMakeFiles/test.dir/Drivers/STM32F4xx_HAL_Driver/Src/stm32f4xx_hal_tim_ex.c.obj
 .comment       0x00000049       0x4a CMakeFiles/test.dir/Drivers/STM32F4xx_HAL_Driver/Src/stm32f4xx_hal_uart.c.obj
 .comment       0x00000049       0x4a CMakeFiles/test.dir/Core/Src/system_stm32f4xx.c.obj
 .comment       0x00000049       0x4a CMakeFiles/test.dir/Core/Src/sysmem.c.obj
 .comment       0x00000049       0x4a CMakeFiles/test.dir/Core/Src/syscalls.c.obj
