Archive member included to satisfy reference by file (symbol)

d:/clion/gcc-arm-none-eabi-10.3-2021.10-win32/gcc-arm-none-eabi-10.3-2021.10/bin/../lib/gcc/arm-none-eabi/10.3.1/../../../../arm-none-eabi/lib/thumb/v7e-m+fp/hard\libc_nano.a(lib_a-exit.o)
                              d:/clion/gcc-arm-none-eabi-10.3-2021.10-win32/gcc-arm-none-eabi-10.3-2021.10/bin/../lib/gcc/arm-none-eabi/10.3.1/../../../../arm-none-eabi/lib/thumb/v7e-m+fp/hard/crt0.o (exit)
d:/clion/gcc-arm-none-eabi-10.3-2021.10-win32/gcc-arm-none-eabi-10.3-2021.10/bin/../lib/gcc/arm-none-eabi/10.3.1/../../../../arm-none-eabi/lib/thumb/v7e-m+fp/hard\libc_nano.a(lib_a-impure.o)
                              d:/clion/gcc-arm-none-eabi-10.3-2021.10-win32/gcc-arm-none-eabi-10.3-2021.10/bin/../lib/gcc/arm-none-eabi/10.3.1/../../../../arm-none-eabi/lib/thumb/v7e-m+fp/hard\libc_nano.a(lib_a-exit.o) (_global_impure_ptr)
d:/clion/gcc-arm-none-eabi-10.3-2021.10-win32/gcc-arm-none-eabi-10.3-2021.10/bin/../lib/gcc/arm-none-eabi/10.3.1/../../../../arm-none-eabi/lib/thumb/v7e-m+fp/hard\libc_nano.a(lib_a-init.o)
                              d:/clion/gcc-arm-none-eabi-10.3-2021.10-win32/gcc-arm-none-eabi-10.3-2021.10/bin/../lib/gcc/arm-none-eabi/10.3.1/../../../../arm-none-eabi/lib/thumb/v7e-m+fp/hard/crt0.o (__libc_init_array)
d:/clion/gcc-arm-none-eabi-10.3-2021.10-win32/gcc-arm-none-eabi-10.3-2021.10/bin/../lib/gcc/arm-none-eabi/10.3.1/../../../../arm-none-eabi/lib/thumb/v7e-m+fp/hard\libc_nano.a(lib_a-memset.o)
                              d:/clion/gcc-arm-none-eabi-10.3-2021.10-win32/gcc-arm-none-eabi-10.3-2021.10/bin/../lib/gcc/arm-none-eabi/10.3.1/../../../../arm-none-eabi/lib/thumb/v7e-m+fp/hard/crt0.o (memset)
d:/clion/gcc-arm-none-eabi-10.3-2021.10-win32/gcc-arm-none-eabi-10.3-2021.10/bin/../lib/gcc/arm-none-eabi/10.3.1/thumb/v7e-m+fp/hard\libgcc.a(_arm_muldf3.o)
                              CMakeFiles/test.dir/Core/Src/Hardware/IMU/MPU/DMP/inv_mpu.c.obj (__aeabi_dmul)
d:/clion/gcc-arm-none-eabi-10.3-2021.10-win32/gcc-arm-none-eabi-10.3-2021.10/bin/../lib/gcc/arm-none-eabi/10.3.1/thumb/v7e-m+fp/hard\libgcc.a(_arm_addsubdf3.o)
                              CMakeFiles/test.dir/Core/Src/Conmunication/serial.c.obj (__aeabi_dsub)
d:/clion/gcc-arm-none-eabi-10.3-2021.10-win32/gcc-arm-none-eabi-10.3-2021.10/bin/../lib/gcc/arm-none-eabi/10.3.1/thumb/v7e-m+fp/hard\libgcc.a(_arm_muldivdf3.o)
                              CMakeFiles/test.dir/Core/Src/Hardware/Motor/motor.c.obj (__aeabi_ddiv)
d:/clion/gcc-arm-none-eabi-10.3-2021.10-win32/gcc-arm-none-eabi-10.3-2021.10/bin/../lib/gcc/arm-none-eabi/10.3.1/thumb/v7e-m+fp/hard\libgcc.a(_arm_truncdfsf2.o)
                              CMakeFiles/test.dir/Core/Src/Hardware/Motor/motor.c.obj (__aeabi_d2f)
d:/clion/gcc-arm-none-eabi-10.3-2021.10-win32/gcc-arm-none-eabi-10.3-2021.10/bin/../lib/gcc/arm-none-eabi/10.3.1/thumb/v7e-m+fp/hard\libgcc.a(_aeabi_ldivmod.o)
                              CMakeFiles/test.dir/Core/Src/Hardware/IMU/MPU/DMP/inv_mpu.c.obj (__aeabi_ldivmod)
d:/clion/gcc-arm-none-eabi-10.3-2021.10-win32/gcc-arm-none-eabi-10.3-2021.10/bin/../lib/gcc/arm-none-eabi/10.3.1/thumb/v7e-m+fp/hard\libgcc.a(_aeabi_uldivmod.o)
                              CMakeFiles/test.dir/Drivers/STM32F4xx_HAL_Driver/Src/stm32f4xx_hal_rcc.c.obj (__aeabi_uldivmod)
d:/clion/gcc-arm-none-eabi-10.3-2021.10-win32/gcc-arm-none-eabi-10.3-2021.10/bin/../lib/gcc/arm-none-eabi/10.3.1/thumb/v7e-m+fp/hard\libgcc.a(_udivmoddi4.o)
                              d:/clion/gcc-arm-none-eabi-10.3-2021.10-win32/gcc-arm-none-eabi-10.3-2021.10/bin/../lib/gcc/arm-none-eabi/10.3.1/thumb/v7e-m+fp/hard\libgcc.a(_aeabi_ldivmod.o) (__udivmoddi4)
d:/clion/gcc-arm-none-eabi-10.3-2021.10-win32/gcc-arm-none-eabi-10.3-2021.10/bin/../lib/gcc/arm-none-eabi/10.3.1/thumb/v7e-m+fp/hard\libgcc.a(_dvmd_tls.o)
                              d:/clion/gcc-arm-none-eabi-10.3-2021.10-win32/gcc-arm-none-eabi-10.3-2021.10/bin/../lib/gcc/arm-none-eabi/10.3.1/thumb/v7e-m+fp/hard\libgcc.a(_aeabi_ldivmod.o) (__aeabi_ldiv0)
d:/clion/gcc-arm-none-eabi-10.3-2021.10-win32/gcc-arm-none-eabi-10.3-2021.10/bin/../lib/gcc/arm-none-eabi/10.3.1/../../../../arm-none-eabi/lib/thumb/v7e-m+fp/hard\libg_nano.a(lib_a-errno.o)
                              CMakeFiles/test.dir/Core/Src/sysmem.c.obj (__errno)
d:/clion/gcc-arm-none-eabi-10.3-2021.10-win32/gcc-arm-none-eabi-10.3-2021.10/bin/../lib/gcc/arm-none-eabi/10.3.1/../../../../arm-none-eabi/lib/thumb/v7e-m+fp/hard\libg_nano.a(lib_a-memcmp.o)
                              CMakeFiles/test.dir/Core/Src/Hardware/IMU/MPU/DMP/inv_mpu.c.obj (memcmp)
d:/clion/gcc-arm-none-eabi-10.3-2021.10-win32/gcc-arm-none-eabi-10.3-2021.10/bin/../lib/gcc/arm-none-eabi/10.3.1/../../../../arm-none-eabi/lib/thumb/v7e-m+fp/hard\libg_nano.a(lib_a-printf.o)
                              CMakeFiles/test.dir/Core/Src/main.c.obj (printf)
[...]
Memory Configuration

Name             Origin             Length             Attributes
RAM              0x20000000         0x00020000         xrw
FLASH            0x08000000         0x00080000         xr
*default*        0x00000000         0xffffffff

Linker script and memory map

LOAD d:/clion/gcc-arm-none-eabi-10.3-2021.10-win32/gcc-arm-none-eabi-10.3-2021.10/bin/../lib/gcc/arm-none-eabi/10.3.1/thumb/v7e-m+fp/hard/crti.o
LOAD d:/clion/gcc-arm-none-eabi-10.3-2021.10-win32/gcc-arm-none-eabi-10.3-2021.10/bin/../lib/gcc/arm-none-eabi/10.3.1/thumb/v7e-m+fp/hard/crtbegin.o
LOAD d:/clion/gcc-arm-none-eabi-10.3-2021.10-win32/gcc-arm-none-eabi-10.3-2021.10/bin/../lib/gcc/arm-none-eabi/10.3.1/../../../../arm-none-eabi/lib/thumb/v7e-m+fp/hard/crt0.o
START GROUP
LOAD d:/clion/gcc-arm-none-eabi-10.3-2021.10-win32/gcc-arm-none-eabi-10.3-2021.10/bin/../lib/gcc/arm-none-eabi/10.3.1/../../../../arm-none-eabi/lib/thumb/v7e-m+fp/hard\libc_nano.a
LOAD d:/clion/gcc-arm-none-eabi-10.3-2021.10-win32/gcc-arm-none-eabi-10.3-2021.10/bin/../lib/gcc/arm-none-eabi/10.3.1/../../../../arm-none-eabi/lib/thumb/v7e-m+fp/hard\libm.a
END GROUP
LOAD CMakeFiles/test.dir/Core/Src/sys/delay/delay.c.obj
LOAD CMakeFiles/test.dir/Core/Src/sys/Config/config.c.obj
LOAD CMakeFiles/test.dir/Core/Src/Hardware/step_motor/step_motor.c.obj
LOAD CMakeFiles/test.dir/Core/Src/Hardware/step_motor/step_Track.c.obj
LOAD CMakeFiles/test.dir/Core/Src/Hardware/Motor/control.c.obj
LOAD CMakeFiles/test.dir/Core/Src/Hardware/Motor/filter.c.obj
LOAD CMakeFiles/test.dir/Core/Src/Hardware/Motor/motor.c.obj
LOAD CMakeFiles/test.dir/Core/Src/Hardware/Screen/OLED/OLED.c.obj
LOAD CMakeFiles/test.dir/Core/Src/Conmunication/serial.c.obj
LOAD CMakeFiles/test.dir/Core/Src/Hardware/IMU/MPU/MPU6050/mpu6050.c.obj
LOAD CMakeFiles/test.dir/Core/Src/Hardware/IMU/MPU/DMP/inv_mpu.c.obj
LOAD CMakeFiles/test.dir/Core/Src/Hardware/IMU/MPU/DMP/inv_mpu_dmp_motion_driver.c.obj
LOAD CMakeFiles/test.dir/Core/Src/main.c.obj
LOAD CMakeFiles/test.dir/Core/Src/gpio.c.obj
LOAD CMakeFiles/test.dir/Core/Src/i2c.c.obj
LOAD CMakeFiles/test.dir/Core/Src/tim.c.obj
LOAD CMakeFiles/test.dir/Core/Src/usart.c.obj
LOAD CMakeFiles/test.dir/Core/Src/stm32f4xx_it.c.obj
LOAD CMakeFiles/test.dir/Core/Src/stm32f4xx_hal_msp.c.obj
LOAD CMakeFiles/test.dir/Drivers/STM32F4xx_HAL_Driver/Src/stm32f4xx_hal_i2c.c.obj
LOAD CMakeFiles/test.dir/Drivers/STM32F4xx_HAL_Driver/Src/stm32f4xx_hal_i2c_ex.c.obj
LOAD CMakeFiles/test.dir/Drivers/STM32F4xx_HAL_Driver/Src/stm32f4xx_hal_rcc.c.obj
LOAD CMakeFiles/test.dir/Drivers/STM32F4xx_HAL_Driver/Src/stm32f4xx_hal_rcc_ex.c.obj
LOAD CMakeFiles/test.dir/Drivers/STM32F4xx_HAL_Driver/Src/stm32f4xx_hal_flash.c.obj
LOAD CMakeFiles/test.dir/Drivers/STM32F4xx_HAL_Driver/Src/stm32f4xx_hal_flash_ex.c.obj
LOAD CMakeFiles/test.dir/Drivers/STM32F4xx_HAL_Driver/Src/stm32f4xx_hal_flash_ramfunc.c.obj
LOAD CMakeFiles/test.dir/Drivers/STM32F4xx_HAL_Driver/Src/stm32f4xx_hal_gpio.c.obj
LOAD CMakeFiles/test.dir/Drivers/STM32F4xx_HAL_Driver/Src/stm32f4xx_hal_dma_ex.c.obj
LOAD CMakeFiles/test.dir/Drivers/STM32F4xx_HAL_Driver/Src/stm32f4xx_hal_dma.c.obj
LOAD CMakeFiles/test.dir/Drivers/STM32F4xx_HAL_Driver/Src/stm32f4xx_hal_pwr.c.obj
LOAD CMakeFiles/test.dir/Drivers/STM32F4xx_HAL_Driver/Src/stm32f4xx_hal_pwr_ex.c.obj
LOAD CMakeFiles/test.dir/Drivers/STM32F4xx_HAL_Driver/Src/stm32f4xx_hal_cortex.c.obj
LOAD CMakeFiles/test.dir/Drivers/STM32F4xx_HAL_Driver/Src/stm32f4xx_hal.c.obj
LOAD CMakeFiles/test.dir/Drivers/STM32F4xx_HAL_Driver/Src/stm32f4xx_hal_exti.c.obj
LOAD CMakeFiles/test.dir/Drivers/STM32F4xx_HAL_Driver/Src/stm32f4xx_hal_tim.c.obj
LOAD CMakeFiles/test.dir/Drivers/STM32F4xx_HAL_Driver/Src/stm32f4xx_hal_tim_ex.c.obj
LOAD CMakeFiles/test.dir/Drivers/STM32F4xx_HAL_Driver/Src/stm32f4xx_hal_uart.c.obj
LOAD CMakeFiles/test.dir/Core/Src/system_stm32f4xx.c.obj
LOAD CMakeFiles/test.dir/Core/Src/sysmem.c.obj
LOAD CMakeFiles/test.dir/Core/Src/syscalls.c.obj
LOAD CMakeFiles/test.dir/startup_stm32f411xe.s.obj
START GROUP
LOAD d:/clion/gcc-arm-none-eabi-10.3-2021.10-win32/gcc-arm-none-eabi-10.3-2021.10/bin/../lib/gcc/arm-none-eabi/10.3.1/thumb/v7e-m+fp/hard\libgcc.a
LOAD d:/clion/gcc-arm-none-eabi-10.3-2021.10-win32/gcc-arm-none-eabi-10.3-2021.10/bin/../lib/gcc/arm-none-eabi/10.3.1/../../../../arm-none-eabi/lib/thumb/v7e-m+fp/hard\libg_nano.a
LOAD d:/clion/gcc-arm-none-eabi-10.3-2021.10-win32/gcc-arm-none-eabi-10.3-2021.10/bin/../lib/gcc/arm-none-eabi/10.3.1/../../../../arm-none-eabi/lib/thumb/v7e-m+fp/hard\libc_nano.a
END GROUP
START GROUP
LOAD d:/clion/gcc-arm-none-eabi-10.3-2021.10-win32/gcc-arm-none-eabi-10.3-2021.10/bin/../lib/gcc/arm-none-eabi/10.3.1/thumb/v7e-m+fp/hard\libgcc.a
LOAD d:/clion/gcc-arm-none-eabi-10.3-2021.10-win32/gcc-arm-none-eabi-10.3-2021.10/bin/../lib/gcc/arm-none-eabi/10.3.1/../../../../arm-none-eabi/lib/thumb/v7e-m+fp/hard\libc_nano.a
END GROUP
LOAD d:/clion/gcc-arm-none-eabi-10.3-2021.10-win32/gcc-arm-none-eabi-10.3-2021.10/bin/../lib/gcc/arm-none-eabi/10.3.1/thumb/v7e-m+fp/hard/crtend.o
LOAD d:/clion/gcc-arm-none-eabi-10.3-2021.10-win32/gcc-arm-none-eabi-10.3-2021.10/bin/../lib/gcc/arm-none-eabi/10.3.1/thumb/v7e-m+fp/hard/crtn.o
                0x20020000                _estack = (ORIGIN (RAM) + LENGTH (RAM))
                0x00000200                _Min_Heap_Size = 0x200
                0x00000400                _Min_Stack_Size = 0x400

.isr_vector     0x08000000      0x198
                0x08000000                . = ALIGN (0x4)
 *(.isr_vector)
 .isr_vector    0x08000000      0x198 CMakeFiles/test.dir/startup_stm32f411xe.s.obj
                0x08000000                g_pfnVectors
                0x08000198                . = ALIGN (0x4)

.text           0x080001a0     0xc390
                0x080001a0                . = ALIGN (0x4)
 *(.text)
 .text          0x080001a0       0x40 d:/clion/gcc-arm-none-eabi-10.3-2021.10-win32/gcc-arm-none-eabi-10.3-2021.10/bin/../lib/gcc/arm-none-eabi/10.3.1/thumb/v7e-m+fp/hard/crtbegin.o
 .text          0x080001e0      0x378 d:/clion/gcc-arm-none-eabi-10.3-2021.10-win32/gcc-arm-none-eabi-10.3-2021.10/bin/../lib/gcc/arm-none-eabi/10.3.1/thumb/v7e-m+fp/hard\libgcc.a(_arm_addsubdf3.o)
                0x080001e0                __aeabi_drsub
                0x080001e8                __aeabi_dsub
                0x080001e8                __subdf3
                0x080001ec                __aeabi_dadd
                0x080001ec                __adddf3
                0x08000464                __floatunsidf
                0x08000464                __aeabi_ui2d
                0x08000484                __floatsidf
                0x08000484                __aeabi_i2d
                0x080004a8                __aeabi_f2d
                0x080004a8                __extendsfdf2
                0x080004ec                __floatundidf
                0x080004ec                __aeabi_ul2d
                0x080004fc                __floatdidf
                0x080004fc                __aeabi_l2d
 .text          0x08000558      0x424 d:/clion/gcc-arm-none-eabi-10.3-2021.10-win32/gcc-arm-none-eabi-10.3-2021.10/bin/../lib/gcc/arm-none-eabi/10.3.1/thumb/v7e-m+fp/hard\libgcc.a(_arm_muldivdf3.o)
                0x08000558                __aeabi_dmul
                0x08000558                __muldf3
                0x080007ac                __divdf3
                0x080007ac                __aeabi_ddiv
 .text          0x0800097c       0xa0 d:/clion/gcc-arm-none-eabi-10.3-2021.10-win32/gcc-arm-none-eabi-10.3-2021.10/bin/../lib/gcc/arm-none-eabi/10.3.1/thumb/v7e-m+fp/hard\libgcc.a(_arm_truncdfsf2.o)
                0x0800097c                __truncdfsf2
                0x0800097c                __aeabi_d2f
 .text          0x08000a1c       0xa0 d:/clion/gcc-arm-none-eabi-10.3-2021.10-win32/gcc-arm-none-eabi-10.3-2021.10/bin/../lib/gcc/arm-none-eabi/10.3.1/thumb/v7e-m+fp/hard\libgcc.a(_aeabi_ldivmod.o)
                0x08000a1c                __aeabi_ldivmod
 .text          0x08000abc       0x30 d:/clion/gcc-arm-none-eabi-10.3-2021.10-win32/gcc-arm-none-eabi-10.3-2021.10/bin/../lib/gcc/arm-none-eabi/10.3.1/thumb/v7e-m+fp/hard\libgcc.a(_aeabi_uldivmod.o)
                0x08000abc                __aeabi_uldivmod
 .text          0x08000aec      0x2d0 d:/clion/gcc-arm-none-eabi-10.3-2021.10-win32/gcc-arm-none-eabi-10.3-2021.10/bin/../lib/gcc/arm-none-eabi/10.3.1/thumb/v7e-m+fp/hard\libgcc.a(_udivmoddi4.o)
                0x08000aec                __udivmoddi4
 .text          0x08000dbc        0x4 d:/clion/gcc-arm-none-eabi-10.3-2021.10-win32/gcc-arm-none-eabi-10.3-2021.10/bin/../lib/gcc/arm-none-eabi/10.3.1/thumb/v7e-m+fp/hard\libgcc.a(_dvmd_tls.o)
                0x08000dbc                __aeabi_idiv0
                0x08000dbc                __aeabi_ldiv0
 .text          0x08000dc0       0xa0 d:/clion/gcc-arm-none-eabi-10.3-2021.10-win32/gcc-arm-none-eabi-10.3-2021.10/bin/../lib/gcc/arm-none-eabi/10.3.1/../../../../arm-none-eabi/lib/thumb/v7e-m+fp/hard\libg_nano.a(lib_a-memchr.o)
                0x08000dc0                memchr
 .text          0x08000e60      0x110 d:/clion/gcc-arm-none-eabi-10.3-2021.10-win32/gcc-arm-none-eabi-10.3-2021.10/bin/../lib/gcc/arm-none-eabi/10.3.1/thumb/v7e-m+fp/hard\libgcc.a(_arm_cmpdf2.o)
                0x08000e60                __gtdf2
                0x08000e60                __gedf2
                0x08000e68                __ltdf2
                0x08000e68                __ledf2
                0x08000e70                __nedf2
                0x08000e70                __eqdf2
                0x08000e70                __cmpdf2
                0x08000eec                __aeabi_cdrcmple
                0x08000efc                __aeabi_cdcmpeq
                0x08000efc                __aeabi_cdcmple
                0x08000f0c                __aeabi_dcmpeq
                0x08000f20                __aeabi_dcmplt
                0x08000f34                __aeabi_dcmple
                0x08000f48                __aeabi_dcmpge
                0x08000f5c                __aeabi_dcmpgt
 .text          0x08000f70       0x2c d:/clion/gcc-arm-none-eabi-10.3-2021.10-win32/gcc-arm-none-eabi-10.3-2021.10/bin/../lib/gcc/arm-none-eabi/10.3.1/thumb/v7e-m+fp/hard\libgcc.a(_arm_unorddf2.o)
                0x08000f70                __unorddf2
                0x08000f70                __aeabi_dcmpun
 *(.text*)
 .text.__libc_init_array
                0x08000f9c       0x48 d:/clion/gcc-arm-none-eabi-10.3-2021.10-win32/gcc-arm-none-eabi-10.3-2021.10/bin/../lib/gcc/arm-none-eabi/10.3.1/../../../../arm-none-eabi/lib/thumb/v7e-m+fp/hard\libc_nano.a(lib_a-init.o)
                0x08000f9c                __libc_init_array
 .text.memset   0x08000fe4       0x10 d:/clion/gcc-arm-none-eabi-10.3-2021.10-win32/gcc-arm-none-eabi-10.3-2021.10/bin/../lib/gcc/arm-none-eabi/10.3.1/../../../../arm-none-eabi/lib/thumb/v7e-m+fp/hard\libc_nano.a(lib_a-memset.o)
                0x08000fe4                memset
 .text.config_init
                0x08000ff4       0x20 CMakeFiles/test.dir/Core/Src/sys/Config/config.c.obj
                0x08000ff4                config_init
 .text.Stepper_UpdateHandler
                0x08001014       0x54 CMakeFiles/test.dir/Core/Src/Hardware/step_motor/step_motor.c.obj
                0x08001014                Stepper_UpdateHandler
 .text.HAL_TIM_PWM_PulseFinishedCallback
                0x08001068       0x28 CMakeFiles/test.dir/Core/Src/Hardware/step_motor/step_motor.c.obj
                0x08001068                HAL_TIM_PWM_PulseFinishedCallback
 .text.LIMIT    0x08001090       0x52 CMakeFiles/test.dir/Core/Src/Hardware/Motor/control.c.obj
 *fill*         0x080010e2        0x2 
 .text.pid_calculate
                0x080010e4      0x154 CMakeFiles/test.dir/Core/Src/Hardware/Motor/control.c.obj
 .text.Motor_PID_Calculation
                0x08001238       0xb0 CMakeFiles/test.dir/Core/Src/Hardware/Motor/control.c.obj
 .text.set_target_speed
                0x080012e8       0x38 CMakeFiles/test.dir/Core/Src/Hardware/Motor/control.c.obj
 .text.Motor_PID_init
                0x08001320       0x5c CMakeFiles/test.dir/Core/Src/Hardware/Motor/control.c.obj
                0x08001320                Motor_PID_init
 .text.pin1_set
                0x0800137c       0x34 CMakeFiles/test.dir/Core/Src/Hardware/Motor/motor.c.obj
 .text.pin1_reset
                0x080013b0       0x38 CMakeFiles/test.dir/Core/Src/Hardware/Motor/motor.c.obj
 .text.pin2_set
                0x080013e8       0x34 CMakeFiles/test.dir/Core/Src/Hardware/Motor/motor.c.obj
 .text.pin2_reset
                0x0800141c       0x38 CMakeFiles/test.dir/Core/Src/Hardware/Motor/motor.c.obj
 .text.set_freq
                0x08001454      0x1a4 CMakeFiles/test.dir/Core/Src/Hardware/Motor/motor.c.obj
 .text.pwm_setcompare
                0x080015f8       0x8c CMakeFiles/test.dir/Core/Src/Hardware/Motor/motor.c.obj
 .text.pwm_start
                0x08001684       0x34 CMakeFiles/test.dir/Core/Src/Hardware/Motor/motor.c.obj
 .text.pwm_stop
                0x080016b8       0x34 CMakeFiles/test.dir/Core/Src/Hardware/Motor/motor.c.obj
 .text.encoder_start
                0x080016ec       0x30 CMakeFiles/test.dir/Core/Src/Hardware/Motor/motor.c.obj
 .text.encoder_stop
                0x0800171c       0x30 CMakeFiles/test.dir/Core/Src/Hardware/Motor/motor.c.obj
 .text.encoder_reset
                0x0800174c       0x34 CMakeFiles/test.dir/Core/Src/Hardware/Motor/motor.c.obj
 .text.encoder_get
                0x08001780       0x4c CMakeFiles/test.dir/Core/Src/Hardware/Motor/motor.c.obj
 .text.M_P      0x080017cc       0x70 CMakeFiles/test.dir/Core/Src/Hardware/Motor/motor.c.obj
 .text.M_N      0x0800183c       0x6c CMakeFiles/test.dir/Core/Src/Hardware/Motor/motor.c.obj
 .text.M_S      0x080018a8       0x30 CMakeFiles/test.dir/Core/Src/Hardware/Motor/motor.c.obj
 .text.set_speed
                0x080018d8       0x74 CMakeFiles/test.dir/Core/Src/Hardware/Motor/motor.c.obj
 .text.get_speed
                0x0800194c       0x48 CMakeFiles/test.dir/Core/Src/Hardware/Motor/motor.c.obj
 .text.motor_attach
                0x08001994      0x11c CMakeFiles/test.dir/Core/Src/Hardware/Motor/motor.c.obj
                0x08001994                motor_attach
 .text.motor_init
                0x08001ab0       0xac CMakeFiles/test.dir/Core/Src/Hardware/Motor/motor.c.obj
                0x08001ab0                motor_init
 *fill*         0x08001b5c        0x4 
 .text.debug_serial
                0x08001b60      0x194 CMakeFiles/test.dir/Core/Src/Conmunication/serial.c.obj
                0x08001b60                debug_serial
 .text.MPU6050_WriteReg
                0x08001cf4       0x38 CMakeFiles/test.dir/Core/Src/Hardware/IMU/MPU/MPU6050/mpu6050.c.obj
                0x08001cf4                MPU6050_WriteReg
 .text.MPU6050ReadID
                0x08001d2c       0x54 CMakeFiles/test.dir/Core/Src/Hardware/IMU/MPU/MPU6050/mpu6050.c.obj
                0x08001d2c                MPU6050ReadID
 .text.MPU6050_Init
                0x08001d80       0xac CMakeFiles/test.dir/Core/Src/Hardware/IMU/MPU/MPU6050/mpu6050.c.obj
                0x08001d80                MPU6050_Init
 .text.set_int_enable
                0x08001e2c       0xe0 CMakeFiles/test.dir/Core/Src/Hardware/IMU/MPU/DMP/inv_mpu.c.obj
 .text.mpu_init
                0x08001f0c      0x180 CMakeFiles/test.dir/Core/Src/Hardware/IMU/MPU/DMP/inv_mpu.c.obj
                0x08001f0c                mpu_init
 .text.mpu_lp_accel_mode
                0x0800208c      0x124 CMakeFiles/test.dir/Core/Src/Hardware/IMU/MPU/DMP/inv_mpu.c.obj
                0x0800208c                mpu_lp_accel_mode
 .text.mpu_reset_fifo
                0x080021b0      0x2f8 CMakeFiles/test.dir/Core/Src/Hardware/IMU/MPU/DMP/inv_mpu.c.obj
                0x080021b0                mpu_reset_fifo
 .text.mpu_get_gyro_fsr
                0x080024a8       0x68 CMakeFiles/test.dir/Core/Src/Hardware/IMU/MPU/DMP/inv_mpu.c.obj
                0x080024a8                mpu_get_gyro_fsr
 .text.mpu_set_gyro_fsr
                0x08002510       0xc0 CMakeFiles/test.dir/Core/Src/Hardware/IMU/MPU/DMP/inv_mpu.c.obj
                0x08002510                mpu_set_gyro_fsr
 .text.mpu_get_accel_fsr
                0x080025d0       0x74 CMakeFiles/test.dir/Core/Src/Hardware/IMU/MPU/DMP/inv_mpu.c.obj
                0x080025d0                mpu_get_accel_fsr
 .text.mpu_set_accel_fsr
                0x08002644       0xe8 CMakeFiles/test.dir/Core/Src/Hardware/IMU/MPU/DMP/inv_mpu.c.obj
                0x08002644                mpu_set_accel_fsr
 .text.mpu_get_lpf
                0x0800272c       0x7c CMakeFiles/test.dir/Core/Src/Hardware/IMU/MPU/DMP/inv_mpu.c.obj
                0x0800272c                mpu_get_lpf
 .text.mpu_set_lpf
                0x080027a8       0xb4 CMakeFiles/test.dir/Core/Src/Hardware/IMU/MPU/DMP/inv_mpu.c.obj
                0x080027a8                mpu_set_lpf
 .text.mpu_get_sample_rate
                0x0800285c       0x34 CMakeFiles/test.dir/Core/Src/Hardware/IMU/MPU/DMP/inv_mpu.c.obj
                0x0800285c                mpu_get_sample_rate
 .text.mpu_set_sample_rate
                0x08002890       0xe4 CMakeFiles/test.dir/Core/Src/Hardware/IMU/MPU/DMP/inv_mpu.c.obj
                0x08002890                mpu_set_sample_rate
 .text.mpu_get_gyro_sens
                0x08002974       0x70 CMakeFiles/test.dir/Core/Src/Hardware/IMU/MPU/DMP/inv_mpu.c.obj
                0x08002974                mpu_get_gyro_sens
 .text.mpu_get_accel_sens
                0x080029e4       0x7c CMakeFiles/test.dir/Core/Src/Hardware/IMU/MPU/DMP/inv_mpu.c.obj
                0x080029e4                mpu_get_accel_sens
 .text.mpu_get_fifo_config
                0x08002a60       0x24 CMakeFiles/test.dir/Core/Src/Hardware/IMU/MPU/DMP/inv_mpu.c.obj
                0x08002a60                mpu_get_fifo_config
 .text.mpu_configure_fifo
                0x08002a84       0xa4 CMakeFiles/test.dir/Core/Src/Hardware/IMU/MPU/DMP/inv_mpu.c.obj
                0x08002a84                mpu_configure_fifo
 .text.mpu_set_sensors
                0x08002b28      0x138 CMakeFiles/test.dir/Core/Src/Hardware/IMU/MPU/DMP/inv_mpu.c.obj
                0x08002b28                mpu_set_sensors
 .text.mpu_read_fifo_stream
                0x08002c60      0x13c CMakeFiles/test.dir/Core/Src/Hardware/IMU/MPU/DMP/inv_mpu.c.obj
                0x08002c60                mpu_read_fifo_stream
 .text.mpu_set_bypass
                0x08002d9c      0x208 CMakeFiles/test.dir/Core/Src/Hardware/IMU/MPU/DMP/inv_mpu.c.obj
                0x08002d9c                mpu_set_bypass
 .text.mpu_set_int_latched
                0x08002fa4       0xa0 CMakeFiles/test.dir/Core/Src/Hardware/IMU/MPU/DMP/inv_mpu.c.obj
                0x08002fa4                mpu_set_int_latched
 .text.get_accel_prod_shift
                0x08003044      0x134 CMakeFiles/test.dir/Core/Src/Hardware/IMU/MPU/DMP/inv_mpu.c.obj
 .text.accel_self_test
                0x08003178      0x108 CMakeFiles/test.dir/Core/Src/Hardware/IMU/MPU/DMP/inv_mpu.c.obj
 .text.gyro_self_test
                0x08003280      0x194 CMakeFiles/test.dir/Core/Src/Hardware/IMU/MPU/DMP/inv_mpu.c.obj
 .text.get_st_biases
                0x08003414      0x830 CMakeFiles/test.dir/Core/Src/Hardware/IMU/MPU/DMP/inv_mpu.c.obj
 .text.mpu_run_self_test
                0x08003c44      0x1ac CMakeFiles/test.dir/Core/Src/Hardware/IMU/MPU/DMP/inv_mpu.c.obj
                0x08003c44                mpu_run_self_test
 .text.mpu_write_mem
                0x08003df0       0xd0 CMakeFiles/test.dir/Core/Src/Hardware/IMU/MPU/DMP/inv_mpu.c.obj
                0x08003df0                mpu_write_mem
 .text.mpu_read_mem
                0x08003ec0       0xd0 CMakeFiles/test.dir/Core/Src/Hardware/IMU/MPU/DMP/inv_mpu.c.obj
                0x08003ec0                mpu_read_mem
 .text.mpu_load_firmware
                0x08003f90      0x114 CMakeFiles/test.dir/Core/Src/Hardware/IMU/MPU/DMP/inv_mpu.c.obj
                0x08003f90                mpu_load_firmware
 .text.mpu_set_dmp_state
                0x080040a4       0xd0 CMakeFiles/test.dir/Core/Src/Hardware/IMU/MPU/DMP/inv_mpu.c.obj
                0x080040a4                mpu_set_dmp_state
 .text.inv_row_2_scale
                0x08004174       0x82 CMakeFiles/test.dir/Core/Src/Hardware/IMU/MPU/DMP/inv_mpu.c.obj
                0x08004174                inv_row_2_scale
 .text.inv_orientation_matrix_to_scalar
                0x080041f6       0x50 CMakeFiles/test.dir/Core/Src/Hardware/IMU/MPU/DMP/inv_mpu.c.obj
                0x080041f6                inv_orientation_matrix_to_scalar
 .text.run_self_test
                0x08004246       0xc4 CMakeFiles/test.dir/Core/Src/Hardware/IMU/MPU/DMP/inv_mpu.c.obj
                0x08004246                run_self_test
 *fill*         0x0800430a        0x2 
 .text.mpu_dmp_init
                0x0800430c       0xdc CMakeFiles/test.dir/Core/Src/Hardware/IMU/MPU/DMP/inv_mpu.c.obj
                0x0800430c                mpu_dmp_init
 .text.mpu_dmp_get_data
                0x080043e8      0x25c CMakeFiles/test.dir/Core/Src/Hardware/IMU/MPU/DMP/inv_mpu.c.obj
                0x080043e8                mpu_dmp_get_data
 .text.dmp_load_motion_driver_firmware
                0x08004644       0x20 CMakeFiles/test.dir/Core/Src/Hardware/IMU/MPU/DMP/inv_mpu_dmp_motion_driver.c.obj
                0x08004644                dmp_load_motion_driver_firmware
 .text.dmp_set_orientation
                0x08004664      0x1d8 CMakeFiles/test.dir/Core/Src/Hardware/IMU/MPU/DMP/inv_mpu_dmp_motion_driver.c.obj
                0x08004664                dmp_set_orientation
 .text.dmp_set_gyro_bias
                0x0800483c      0x214 CMakeFiles/test.dir/Core/Src/Hardware/IMU/MPU/DMP/inv_mpu_dmp_motion_driver.c.obj
                0x0800483c                dmp_set_gyro_bias
 .text.dmp_set_accel_bias
                0x08004a50      0x208 CMakeFiles/test.dir/Core/Src/Hardware/IMU/MPU/DMP/inv_mpu_dmp_motion_driver.c.obj
                0x08004a50                dmp_set_accel_bias
 .text.dmp_set_fifo_rate
                0x08004c58       0x90 CMakeFiles/test.dir/Core/Src/Hardware/IMU/MPU/DMP/inv_mpu_dmp_motion_driver.c.obj
                0x08004c58                dmp_set_fifo_rate
 .text.dmp_set_tap_thresh
                0x08004ce8      0x26c CMakeFiles/test.dir/Core/Src/Hardware/IMU/MPU/DMP/inv_mpu_dmp_motion_driver.c.obj
                0x08004ce8                dmp_set_tap_thresh
 .text.dmp_set_tap_axes
                0x08004f54       0x64 CMakeFiles/test.dir/Core/Src/Hardware/IMU/MPU/DMP/inv_mpu_dmp_motion_driver.c.obj
                0x08004f54                dmp_set_tap_axes
 .text.dmp_set_tap_count
                0x08004fb8       0x42 CMakeFiles/test.dir/Core/Src/Hardware/IMU/MPU/DMP/inv_mpu_dmp_motion_driver.c.obj
                0x08004fb8                dmp_set_tap_count
 *fill*         0x08004ffa        0x2 
 .text.dmp_set_tap_time
                0x08004ffc       0x44 CMakeFiles/test.dir/Core/Src/Hardware/IMU/MPU/DMP/inv_mpu_dmp_motion_driver.c.obj
                0x08004ffc                dmp_set_tap_time
 .text.dmp_set_tap_time_multi
                0x08005040       0x44 CMakeFiles/test.dir/Core/Src/Hardware/IMU/MPU/DMP/inv_mpu_dmp_motion_driver.c.obj
                0x08005040                dmp_set_tap_time_multi
 .text.dmp_set_shake_reject_thresh
                0x08005084       0x60 CMakeFiles/test.dir/Core/Src/Hardware/IMU/MPU/DMP/inv_mpu_dmp_motion_driver.c.obj
                0x08005084                dmp_set_shake_reject_thresh
 .text.dmp_set_shake_reject_time
                0x080050e4       0x44 CMakeFiles/test.dir/Core/Src/Hardware/IMU/MPU/DMP/inv_mpu_dmp_motion_driver.c.obj
                0x080050e4                dmp_set_shake_reject_time
 .text.dmp_set_shake_reject_timeout
                0x08005128       0x44 CMakeFiles/test.dir/Core/Src/Hardware/IMU/MPU/DMP/inv_mpu_dmp_motion_driver.c.obj
                0x08005128                dmp_set_shake_reject_timeout
 .text.dmp_enable_feature
                0x0800516c      0x250 CMakeFiles/test.dir/Core/Src/Hardware/IMU/MPU/DMP/inv_mpu_dmp_motion_driver.c.obj
                0x0800516c                dmp_enable_feature
 .text.dmp_enable_gyro_cal
                0x080053bc       0x60 CMakeFiles/test.dir/Core/Src/Hardware/IMU/MPU/DMP/inv_mpu_dmp_motion_driver.c.obj
                0x080053bc                dmp_enable_gyro_cal
 .text.dmp_enable_lp_quat
                0x0800541c       0x4e CMakeFiles/test.dir/Core/Src/Hardware/IMU/MPU/DMP/inv_mpu_dmp_motion_driver.c.obj
                0x0800541c                dmp_enable_lp_quat
 .text.dmp_enable_6x_lp_quat
                0x0800546a       0x4e CMakeFiles/test.dir/Core/Src/Hardware/IMU/MPU/DMP/inv_mpu_dmp_motion_driver.c.obj
                0x0800546a                dmp_enable_6x_lp_quat
 .text.decode_gesture
                0x080054b8       0x88 CMakeFiles/test.dir/Core/Src/Hardware/IMU/MPU/DMP/inv_mpu_dmp_motion_driver.c.obj
 .text.dmp_read_fifo
                0x08005540      0x2dc CMakeFiles/test.dir/Core/Src/Hardware/IMU/MPU/DMP/inv_mpu_dmp_motion_driver.c.obj
                0x08005540                dmp_read_fifo
 .text.main     0x0800581c      0x13c CMakeFiles/test.dir/Core/Src/main.c.obj
                0x0800581c                main
 .text.SystemClock_Config
                0x08005958       0xd0 CMakeFiles/test.dir/Core/Src/main.c.obj
                0x08005958                SystemClock_Config
 .text.HAL_TIM_PeriodElapsedCallback
                0x08005a28       0x68 CMakeFiles/test.dir/Core/Src/main.c.obj
                0x08005a28                HAL_TIM_PeriodElapsedCallback
 .text.HAL_UART_RxCpltCallback
                0x08005a90       0x28 CMakeFiles/test.dir/Core/Src/main.c.obj
                0x08005a90                HAL_UART_RxCpltCallback
 .text.__io_putchar
                0x08005ab8       0x30 CMakeFiles/test.dir/Core/Src/main.c.obj
                0x08005ab8                __io_putchar
 .text.Error_Handler
                0x08005ae8        0xa CMakeFiles/test.dir/Core/Src/main.c.obj
                0x08005ae8                Error_Handler
 *fill*         0x08005af2        0x2 
 .text.MX_GPIO_Init
                0x08005af4       0xa0 CMakeFiles/test.dir/Core/Src/gpio.c.obj
                0x08005af4                MX_GPIO_Init
 .text.MX_I2C1_Init
                0x08005b94       0x5c CMakeFiles/test.dir/Core/Src/i2c.c.obj
                0x08005b94                MX_I2C1_Init
 .text.HAL_I2C_MspInit
                0x08005bf0       0x90 CMakeFiles/test.dir/Core/Src/i2c.c.obj
                0x08005bf0                HAL_I2C_MspInit
 .text.MX_TIM3_Init
                0x08005c80       0xec CMakeFiles/test.dir/Core/Src/tim.c.obj
                0x08005c80                MX_TIM3_Init
 .text.MX_TIM4_Init
                0x08005d6c       0xa8 CMakeFiles/test.dir/Core/Src/tim.c.obj
                0x08005d6c                MX_TIM4_Init
 .text.MX_TIM10_Init
                0x08005e14       0x48 CMakeFiles/test.dir/Core/Src/tim.c.obj
                0x08005e14                MX_TIM10_Init
 .text.HAL_TIM_Base_MspInit
                0x08005e5c       0x7c CMakeFiles/test.dir/Core/Src/tim.c.obj
                0x08005e5c                HAL_TIM_Base_MspInit
 .text.HAL_TIM_Encoder_MspInit
                0x08005ed8       0x90 CMakeFiles/test.dir/Core/Src/tim.c.obj
                0x08005ed8                HAL_TIM_Encoder_MspInit
 .text.HAL_TIM_MspPostInit
                0x08005f68       0x74 CMakeFiles/test.dir/Core/Src/tim.c.obj
                0x08005f68                HAL_TIM_MspPostInit
 .text.MX_USART1_UART_Init
                0x08005fdc       0x54 CMakeFiles/test.dir/Core/Src/usart.c.obj
                0x08005fdc                MX_USART1_UART_Init
 .text.HAL_UART_MspInit
                0x08006030       0xa0 CMakeFiles/test.dir/Core/Src/usart.c.obj
                0x08006030                HAL_UART_MspInit
 .text.NMI_Handler
                0x080060d0        0x6 CMakeFiles/test.dir/Core/Src/stm32f4xx_it.c.obj
                0x080060d0                NMI_Handler
 .text.HardFault_Handler
                0x080060d6        0x6 CMakeFiles/test.dir/Core/Src/stm32f4xx_it.c.obj
                0x080060d6                HardFault_Handler
 .text.MemManage_Handler
                0x080060dc        0x6 CMakeFiles/test.dir/Core/Src/stm32f4xx_it.c.obj
                0x080060dc                MemManage_Handler
 .text.BusFault_Handler
                0x080060e2        0x6 CMakeFiles/test.dir/Core/Src/stm32f4xx_it.c.obj
                0x080060e2                BusFault_Handler
 .text.UsageFault_Handler
                0x080060e8        0x6 CMakeFiles/test.dir/Core/Src/stm32f4xx_it.c.obj
                0x080060e8                UsageFault_Handler
 .text.SVC_Handler
                0x080060ee        0xe CMakeFiles/test.dir/Core/Src/stm32f4xx_it.c.obj
                0x080060ee                SVC_Handler
 .text.DebugMon_Handler
                0x080060fc        0xe CMakeFiles/test.dir/Core/Src/stm32f4xx_it.c.obj
                0x080060fc                DebugMon_Handler
 .text.PendSV_Handler
                0x0800610a        0xe CMakeFiles/test.dir/Core/Src/stm32f4xx_it.c.obj
                0x0800610a                PendSV_Handler
 .text.SysTick_Handler
                0x08006118        0xc CMakeFiles/test.dir/Core/Src/stm32f4xx_it.c.obj
                0x08006118                SysTick_Handler
 .text.TIM1_UP_TIM10_IRQHandler
                0x08006124       0x14 CMakeFiles/test.dir/Core/Src/stm32f4xx_it.c.obj
                0x08006124                TIM1_UP_TIM10_IRQHandler
 .text.USART1_IRQHandler
                0x08006138       0x14 CMakeFiles/test.dir/Core/Src/stm32f4xx_it.c.obj
                0x08006138                USART1_IRQHandler
 .text.HAL_MspInit
                0x0800614c       0x50 CMakeFiles/test.dir/Core/Src/stm32f4xx_hal_msp.c.obj
                0x0800614c                HAL_MspInit
 .text.HAL_I2C_Init
                0x0800619c      0x288 CMakeFiles/test.dir/Drivers/STM32F4xx_HAL_Driver/Src/stm32f4xx_hal_i2c.c.obj
                0x0800619c                HAL_I2C_Init
 .text.HAL_I2C_Mem_Write
                0x08006424      0x1f4 CMakeFiles/test.dir/Drivers/STM32F4xx_HAL_Driver/Src/stm32f4xx_hal_i2c.c.obj
                0x08006424                HAL_I2C_Mem_Write
 .text.HAL_I2C_Mem_Read
                0x08006618      0x464 CMakeFiles/test.dir/Drivers/STM32F4xx_HAL_Driver/Src/stm32f4xx_hal_i2c.c.obj
                0x08006618                HAL_I2C_Mem_Read
 .text.HAL_I2C_IsDeviceReady
                0x08006a7c      0x25c CMakeFiles/test.dir/Drivers/STM32F4xx_HAL_Driver/Src/stm32f4xx_hal_i2c.c.obj
                0x08006a7c                HAL_I2C_IsDeviceReady
 .text.I2C_RequestMemoryWrite
                0x08006cd8      0x12c CMakeFiles/test.dir/Drivers/STM32F4xx_HAL_Driver/Src/stm32f4xx_hal_i2c.c.obj
 .text.I2C_RequestMemoryRead
                0x08006e04      0x1d0 CMakeFiles/test.dir/Drivers/STM32F4xx_HAL_Driver/Src/stm32f4xx_hal_i2c.c.obj
 .text.I2C_WaitOnFlagUntilTimeout
                0x08006fd4       0xf4 CMakeFiles/test.dir/Drivers/STM32F4xx_HAL_Driver/Src/stm32f4xx_hal_i2c.c.obj
 .text.I2C_WaitOnMasterAddressFlagUntilTimeout
                0x080070c8      0x140 CMakeFiles/test.dir/Drivers/STM32F4xx_HAL_Driver/Src/stm32f4xx_hal_i2c.c.obj
 .text.I2C_WaitOnTXEFlagUntilTimeout
                0x08007208       0x90 CMakeFiles/test.dir/Drivers/STM32F4xx_HAL_Driver/Src/stm32f4xx_hal_i2c.c.obj
 .text.I2C_WaitOnBTFFlagUntilTimeout
                0x08007298       0x90 CMakeFiles/test.dir/Drivers/STM32F4xx_HAL_Driver/Src/stm32f4xx_hal_i2c.c.obj
 .text.I2C_WaitOnRXNEFlagUntilTimeout
                0x08007328       0xba CMakeFiles/test.dir/Drivers/STM32F4xx_HAL_Driver/Src/stm32f4xx_hal_i2c.c.obj
 .text.I2C_IsAcknowledgeFailed
                0x080073e2       0x5e CMakeFiles/test.dir/Drivers/STM32F4xx_HAL_Driver/Src/stm32f4xx_hal_i2c.c.obj
 .text.HAL_RCC_OscConfig
                0x08007440      0x4f0 CMakeFiles/test.dir/Drivers/STM32F4xx_HAL_Driver/Src/stm32f4xx_hal_rcc.c.obj
                0x08007440                HAL_RCC_OscConfig
 .text.HAL_RCC_ClockConfig
                0x08007930      0x1cc CMakeFiles/test.dir/Drivers/STM32F4xx_HAL_Driver/Src/stm32f4xx_hal_rcc.c.obj
                0x08007930                HAL_RCC_ClockConfig
 .text.HAL_RCC_GetSysClockFreq
                0x08007afc      0x18c CMakeFiles/test.dir/Drivers/STM32F4xx_HAL_Driver/Src/stm32f4xx_hal_rcc.c.obj
                0x08007afc                HAL_RCC_GetSysClockFreq
 .text.HAL_RCC_GetHCLKFreq
                0x08007c88       0x18 CMakeFiles/test.dir/Drivers/STM32F4xx_HAL_Driver/Src/stm32f4xx_hal_rcc.c.obj
                0x08007c88                HAL_RCC_GetHCLKFreq
 .text.HAL_RCC_GetPCLK1Freq
                0x08007ca0       0x28 CMakeFiles/test.dir/Drivers/STM32F4xx_HAL_Driver/Src/stm32f4xx_hal_rcc.c.obj
                0x08007ca0                HAL_RCC_GetPCLK1Freq
 .text.HAL_RCC_GetPCLK2Freq
                0x08007cc8       0x28 CMakeFiles/test.dir/Drivers/STM32F4xx_HAL_Driver/Src/stm32f4xx_hal_rcc.c.obj
                0x08007cc8                HAL_RCC_GetPCLK2Freq
 .text.HAL_GPIO_Init
                0x08007cf0      0x308 CMakeFiles/test.dir/Drivers/STM32F4xx_HAL_Driver/Src/stm32f4xx_hal_gpio.c.obj
                0x08007cf0                HAL_GPIO_Init
 .text.HAL_GPIO_WritePin
                0x08007ff8       0x32 CMakeFiles/test.dir/Drivers/STM32F4xx_HAL_Driver/Src/stm32f4xx_hal_gpio.c.obj
                0x08007ff8                HAL_GPIO_WritePin
 .text.HAL_DMA_Abort
                0x0800802a       0xe0 CMakeFiles/test.dir/Drivers/STM32F4xx_HAL_Driver/Src/stm32f4xx_hal_dma.c.obj
                0x0800802a                HAL_DMA_Abort
 .text.HAL_DMA_Abort_IT
                0x0800810a       0x44 CMakeFiles/test.dir/Drivers/STM32F4xx_HAL_Driver/Src/stm32f4xx_hal_dma.c.obj
                0x0800810a                HAL_DMA_Abort_IT
 *fill*         0x0800814e        0x2 
 .text.__NVIC_SetPriorityGrouping
                0x08008150       0x48 CMakeFiles/test.dir/Drivers/STM32F4xx_HAL_Driver/Src/stm32f4xx_hal_cortex.c.obj
 .text.__NVIC_GetPriorityGrouping
                0x08008198       0x1c CMakeFiles/test.dir/Drivers/STM32F4xx_HAL_Driver/Src/stm32f4xx_hal_cortex.c.obj
 .text.__NVIC_EnableIRQ
                0x080081b4       0x3c CMakeFiles/test.dir/Drivers/STM32F4xx_HAL_Driver/Src/stm32f4xx_hal_cortex.c.obj
 .text.__NVIC_SetPriority
                0x080081f0       0x54 CMakeFiles/test.dir/Drivers/STM32F4xx_HAL_Driver/Src/stm32f4xx_hal_cortex.c.obj
 .text.NVIC_EncodePriority
                0x08008244       0x66 CMakeFiles/test.dir/Drivers/STM32F4xx_HAL_Driver/Src/stm32f4xx_hal_cortex.c.obj
 *fill*         0x080082aa        0x2 
 .text.SysTick_Config
                0x080082ac       0x44 CMakeFiles/test.dir/Drivers/STM32F4xx_HAL_Driver/Src/stm32f4xx_hal_cortex.c.obj
 .text.HAL_NVIC_SetPriorityGrouping
                0x080082f0       0x16 CMakeFiles/test.dir/Drivers/STM32F4xx_HAL_Driver/Src/stm32f4xx_hal_cortex.c.obj
                0x080082f0                HAL_NVIC_SetPriorityGrouping
 .text.HAL_NVIC_SetPriority
                0x08008306       0x38 CMakeFiles/test.dir/Drivers/STM32F4xx_HAL_Driver/Src/stm32f4xx_hal_cortex.c.obj
                0x08008306                HAL_NVIC_SetPriority
 .text.HAL_NVIC_EnableIRQ
                0x0800833e       0x1c CMakeFiles/test.dir/Drivers/STM32F4xx_HAL_Driver/Src/stm32f4xx_hal_cortex.c.obj
                0x0800833e                HAL_NVIC_EnableIRQ
 .text.HAL_SYSTICK_Config
                0x0800835a       0x18 CMakeFiles/test.dir/Drivers/STM32F4xx_HAL_Driver/Src/stm32f4xx_hal_cortex.c.obj
                0x0800835a                HAL_SYSTICK_Config
 *fill*         0x08008372        0x2 
 .text.HAL_Init
                0x08008374       0x44 CMakeFiles/test.dir/Drivers/STM32F4xx_HAL_Driver/Src/stm32f4xx_hal.c.obj
                0x08008374                HAL_Init
 .text.HAL_InitTick
                0x080083b8       0x60 CMakeFiles/test.dir/Drivers/STM32F4xx_HAL_Driver/Src/stm32f4xx_hal.c.obj
                0x080083b8                HAL_InitTick
 .text.HAL_IncTick
                0x08008418       0x28 CMakeFiles/test.dir/Drivers/STM32F4xx_HAL_Driver/Src/stm32f4xx_hal.c.obj
                0x08008418                HAL_IncTick
 .text.HAL_GetTick
                0x08008440       0x18 CMakeFiles/test.dir/Drivers/STM32F4xx_HAL_Driver/Src/stm32f4xx_hal.c.obj
                0x08008440                HAL_GetTick
 .text.HAL_Delay
                0x08008458       0x48 CMakeFiles/test.dir/Drivers/STM32F4xx_HAL_Driver/Src/stm32f4xx_hal.c.obj
                0x08008458                HAL_Delay
 .text.HAL_TIM_Base_Init
                0x080084a0       0x9e CMakeFiles/test.dir/Drivers/STM32F4xx_HAL_Driver/Src/stm32f4xx_hal_tim.c.obj
                0x080084a0                HAL_TIM_Base_Init
 *fill*         0x0800853e        0x2 
 .text.HAL_TIM_Base_Start_IT
                0x08008540       0xc4 CMakeFiles/test.dir/Drivers/STM32F4xx_HAL_Driver/Src/stm32f4xx_hal_tim.c.obj
                0x08008540                HAL_TIM_Base_Start_IT
 .text.HAL_TIM_PWM_Init
                0x08008604       0x9e CMakeFiles/test.dir/Drivers/STM32F4xx_HAL_Driver/Src/stm32f4xx_hal_tim.c.obj
                0x08008604                HAL_TIM_PWM_Init
 .text.HAL_TIM_PWM_MspInit
                0x080086a2       0x14 CMakeFiles/test.dir/Drivers/STM32F4xx_HAL_Driver/Src/stm32f4xx_hal_tim.c.obj
                0x080086a2                HAL_TIM_PWM_MspInit
 *fill*         0x080086b6        0x2 
 .text.HAL_TIM_PWM_Start
                0x080086b8      0x160 CMakeFiles/test.dir/Drivers/STM32F4xx_HAL_Driver/Src/stm32f4xx_hal_tim.c.obj
                0x080086b8                HAL_TIM_PWM_Start
 .text.HAL_TIM_PWM_Stop
                0x08008818       0xc8 CMakeFiles/test.dir/Drivers/STM32F4xx_HAL_Driver/Src/stm32f4xx_hal_tim.c.obj
                0x08008818                HAL_TIM_PWM_Stop
 .text.HAL_TIM_Encoder_Init
                0x080088e0      0x14c CMakeFiles/test.dir/Drivers/STM32F4xx_HAL_Driver/Src/stm32f4xx_hal_tim.c.obj
                0x080088e0                HAL_TIM_Encoder_Init
 .text.HAL_TIM_Encoder_Start
                0x08008a2c      0x11c CMakeFiles/test.dir/Drivers/STM32F4xx_HAL_Driver/Src/stm32f4xx_hal_tim.c.obj
                0x08008a2c                HAL_TIM_Encoder_Start
 .text.HAL_TIM_Encoder_Stop
                0x08008b48      0x12e CMakeFiles/test.dir/Drivers/STM32F4xx_HAL_Driver/Src/stm32f4xx_hal_tim.c.obj
                0x08008b48                HAL_TIM_Encoder_Stop
 .text.HAL_TIM_IRQHandler
                0x08008c76      0x1e0 CMakeFiles/test.dir/Drivers/STM32F4xx_HAL_Driver/Src/stm32f4xx_hal_tim.c.obj
                0x08008c76                HAL_TIM_IRQHandler
 *fill*         0x08008e56        0x2 
 .text.HAL_TIM_PWM_ConfigChannel
                0x08008e58      0x184 CMakeFiles/test.dir/Drivers/STM32F4xx_HAL_Driver/Src/stm32f4xx_hal_tim.c.obj
                0x08008e58                HAL_TIM_PWM_ConfigChannel
 .text.HAL_TIM_ConfigClockSource
                0x08008fdc      0x18e CMakeFiles/test.dir/Drivers/STM32F4xx_HAL_Driver/Src/stm32f4xx_hal_tim.c.obj
                0x08008fdc                HAL_TIM_ConfigClockSource
 .text.HAL_TIM_OC_DelayElapsedCallback
                0x0800916a       0x14 CMakeFiles/test.dir/Drivers/STM32F4xx_HAL_Driver/Src/stm32f4xx_hal_tim.c.obj
                0x0800916a                HAL_TIM_OC_DelayElapsedCallback
 .text.HAL_TIM_IC_CaptureCallback
                0x0800917e       0x14 CMakeFiles/test.dir/Drivers/STM32F4xx_HAL_Driver/Src/stm32f4xx_hal_tim.c.obj
                0x0800917e                HAL_TIM_IC_CaptureCallback
 .text.HAL_TIM_TriggerCallback
                0x08009192       0x14 CMakeFiles/test.dir/Drivers/STM32F4xx_HAL_Driver/Src/stm32f4xx_hal_tim.c.obj
                0x08009192                HAL_TIM_TriggerCallback
 *fill*         0x080091a6        0x2 
 .text.TIM_Base_SetConfig
                0x080091a8      0x10c CMakeFiles/test.dir/Drivers/STM32F4xx_HAL_Driver/Src/stm32f4xx_hal_tim.c.obj
                0x080091a8                TIM_Base_SetConfig
 .text.TIM_OC1_SetConfig
                0x080092b4       0xcc CMakeFiles/test.dir/Drivers/STM32F4xx_HAL_Driver/Src/stm32f4xx_hal_tim.c.obj
 .text.TIM_OC2_SetConfig
                0x08009380       0xd8 CMakeFiles/test.dir/Drivers/STM32F4xx_HAL_Driver/Src/stm32f4xx_hal_tim.c.obj
                0x08009380                TIM_OC2_SetConfig
 .text.TIM_OC3_SetConfig
                0x08009458       0xd4 CMakeFiles/test.dir/Drivers/STM32F4xx_HAL_Driver/Src/stm32f4xx_hal_tim.c.obj
 .text.TIM_OC4_SetConfig
                0x0800952c       0xa0 CMakeFiles/test.dir/Drivers/STM32F4xx_HAL_Driver/Src/stm32f4xx_hal_tim.c.obj
 .text.TIM_TI1_ConfigInputStage
                0x080095cc       0x5e CMakeFiles/test.dir/Drivers/STM32F4xx_HAL_Driver/Src/stm32f4xx_hal_tim.c.obj
 .text.TIM_TI2_ConfigInputStage
                0x0800962a       0x60 CMakeFiles/test.dir/Drivers/STM32F4xx_HAL_Driver/Src/stm32f4xx_hal_tim.c.obj
 .text.TIM_ITRx_SetConfig
                0x0800968a       0x36 CMakeFiles/test.dir/Drivers/STM32F4xx_HAL_Driver/Src/stm32f4xx_hal_tim.c.obj
 .text.TIM_ETR_SetConfig
                0x080096c0       0x40 CMakeFiles/test.dir/Drivers/STM32F4xx_HAL_Driver/Src/stm32f4xx_hal_tim.c.obj
                0x080096c0                TIM_ETR_SetConfig
 .text.TIM_CCxChannelCmd
                0x08009700       0x4a CMakeFiles/test.dir/Drivers/STM32F4xx_HAL_Driver/Src/stm32f4xx_hal_tim.c.obj
                0x08009700                TIM_CCxChannelCmd
 *fill*         0x0800974a        0x2 
 .text.HAL_TIMEx_MasterConfigSynchronization
                0x0800974c       0xdc CMakeFiles/test.dir/Drivers/STM32F4xx_HAL_Driver/Src/stm32f4xx_hal_tim_ex.c.obj
                0x0800974c                HAL_TIMEx_MasterConfigSynchronization
 .text.HAL_TIMEx_CommutCallback
                0x08009828       0x14 CMakeFiles/test.dir/Drivers/STM32F4xx_HAL_Driver/Src/stm32f4xx_hal_tim_ex.c.obj
                0x08009828                HAL_TIMEx_CommutCallback
 .text.HAL_TIMEx_BreakCallback
                0x0800983c       0x14 CMakeFiles/test.dir/Drivers/STM32F4xx_HAL_Driver/Src/stm32f4xx_hal_tim_ex.c.obj
                0x0800983c                HAL_TIMEx_BreakCallback
 .text.HAL_UART_Init
                0x08009850       0xa0 CMakeFiles/test.dir/Drivers/STM32F4xx_HAL_Driver/Src/stm32f4xx_hal_uart.c.obj
                0x08009850                HAL_UART_Init
 .text.HAL_UART_Receive_IT
                0x080098f0       0x4a CMakeFiles/test.dir/Drivers/STM32F4xx_HAL_Driver/Src/stm32f4xx_hal_uart.c.obj
                0x080098f0                HAL_UART_Receive_IT
 *fill*         0x0800993a        0x2 
 .text.HAL_UART_IRQHandler
                0x0800993c      0x554 CMakeFiles/test.dir/Drivers/STM32F4xx_HAL_Driver/Src/stm32f4xx_hal_uart.c.obj
                0x0800993c                HAL_UART_IRQHandler
 .text.HAL_UART_TxCpltCallback
                0x08009e90       0x14 CMakeFiles/test.dir/Drivers/STM32F4xx_HAL_Driver/Src/stm32f4xx_hal_uart.c.obj
                0x08009e90                HAL_UART_TxCpltCallback
 .text.HAL_UART_ErrorCallback
                0x08009ea4       0x14 CMakeFiles/test.dir/Drivers/STM32F4xx_HAL_Driver/Src/stm32f4xx_hal_uart.c.obj
                0x08009ea4                HAL_UART_ErrorCallback
 .text.HAL_UARTEx_RxEventCallback
                0x08009eb8       0x18 CMakeFiles/test.dir/Drivers/STM32F4xx_HAL_Driver/Src/stm32f4xx_hal_uart.c.obj
                0x08009eb8                HAL_UARTEx_RxEventCallback
 .text.UART_Start_Receive_IT
                0x08009ed0       0x74 CMakeFiles/test.dir/Drivers/STM32F4xx_HAL_Driver/Src/stm32f4xx_hal_uart.c.obj
                0x08009ed0                UART_Start_Receive_IT
 .text.UART_EndRxTransfer
                0x08009f44       0xc6 CMakeFiles/test.dir/Drivers/STM32F4xx_HAL_Driver/Src/stm32f4xx_hal_uart.c.obj
 .text.UART_DMAAbortOnError
                0x0800a00a       0x22 CMakeFiles/test.dir/Drivers/STM32F4xx_HAL_Driver/Src/stm32f4xx_hal_uart.c.obj
 .text.UART_Transmit_IT
                0x0800a02c       0xa0 CMakeFiles/test.dir/Drivers/STM32F4xx_HAL_Driver/Src/stm32f4xx_hal_uart.c.obj
 .text.UART_EndTransmit_IT
                0x0800a0cc       0x30 CMakeFiles/test.dir/Drivers/STM32F4xx_HAL_Driver/Src/stm32f4xx_hal_uart.c.obj
 .text.UART_Receive_IT
                0x0800a0fc      0x17c CMakeFiles/test.dir/Drivers/STM32F4xx_HAL_Driver/Src/stm32f4xx_hal_uart.c.obj
 .text.UART_SetConfig
                0x0800a278      0x4e8 CMakeFiles/test.dir/Drivers/STM32F4xx_HAL_Driver/Src/stm32f4xx_hal_uart.c.obj
 .text.SystemInit
                0x0800a760       0x24 CMakeFiles/test.dir/Core/Src/system_stm32f4xx.c.obj
                0x0800a760                SystemInit
 .text._sbrk    0x0800a784       0x6c CMakeFiles/test.dir/Core/Src/sysmem.c.obj
                0x0800a784                _sbrk
 .text._read    0x0800a7f0       0x3a CMakeFiles/test.dir/Core/Src/syscalls.c.obj
                0x0800a7f0                _read
 .text._write   0x0800a82a       0x38 CMakeFiles/test.dir/Core/Src/syscalls.c.obj
                0x0800a82a                _write
 .text._close   0x0800a862       0x18 CMakeFiles/test.dir/Core/Src/syscalls.c.obj
                0x0800a862                _close
 .text._fstat   0x0800a87a       0x20 CMakeFiles/test.dir/Core/Src/syscalls.c.obj
                0x0800a87a                _fstat
 .text._isatty  0x0800a89a       0x16 CMakeFiles/test.dir/Core/Src/syscalls.c.obj
                0x0800a89a                _isatty
 .text._lseek   0x0800a8b0       0x1a CMakeFiles/test.dir/Core/Src/syscalls.c.obj
                0x0800a8b0                _lseek
 *fill*         0x0800a8ca        0x2 
 .text.Reset_Handler
                0x0800a8cc       0x50 CMakeFiles/test.dir/startup_stm32f411xe.s.obj
                0x0800a8cc                Reset_Handler
 .text.Default_Handler
                0x0800a91c        0x2 CMakeFiles/test.dir/startup_stm32f411xe.s.obj
                0x0800a91c                RTC_Alarm_IRQHandler
                0x0800a91c                EXTI2_IRQHandler
                0x0800a91c                SPI4_IRQHandler
                0x0800a91c                TIM1_CC_IRQHandler
                0x0800a91c                DMA2_Stream5_IRQHandler
                0x0800a91c                DMA1_Stream5_IRQHandler
                0x0800a91c                PVD_IRQHandler
                0x0800a91c                SDIO_IRQHandler
                0x0800a91c                TAMP_STAMP_IRQHandler
                0x0800a91c                EXTI3_IRQHandler
                0x0800a91c                I2C3_ER_IRQHandler
                0x0800a91c                EXTI0_IRQHandler
                0x0800a91c                I2C2_EV_IRQHandler
                0x0800a91c                DMA1_Stream2_IRQHandler
                0x0800a91c                FPU_IRQHandler
                0x0800a91c                DMA2_Stream2_IRQHandler
                0x0800a91c                SPI1_IRQHandler
                0x0800a91c                TIM1_BRK_TIM9_IRQHandler
                0x0800a91c                DMA2_Stream3_IRQHandler
                0x0800a91c                USART6_IRQHandler
                0x0800a91c                DMA2_Stream0_IRQHandler
                0x0800a91c                TIM4_IRQHandler
                0x0800a91c                I2C1_EV_IRQHandler
                0x0800a91c                DMA1_Stream6_IRQHandler
                0x0800a91c                DMA1_Stream1_IRQHandler
                0x0800a91c                TIM3_IRQHandler
                0x0800a91c                RCC_IRQHandler
                0x0800a91c                Default_Handler
                0x0800a91c                EXTI15_10_IRQHandler
                0x0800a91c                ADC_IRQHandler
                0x0800a91c                DMA1_Stream7_IRQHandler
                0x0800a91c                SPI5_IRQHandler
                0x0800a91c                TIM5_IRQHandler
                0x0800a91c                DMA2_Stream7_IRQHandler
                0x0800a91c                I2C3_EV_IRQHandler
                0x0800a91c                EXTI9_5_IRQHandler
                0x0800a91c                RTC_WKUP_IRQHandler
                0x0800a91c                SPI2_IRQHandler
                0x0800a91c                DMA1_Stream0_IRQHandler
                0x0800a91c                EXTI4_IRQHandler
                0x0800a91c                WWDG_IRQHandler
                0x0800a91c                TIM2_IRQHandler
                0x0800a91c                OTG_FS_WKUP_IRQHandler
                0x0800a91c                TIM1_TRG_COM_TIM11_IRQHandler
                0x0800a91c                EXTI1_IRQHandler
                0x0800a91c                USART2_IRQHandler
                0x0800a91c                I2C2_ER_IRQHandler
                0x0800a91c                DMA2_Stream1_IRQHandler
                0x0800a91c                FLASH_IRQHandler
                0x0800a91c                DMA2_Stream4_IRQHandler
                0x0800a91c                OTG_FS_IRQHandler
                0x0800a91c                SPI3_IRQHandler
                0x0800a91c                DMA1_Stream4_IRQHandler
                0x0800a91c                I2C1_ER_IRQHandler
                0x0800a91c                DMA2_Stream6_IRQHandler
                0x0800a91c                DMA1_Stream3_IRQHandler
 *fill*         0x0800a91e        0x2 
 .text.__errno  0x0800a920        0xc d:/clion/gcc-arm-none-eabi-10.3-2021.10-win32/gcc-arm-none-eabi-10.3-2021.10/bin/../lib/gcc/arm-none-eabi/10.3.1/../../../../arm-none-eabi/lib/thumb/v7e-m+fp/hard\libg_nano.a(lib_a-errno.o)
                0x0800a920                __errno
 .text.memcmp   0x0800a92c       0x20 d:/clion/gcc-arm-none-eabi-10.3-2021.10-win32/gcc-arm-none-eabi-10.3-2021.10/bin/../lib/gcc/arm-none-eabi/10.3.1/../../../../arm-none-eabi/lib/thumb/v7e-m+fp/hard\libg_nano.a(lib_a-memcmp.o)
                0x0800a92c                memcmp
 .text.printf   0x0800a94c       0x30 d:/clion/gcc-arm-none-eabi-10.3-2021.10-win32/gcc-arm-none-eabi-10.3-2021.10/bin/../lib/gcc/arm-none-eabi/10.3.1/../../../../arm-none-eabi/lib/thumb/v7e-m+fp/hard\libg_nano.a(lib_a-printf.o)
                0x0800a94c                iprintf
                0x0800a94c                printf
 .text._puts_r  0x0800a97c       0xdc d:/clion/gcc-arm-none-eabi-10.3-2021.10-win32/gcc-arm-none-eabi-10.3-2021.10/bin/../lib/gcc/arm-none-eabi/10.3.1/../../../../arm-none-eabi/lib/thumb/v7e-m+fp/hard\libg_nano.a(lib_a-puts.o)
                0x0800a97c                _puts_r
 .text.puts     0x0800aa58       0x10 d:/clion/gcc-arm-none-eabi-10.3-2021.10-win32/gcc-arm-none-eabi-10.3-2021.10/bin/../lib/gcc/arm-none-eabi/10.3.1/../../../../arm-none-eabi/lib/thumb/v7e-m+fp/hard\libg_nano.a(lib_a-puts.o)
                0x0800aa58                puts
 .text.__swbuf_r
                0x0800aa68       0xa4 d:/clion/gcc-arm-none-eabi-10.3-2021.10-win32/gcc-arm-none-eabi-10.3-2021.10/bin/../lib/gcc/arm-none-eabi/10.3.1/../../../../arm-none-eabi/lib/thumb/v7e-m+fp/hard\libg_nano.a(lib_a-wbuf.o)
                0x0800aa68                __swbuf_r
 .text.__swsetup_r
                0x0800ab0c       0xdc d:/clion/gcc-arm-none-eabi-10.3-2021.10-win32/gcc-arm-none-eabi-10.3-2021.10/bin/../lib/gcc/arm-none-eabi/10.3.1/../../../../arm-none-eabi/lib/thumb/v7e-m+fp/hard\libg_nano.a(lib_a-wsetup.o)
                0x0800ab0c                __swsetup_r
 .text.__sflush_r
                0x0800abe8      0x10c d:/clion/gcc-arm-none-eabi-10.3-2021.10-win32/gcc-arm-none-eabi-10.3-2021.10/bin/../lib/gcc/arm-none-eabi/10.3.1/../../../../arm-none-eabi/lib/thumb/v7e-m+fp/hard\libg_nano.a(lib_a-fflush.o)
                0x0800abe8                __sflush_r
 .text._fflush_r
                0x0800acf4       0x78 d:/clion/gcc-arm-none-eabi-10.3-2021.10-win32/gcc-arm-none-eabi-10.3-2021.10/bin/../lib/gcc/arm-none-eabi/10.3.1/../../../../arm-none-eabi/lib/thumb/v7e-m+fp/hard\libg_nano.a(lib_a-fflush.o)
                0x0800acf4                _fflush_r
 .text.std      0x0800ad6c       0x48 d:/clion/gcc-arm-none-eabi-10.3-2021.10-win32/gcc-arm-none-eabi-10.3-2021.10/bin/../lib/gcc/arm-none-eabi/10.3.1/../../../../arm-none-eabi/lib/thumb/v7e-m+fp/hard\libg_nano.a(lib_a-findfp.o)
 .text._cleanup_r
                0x0800adb4        0xc d:/clion/gcc-arm-none-eabi-10.3-2021.10-win32/gcc-arm-none-eabi-10.3-2021.10/bin/../lib/gcc/arm-none-eabi/10.3.1/../../../../arm-none-eabi/lib/thumb/v7e-m+fp/hard\libg_nano.a(lib_a-findfp.o)
                0x0800adb4                _cleanup_r
 .text.__sfmoreglue
                0x0800adc0       0x2c d:/clion/gcc-arm-none-eabi-10.3-2021.10-win32/gcc-arm-none-eabi-10.3-2021.10/bin/../lib/gcc/arm-none-eabi/10.3.1/../../../../arm-none-eabi/lib/thumb/v7e-m+fp/hard\libg_nano.a(lib_a-findfp.o)
                0x0800adc0                __sfmoreglue
 .text.__sfp_lock_acquire
                0x0800adec        0xc d:/clion/gcc-arm-none-eabi-10.3-2021.10-win32/gcc-arm-none-eabi-10.3-2021.10/bin/../lib/gcc/arm-none-eabi/10.3.1/../../../../arm-none-eabi/lib/thumb/v7e-m+fp/hard\libg_nano.a(lib_a-findfp.o)
                0x0800adec                __sfp_lock_acquire
 .text.__sfp_lock_release
                0x0800adf8        0xc d:/clion/gcc-arm-none-eabi-10.3-2021.10-win32/gcc-arm-none-eabi-10.3-2021.10/bin/../lib/gcc/arm-none-eabi/10.3.1/../../../../arm-none-eabi/lib/thumb/v7e-m+fp/hard\libg_nano.a(lib_a-findfp.o)
                0x0800adf8                __sfp_lock_release
 .text.__sinit_lock_acquire
                0x0800ae04        0xc d:/clion/gcc-arm-none-eabi-10.3-2021.10-win32/gcc-arm-none-eabi-10.3-2021.10/bin/../lib/gcc/arm-none-eabi/10.3.1/../../../../arm-none-eabi/lib/thumb/v7e-m+fp/hard\libg_nano.a(lib_a-findfp.o)
                0x0800ae04                __sinit_lock_acquire
 .text.__sinit_lock_release
                0x0800ae10        0xc d:/clion/gcc-arm-none-eabi-10.3-2021.10-win32/gcc-arm-none-eabi-10.3-2021.10/bin/../lib/gcc/arm-none-eabi/10.3.1/../../../../arm-none-eabi/lib/thumb/v7e-m+fp/hard\libg_nano.a(lib_a-findfp.o)
                0x0800ae10                __sinit_lock_release
 .text.__sinit  0x0800ae1c       0x70 d:/clion/gcc-arm-none-eabi-10.3-2021.10-win32/gcc-arm-none-eabi-10.3-2021.10/bin/../lib/gcc/arm-none-eabi/10.3.1/../../../../arm-none-eabi/lib/thumb/v7e-m+fp/hard\libg_nano.a(lib_a-findfp.o)
                0x0800ae1c                __sinit
 .text.__sfp    0x0800ae8c       0x8c d:/clion/gcc-arm-none-eabi-10.3-2021.10-win32/gcc-arm-none-eabi-10.3-2021.10/bin/../lib/gcc/arm-none-eabi/10.3.1/../../../../arm-none-eabi/lib/thumb/v7e-m+fp/hard\libg_nano.a(lib_a-findfp.o)
                0x0800ae8c                __sfp
 .text._fwalk_reent
                0x0800af18       0x3e d:/clion/gcc-arm-none-eabi-10.3-2021.10-win32/gcc-arm-none-eabi-10.3-2021.10/bin/../lib/gcc/arm-none-eabi/10.3.1/../../../../arm-none-eabi/lib/thumb/v7e-m+fp/hard\libg_nano.a(lib_a-fwalk.o)
                0x0800af18                _fwalk_reent
 .text.__retarget_lock_init_recursive
                0x0800af56        0x2 d:/clion/gcc-arm-none-eabi-10.3-2021.10-win32/gcc-arm-none-eabi-10.3-2021.10/bin/../lib/gcc/arm-none-eabi/10.3.1/../../../../arm-none-eabi/lib/thumb/v7e-m+fp/hard\libg_nano.a(lib_a-lock.o)
                0x0800af56                __retarget_lock_init_recursive
 .text.__retarget_lock_acquire_recursive
                0x0800af58        0x2 d:/clion/gcc-arm-none-eabi-10.3-2021.10-win32/gcc-arm-none-eabi-10.3-2021.10/bin/../lib/gcc/arm-none-eabi/10.3.1/../../../../arm-none-eabi/lib/thumb/v7e-m+fp/hard\libg_nano.a(lib_a-lock.o)
                0x0800af58                __retarget_lock_acquire_recursive
 .text.__retarget_lock_release_recursive
                0x0800af5a        0x2 d:/clion/gcc-arm-none-eabi-10.3-2021.10-win32/gcc-arm-none-eabi-10.3-2021.10/bin/../lib/gcc/arm-none-eabi/10.3.1/../../../../arm-none-eabi/lib/thumb/v7e-m+fp/hard\libg_nano.a(lib_a-lock.o)
                0x0800af5a                __retarget_lock_release_recursive
 .text.__swhatbuf_r
                0x0800af5c       0x4a d:/clion/gcc-arm-none-eabi-10.3-2021.10-win32/gcc-arm-none-eabi-10.3-2021.10/bin/../lib/gcc/arm-none-eabi/10.3.1/../../../../arm-none-eabi/lib/thumb/v7e-m+fp/hard\libg_nano.a(lib_a-makebuf.o)
                0x0800af5c                __swhatbuf_r
 *fill*         0x0800afa6        0x2 
 .text.__smakebuf_r
                0x0800afa8       0x80 d:/clion/gcc-arm-none-eabi-10.3-2021.10-win32/gcc-arm-none-eabi-10.3-2021.10/bin/../lib/gcc/arm-none-eabi/10.3.1/../../../../arm-none-eabi/lib/thumb/v7e-m+fp/hard\libg_nano.a(lib_a-makebuf.o)
                0x0800afa8                __smakebuf_r
 .text._free_r  0x0800b028       0x98 d:/clion/gcc-arm-none-eabi-10.3-2021.10-win32/gcc-arm-none-eabi-10.3-2021.10/bin/../lib/gcc/arm-none-eabi/10.3.1/../../../../arm-none-eabi/lib/thumb/v7e-m+fp/hard\libg_nano.a(lib_a-nano-freer.o)
                0x0800b028                _free_r
 .text.sbrk_aligned
                0x0800b0c0       0x40 d:/clion/gcc-arm-none-eabi-10.3-2021.10-win32/gcc-arm-none-eabi-10.3-2021.10/bin/../lib/gcc/arm-none-eabi/10.3.1/../../../../arm-none-eabi/lib/thumb/v7e-m+fp/hard\libg_nano.a(lib_a-nano-mallocr.o)
 .text._malloc_r
                0x0800b100       0xe8 d:/clion/gcc-arm-none-eabi-10.3-2021.10-win32/gcc-arm-none-eabi-10.3-2021.10/bin/../lib/gcc/arm-none-eabi/10.3.1/../../../../arm-none-eabi/lib/thumb/v7e-m+fp/hard\libg_nano.a(lib_a-nano-mallocr.o)
                0x0800b100                _malloc_r
 .text.__sfputc_r
                0x0800b1e8       0x2e d:/clion/gcc-arm-none-eabi-10.3-2021.10-win32/gcc-arm-none-eabi-10.3-2021.10/bin/../lib/gcc/arm-none-eabi/10.3.1/../../../../arm-none-eabi/lib/thumb/v7e-m+fp/hard\libg_nano.a(lib_a-nano-vfprintf.o)
 .text.__sfputs_r
                0x0800b216       0x24 d:/clion/gcc-arm-none-eabi-10.3-2021.10-win32/gcc-arm-none-eabi-10.3-2021.10/bin/../lib/gcc/arm-none-eabi/10.3.1/../../../../arm-none-eabi/lib/thumb/v7e-m+fp/hard\libg_nano.a(lib_a-nano-vfprintf.o)
                0x0800b216                __sfputs_r
 *fill*         0x0800b23a        0x2 
 .text._vfprintf_r
                0x0800b23c      0x260 d:/clion/gcc-arm-none-eabi-10.3-2021.10-win32/gcc-arm-none-eabi-10.3-2021.10/bin/../lib/gcc/arm-none-eabi/10.3.1/../../../../arm-none-eabi/lib/thumb/v7e-m+fp/hard\libg_nano.a(lib_a-nano-vfprintf.o)
                0x0800b23c                _vfprintf_r
                0x0800b23c                _vfiprintf_r
 .text._printf_common
                0x0800b49c       0xda d:/clion/gcc-arm-none-eabi-10.3-2021.10-win32/gcc-arm-none-eabi-10.3-2021.10/bin/../lib/gcc/arm-none-eabi/10.3.1/../../../../arm-none-eabi/lib/thumb/v7e-m+fp/hard\libg_nano.a(lib_a-nano-vfprintf_i.o)
                0x0800b49c                _printf_common
 *fill*         0x0800b576        0x2 
 .text._printf_i
                0x0800b578      0x24c d:/clion/gcc-arm-none-eabi-10.3-2021.10-win32/gcc-arm-none-eabi-10.3-2021.10/bin/../lib/gcc/arm-none-eabi/10.3.1/../../../../arm-none-eabi/lib/thumb/v7e-m+fp/hard\libg_nano.a(lib_a-nano-vfprintf_i.o)
                0x0800b578                _printf_i
 .text._sbrk_r  0x0800b7c4       0x20 d:/clion/gcc-arm-none-eabi-10.3-2021.10-win32/gcc-arm-none-eabi-10.3-2021.10/bin/../lib/gcc/arm-none-eabi/10.3.1/../../../../arm-none-eabi/lib/thumb/v7e-m+fp/hard\libg_nano.a(lib_a-sbrkr.o)
                0x0800b7c4                _sbrk_r
 .text.__sread  0x0800b7e4       0x22 d:/clion/gcc-arm-none-eabi-10.3-2021.10-win32/gcc-arm-none-eabi-10.3-2021.10/bin/../lib/gcc/arm-none-eabi/10.3.1/../../../../arm-none-eabi/lib/thumb/v7e-m+fp/hard\libg_nano.a(lib_a-stdio.o)
                0x0800b7e4                __sread
 .text.__swrite
                0x0800b806       0x38 d:/clion/gcc-arm-none-eabi-10.3-2021.10-win32/gcc-arm-none-eabi-10.3-2021.10/bin/../lib/gcc/arm-none-eabi/10.3.1/../../../../arm-none-eabi/lib/thumb/v7e-m+fp/hard\libg_nano.a(lib_a-stdio.o)
                0x0800b806                __swrite
 .text.__sseek  0x0800b83e       0x24 d:/clion/gcc-arm-none-eabi-10.3-2021.10-win32/gcc-arm-none-eabi-10.3-2021.10/bin/../lib/gcc/arm-none-eabi/10.3.1/../../../../arm-none-eabi/lib/thumb/v7e-m+fp/hard\libg_nano.a(lib_a-stdio.o)
                0x0800b83e                __sseek
 .text.__sclose
                0x0800b862        0x8 d:/clion/gcc-arm-none-eabi-10.3-2021.10-win32/gcc-arm-none-eabi-10.3-2021.10/bin/../lib/gcc/arm-none-eabi/10.3.1/../../../../arm-none-eabi/lib/thumb/v7e-m+fp/hard\libg_nano.a(lib_a-stdio.o)
                0x0800b862                __sclose
 *fill*         0x0800b86a        0x2 
 .text._write_r
                0x0800b86c       0x24 d:/clion/gcc-arm-none-eabi-10.3-2021.10-win32/gcc-arm-none-eabi-10.3-2021.10/bin/../lib/gcc/arm-none-eabi/10.3.1/../../../../arm-none-eabi/lib/thumb/v7e-m+fp/hard\libg_nano.a(lib_a-writer.o)
                0x0800b86c                _write_r
 .text._close_r
                0x0800b890       0x20 d:/clion/gcc-arm-none-eabi-10.3-2021.10-win32/gcc-arm-none-eabi-10.3-2021.10/bin/../lib/gcc/arm-none-eabi/10.3.1/../../../../arm-none-eabi/lib/thumb/v7e-m+fp/hard\libg_nano.a(lib_a-closer.o)
                0x0800b890                _close_r
 .text._fstat_r
                0x0800b8b0       0x24 d:/clion/gcc-arm-none-eabi-10.3-2021.10-win32/gcc-arm-none-eabi-10.3-2021.10/bin/../lib/gcc/arm-none-eabi/10.3.1/../../../../arm-none-eabi/lib/thumb/v7e-m+fp/hard\libg_nano.a(lib_a-fstatr.o)
                0x0800b8b0                _fstat_r
 .text._isatty_r
                0x0800b8d4       0x20 d:/clion/gcc-arm-none-eabi-10.3-2021.10-win32/gcc-arm-none-eabi-10.3-2021.10/bin/../lib/gcc/arm-none-eabi/10.3.1/../../../../arm-none-eabi/lib/thumb/v7e-m+fp/hard\libg_nano.a(lib_a-isattyr.o)
                0x0800b8d4                _isatty_r
 .text._lseek_r
                0x0800b8f4       0x24 d:/clion/gcc-arm-none-eabi-10.3-2021.10-win32/gcc-arm-none-eabi-10.3-2021.10/bin/../lib/gcc/arm-none-eabi/10.3.1/../../../../arm-none-eabi/lib/thumb/v7e-m+fp/hard\libg_nano.a(lib_a-lseekr.o)
                0x0800b8f4                _lseek_r
 .text.__malloc_lock
                0x0800b918        0xc d:/clion/gcc-arm-none-eabi-10.3-2021.10-win32/gcc-arm-none-eabi-10.3-2021.10/bin/../lib/gcc/arm-none-eabi/10.3.1/../../../../arm-none-eabi/lib/thumb/v7e-m+fp/hard\libg_nano.a(lib_a-mlock.o)
                0x0800b918                __malloc_lock
 .text.__malloc_unlock
                0x0800b924        0xc d:/clion/gcc-arm-none-eabi-10.3-2021.10-win32/gcc-arm-none-eabi-10.3-2021.10/bin/../lib/gcc/arm-none-eabi/10.3.1/../../../../arm-none-eabi/lib/thumb/v7e-m+fp/hard\libg_nano.a(lib_a-mlock.o)
                0x0800b924                __malloc_unlock
 .text._read_r  0x0800b930       0x24 d:/clion/gcc-arm-none-eabi-10.3-2021.10-win32/gcc-arm-none-eabi-10.3-2021.10/bin/../lib/gcc/arm-none-eabi/10.3.1/../../../../arm-none-eabi/lib/thumb/v7e-m+fp/hard\libg_nano.a(lib_a-readr.o)
                0x0800b930                _read_r
 .text.asin     0x0800b954       0x68 d:/clion/gcc-arm-none-eabi-10.3-2021.10-win32/gcc-arm-none-eabi-10.3-2021.10/bin/../lib/gcc/arm-none-eabi/10.3.1/../../../../arm-none-eabi/lib/thumb/v7e-m+fp/hard\libm.a(lib_a-w_asin.o)
                0x0800b954                asin
 .text.atan2    0x0800b9bc        0x4 d:/clion/gcc-arm-none-eabi-10.3-2021.10-win32/gcc-arm-none-eabi-10.3-2021.10/bin/../lib/gcc/arm-none-eabi/10.3.1/../../../../arm-none-eabi/lib/thumb/v7e-m+fp/hard\libm.a(lib_a-w_atan2.o)
                0x0800b9bc                atan2
 .text.__ieee754_asin
                0x0800b9c0      0x4a4 d:/clion/gcc-arm-none-eabi-10.3-2021.10-win32/gcc-arm-none-eabi-10.3-2021.10/bin/../lib/gcc/arm-none-eabi/10.3.1/../../../../arm-none-eabi/lib/thumb/v7e-m+fp/hard\libm.a(lib_a-e_asin.o)
                0x0800b9c0                __ieee754_asin
 *fill*         0x0800be64        0x4 
 .text.__ieee754_atan2
                0x0800be68      0x1ac d:/clion/gcc-arm-none-eabi-10.3-2021.10-win32/gcc-arm-none-eabi-10.3-2021.10/bin/../lib/gcc/arm-none-eabi/10.3.1/../../../../arm-none-eabi/lib/thumb/v7e-m+fp/hard\libm.a(lib_a-e_atan2.o)
                0x0800be68                __ieee754_atan2
 .text.__ieee754_sqrt
                0x0800c014      0x198 d:/clion/gcc-arm-none-eabi-10.3-2021.10-win32/gcc-arm-none-eabi-10.3-2021.10/bin/../lib/gcc/arm-none-eabi/10.3.1/../../../../arm-none-eabi/lib/thumb/v7e-m+fp/hard\libm.a(lib_a-e_sqrt.o)
                0x0800c014                __ieee754_sqrt
 *fill*         0x0800c1ac        0x4 
 .text.atan     0x0800c1b0      0x340 d:/clion/gcc-arm-none-eabi-10.3-2021.10-win32/gcc-arm-none-eabi-10.3-2021.10/bin/../lib/gcc/arm-none-eabi/10.3.1/../../../../arm-none-eabi/lib/thumb/v7e-m+fp/hard\libm.a(lib_a-s_atan.o)
                0x0800c1b0                atan
 .text.fabs     0x0800c4f0       0x14 d:/clion/gcc-arm-none-eabi-10.3-2021.10-win32/gcc-arm-none-eabi-10.3-2021.10/bin/../lib/gcc/arm-none-eabi/10.3.1/../../../../arm-none-eabi/lib/thumb/v7e-m+fp/hard\libm.a(lib_a-s_fabs.o)
                0x0800c4f0                fabs
 *fill*         0x0800c504        0x4 
 .text.nan      0x0800c508       0x10 d:/clion/gcc-arm-none-eabi-10.3-2021.10-win32/gcc-arm-none-eabi-10.3-2021.10/bin/../lib/gcc/arm-none-eabi/10.3.1/../../../../arm-none-eabi/lib/thumb/v7e-m+fp/hard\libm.a(lib_a-s_nan.o)
                0x0800c508                nan
 *(.glue_7)
 .glue_7        0x0800c518        0x0 linker stubs
 *(.glue_7t)
 .glue_7t       0x0800c518        0x0 linker stubs
 *(.eh_frame)
 .eh_frame      0x0800c518        0x0 d:/clion/gcc-arm-none-eabi-10.3-2021.10-win32/gcc-arm-none-eabi-10.3-2021.10/bin/../lib/gcc/arm-none-eabi/10.3.1/thumb/v7e-m+fp/hard/crtbegin.o
 *(.init)
 .init          0x0800c518        0x4 d:/clion/gcc-arm-none-eabi-10.3-2021.10-win32/gcc-arm-none-eabi-10.3-2021.10/bin/../lib/gcc/arm-none-eabi/10.3.1/thumb/v7e-m+fp/hard/crti.o
                0x0800c518                _init
 .init          0x0800c51c        0x8 d:/clion/gcc-arm-none-eabi-10.3-2021.10-win32/gcc-arm-none-eabi-10.3-2021.10/bin/../lib/gcc/arm-none-eabi/10.3.1/thumb/v7e-m+fp/hard/crtn.o
 *(.fini)
 .fini          0x0800c524        0x4 d:/clion/gcc-arm-none-eabi-10.3-2021.10-win32/gcc-arm-none-eabi-10.3-2021.10/bin/../lib/gcc/arm-none-eabi/10.3.1/thumb/v7e-m+fp/hard/crti.o
                0x0800c524                _fini
 .fini          0x0800c528        0x8 d:/clion/gcc-arm-none-eabi-10.3-2021.10-win32/gcc-arm-none-eabi-10.3-2021.10/bin/../lib/gcc/arm-none-eabi/10.3.1/thumb/v7e-m+fp/hard/crtn.o
                0x0800c530                . = ALIGN (0x4)
                0x0800c530                _etext = .

.vfp11_veneer   0x0800c530        0x0
 .vfp11_veneer  0x0800c530        0x0 linker stubs

.v4_bx          0x0800c530        0x0
 .v4_bx         0x0800c530        0x0 linker stubs

.iplt           0x0800c530        0x0
 .iplt          0x0800c530        0x0 d:/clion/gcc-arm-none-eabi-10.3-2021.10-win32/gcc-arm-none-eabi-10.3-2021.10/bin/../lib/gcc/arm-none-eabi/10.3.1/thumb/v7e-m+fp/hard/crtbegin.o

.rodata         0x0800c530      0xde8
                0x0800c530                . = ALIGN (0x4)
 *(.rodata)
 .rodata        0x0800c530       0x4b CMakeFiles/test.dir/Core/Src/Hardware/IMU/MPU/DMP/inv_mpu_dmp_motion_driver.c.obj
 *fill*         0x0800c57b        0x1 
 .rodata        0x0800c57c       0x2c CMakeFiles/test.dir/Core/Src/main.c.obj
 *(.rodata*)
 .rodata._global_impure_ptr
                0x0800c5a8        0x4 d:/clion/gcc-arm-none-eabi-10.3-2021.10-win32/gcc-arm-none-eabi-10.3-2021.10/bin/../lib/gcc/arm-none-eabi/10.3.1/../../../../arm-none-eabi/lib/thumb/v7e-m+fp/hard\libc_nano.a(lib_a-impure.o)
                0x0800c5a8                _global_impure_ptr
 .rodata.reg    0x0800c5ac       0x1e CMakeFiles/test.dir/Core/Src/Hardware/IMU/MPU/DMP/inv_mpu.c.obj
                0x0800c5ac                reg
 *fill*         0x0800c5ca        0x2 
 .rodata.hw     0x0800c5cc        0xc CMakeFiles/test.dir/Core/Src/Hardware/IMU/MPU/DMP/inv_mpu.c.obj
                0x0800c5cc                hw
 .rodata.test   0x0800c5d8       0x28 CMakeFiles/test.dir/Core/Src/Hardware/IMU/MPU/DMP/inv_mpu.c.obj
                0x0800c5d8                test
 .rodata.dmp_memory
                0x0800c600      0xbf6 CMakeFiles/test.dir/Core/Src/Hardware/IMU/MPU/DMP/inv_mpu_dmp_motion_driver.c.obj
 *fill*         0x0800d1f6        0x2 
 .rodata.AHBPrescTable
                0x0800d1f8       0x10 CMakeFiles/test.dir/Core/Src/system_stm32f4xx.c.obj
                0x0800d1f8                AHBPrescTable
 .rodata.APBPrescTable
                0x0800d208        0x8 CMakeFiles/test.dir/Core/Src/system_stm32f4xx.c.obj
                0x0800d208                APBPrescTable
 .rodata.__sf_fake_stderr
                0x0800d210       0x20 d:/clion/gcc-arm-none-eabi-10.3-2021.10-win32/gcc-arm-none-eabi-10.3-2021.10/bin/../lib/gcc/arm-none-eabi/10.3.1/../../../../arm-none-eabi/lib/thumb/v7e-m+fp/hard\libg_nano.a(lib_a-findfp.o)
                0x0800d210                __sf_fake_stderr
 .rodata.__sf_fake_stdin
                0x0800d230       0x20 d:/clion/gcc-arm-none-eabi-10.3-2021.10-win32/gcc-arm-none-eabi-10.3-2021.10/bin/../lib/gcc/arm-none-eabi/10.3.1/../../../../arm-none-eabi/lib/thumb/v7e-m+fp/hard\libg_nano.a(lib_a-findfp.o)
                0x0800d230                __sf_fake_stdin
 .rodata.__sf_fake_stdout
                0x0800d250       0x20 d:/clion/gcc-arm-none-eabi-10.3-2021.10-win32/gcc-arm-none-eabi-10.3-2021.10/bin/../lib/gcc/arm-none-eabi/10.3.1/../../../../arm-none-eabi/lib/thumb/v7e-m+fp/hard\libg_nano.a(lib_a-findfp.o)
                0x0800d250                __sf_fake_stdout
 .rodata._vfprintf_r.str1.1
                0x0800d270       0x11 d:/clion/gcc-arm-none-eabi-10.3-2021.10-win32/gcc-arm-none-eabi-10.3-2021.10/bin/../lib/gcc/arm-none-eabi/10.3.1/../../../../arm-none-eabi/lib/thumb/v7e-m+fp/hard\libg_nano.a(lib_a-nano-vfprintf.o)
 .rodata._printf_i.str1.1
                0x0800d281       0x22 d:/clion/gcc-arm-none-eabi-10.3-2021.10-win32/gcc-arm-none-eabi-10.3-2021.10/bin/../lib/gcc/arm-none-eabi/10.3.1/../../../../arm-none-eabi/lib/thumb/v7e-m+fp/hard\libg_nano.a(lib_a-nano-vfprintf_i.o)
 *fill*         0x0800d2a3        0x1 
 .rodata.asin.str1.4
                0x0800d2a4        0x1 d:/clion/gcc-arm-none-eabi-10.3-2021.10-win32/gcc-arm-none-eabi-10.3-2021.10/bin/../lib/gcc/arm-none-eabi/10.3.1/../../../../arm-none-eabi/lib/thumb/v7e-m+fp/hard\libm.a(lib_a-w_asin.o)
 *fill*         0x0800d2a5        0x3 
 .rodata.CSWTCH.8
                0x0800d2a8       0x18 d:/clion/gcc-arm-none-eabi-10.3-2021.10-win32/gcc-arm-none-eabi-10.3-2021.10/bin/../lib/gcc/arm-none-eabi/10.3.1/../../../../arm-none-eabi/lib/thumb/v7e-m+fp/hard\libm.a(lib_a-e_atan2.o)
 .rodata.CSWTCH.9
                0x0800d2c0       0x18 d:/clion/gcc-arm-none-eabi-10.3-2021.10-win32/gcc-arm-none-eabi-10.3-2021.10/bin/../lib/gcc/arm-none-eabi/10.3.1/../../../../arm-none-eabi/lib/thumb/v7e-m+fp/hard\libm.a(lib_a-e_atan2.o)
 .rodata.atanhi
                0x0800d2d8       0x20 d:/clion/gcc-arm-none-eabi-10.3-2021.10-win32/gcc-arm-none-eabi-10.3-2021.10/bin/../lib/gcc/arm-none-eabi/10.3.1/../../../../arm-none-eabi/lib/thumb/v7e-m+fp/hard\libm.a(lib_a-s_atan.o)
 .rodata.atanlo
                0x0800d2f8       0x20 d:/clion/gcc-arm-none-eabi-10.3-2021.10-win32/gcc-arm-none-eabi-10.3-2021.10/bin/../lib/gcc/arm-none-eabi/10.3.1/../../../../arm-none-eabi/lib/thumb/v7e-m+fp/hard\libm.a(lib_a-s_atan.o)
                0x0800d318                . = ALIGN (0x4)

.ARM.extab
 *(.ARM.extab* .gnu.linkonce.armextab.*)

.ARM            0x0800d318        0x8
                0x0800d318                __exidx_start = .
 *(.ARM.exidx*)
 .ARM.exidx     0x0800d318        0x8 d:/clion/gcc-arm-none-eabi-10.3-2021.10-win32/gcc-arm-none-eabi-10.3-2021.10/bin/../lib/gcc/arm-none-eabi/10.3.1/thumb/v7e-m+fp/hard\libgcc.a(_udivmoddi4.o)
                0x0800d320                __exidx_end = .

.rel.dyn        0x0800d320        0x0
 .rel.iplt      0x0800d320        0x0 d:/clion/gcc-arm-none-eabi-10.3-2021.10-win32/gcc-arm-none-eabi-10.3-2021.10/bin/../lib/gcc/arm-none-eabi/10.3.1/thumb/v7e-m+fp/hard/crtbegin.o

.preinit_array  0x0800d320        0x0
                0x0800d320                PROVIDE (__preinit_array_start = .)
 *(.preinit_array*)
                0x0800d320                PROVIDE (__preinit_array_end = .)

.init_array     0x0800d320        0x4
                0x0800d320                PROVIDE (__init_array_start = .)
 *(SORT_BY_NAME(.init_array.*))
 *(.init_array*)
 .init_array    0x0800d320        0x4 d:/clion/gcc-arm-none-eabi-10.3-2021.10-win32/gcc-arm-none-eabi-10.3-2021.10/bin/../lib/gcc/arm-none-eabi/10.3.1/thumb/v7e-m+fp/hard/crtbegin.o
                0x0800d324                PROVIDE (__init_array_end = .)

.fini_array     0x0800d324        0x4
                [!provide]                PROVIDE (__fini_array_start = .)
 *(SORT_BY_NAME(.fini_array.*))
 *(.fini_array*)
 .fini_array    0x0800d324        0x4 d:/clion/gcc-arm-none-eabi-10.3-2021.10-win32/gcc-arm-none-eabi-10.3-2021.10/bin/../lib/gcc/arm-none-eabi/10.3.1/thumb/v7e-m+fp/hard/crtbegin.o
                [!provide]                PROVIDE (__fini_array_end = .)
                0x0800d328                _sidata = LOADADDR (.data)

.data           0x20000000      0x140 load address 0x0800d328
                0x20000000                . = ALIGN (0x4)
                0x20000000                _sdata = .
 *(.data)
 *(.data*)
 .data._impure_ptr
                0x20000000        0x4 d:/clion/gcc-arm-none-eabi-10.3-2021.10-win32/gcc-arm-none-eabi-10.3-2021.10/bin/../lib/gcc/arm-none-eabi/10.3.1/../../../../arm-none-eabi/lib/thumb/v7e-m+fp/hard\libc_nano.a(lib_a-impure.o)
                0x20000000                _impure_ptr
 .data.impure_data
                0x20000004       0x60 d:/clion/gcc-arm-none-eabi-10.3-2021.10-win32/gcc-arm-none-eabi-10.3-2021.10/bin/../lib/gcc/arm-none-eabi/10.3.1/../../../../arm-none-eabi/lib/thumb/v7e-m+fp/hard\libc_nano.a(lib_a-impure.o)
 .data.stepm    0x20000064       0x38 CMakeFiles/test.dir/Core/Src/Hardware/step_motor/step_motor.c.obj
                0x20000064                stepm
 .data.motor_speed_pid
                0x2000009c       0x20 CMakeFiles/test.dir/Core/Src/Hardware/Motor/control.c.obj
                0x2000009c                motor_speed_pid
 .data.motor    0x200000bc       0x3c CMakeFiles/test.dir/Core/Src/Hardware/Motor/motor.c.obj
                0x200000bc                motor
 .data.Mpu6050Addr
                0x200000f8        0x2 CMakeFiles/test.dir/Core/Src/Hardware/IMU/MPU/MPU6050/mpu6050.c.obj
 *fill*         0x200000fa        0x2 
 .data.gyro_orientation
                0x200000fc        0x9 CMakeFiles/test.dir/Core/Src/Hardware/IMU/MPU/DMP/inv_mpu.c.obj
 *fill*         0x20000105        0x3 
 .data.st       0x20000108       0x2c CMakeFiles/test.dir/Core/Src/Hardware/IMU/MPU/DMP/inv_mpu.c.obj
 .data.uwTickPrio
                0x20000134        0x4 CMakeFiles/test.dir/Drivers/STM32F4xx_HAL_Driver/Src/stm32f4xx_hal.c.obj
                0x20000134                uwTickPrio
 .data.uwTickFreq
                0x20000138        0x1 CMakeFiles/test.dir/Drivers/STM32F4xx_HAL_Driver/Src/stm32f4xx_hal.c.obj
                0x20000138                uwTickFreq
 *fill*         0x20000139        0x3 
 .data.SystemCoreClock
                0x2000013c        0x4 CMakeFiles/test.dir/Core/Src/system_stm32f4xx.c.obj
                0x2000013c                SystemCoreClock
                0x20000140                . = ALIGN (0x4)
                0x20000140                _edata = .

.igot.plt       0x20000140        0x0 load address 0x0800d468
 .igot.plt      0x20000140        0x0 d:/clion/gcc-arm-none-eabi-10.3-2021.10-win32/gcc-arm-none-eabi-10.3-2021.10/bin/../lib/gcc/arm-none-eabi/10.3.1/thumb/v7e-m+fp/hard/crtbegin.o
                0x20000140                . = ALIGN (0x4)

.bss            0x20000140      0x258 load address 0x0800d468
                0x20000140                _sbss = .
                0x20000140                __bss_start__ = _sbss
 *(.bss)
 .bss           0x20000140       0x1c d:/clion/gcc-arm-none-eabi-10.3-2021.10-win32/gcc-arm-none-eabi-10.3-2021.10/bin/../lib/gcc/arm-none-eabi/10.3.1/thumb/v7e-m+fp/hard/crtbegin.o
 *(.bss*)
 .bss.config    0x2000015c        0x3 CMakeFiles/test.dir/Core/Src/sys/Config/config.c.obj
                0x2000015c                config
 *fill*         0x2000015f        0x1 
 .bss.stepmotorhws
                0x20000160       0x44 CMakeFiles/test.dir/Core/Src/Hardware/step_motor/step_motor.c.obj
                0x20000160                stepmotorhws
 .bss.motorhardware
                0x200001a4       0x54 CMakeFiles/test.dir/Core/Src/Hardware/Motor/motor.c.obj
                0x200001a4                motorhardware
 .bss.dmp       0x200001f8       0x10 CMakeFiles/test.dir/Core/Src/Hardware/IMU/MPU/DMP/inv_mpu_dmp_motion_driver.c.obj
 .bss.servo_t.0
                0x20000208        0x1 CMakeFiles/test.dir/Core/Src/main.c.obj
 *fill*         0x20000209        0x3 
 .bss.hi2c1     0x2000020c       0x54 CMakeFiles/test.dir/Core/Src/i2c.c.obj
                0x2000020c                hi2c1
 .bss.htim3     0x20000260       0x48 CMakeFiles/test.dir/Core/Src/tim.c.obj
                0x20000260                htim3
 .bss.htim4     0x200002a8       0x48 CMakeFiles/test.dir/Core/Src/tim.c.obj
                0x200002a8                htim4
 .bss.htim10    0x200002f0       0x48 CMakeFiles/test.dir/Core/Src/tim.c.obj
                0x200002f0                htim10
 .bss.huart1    0x20000338       0x48 CMakeFiles/test.dir/Core/Src/usart.c.obj
                0x20000338                huart1
 .bss.uwTick    0x20000380        0x4 CMakeFiles/test.dir/Drivers/STM32F4xx_HAL_Driver/Src/stm32f4xx_hal.c.obj
                0x20000380                uwTick
 .bss.__sbrk_heap_end
                0x20000384        0x4 CMakeFiles/test.dir/Core/Src/sysmem.c.obj
 .bss.__lock___malloc_recursive_mutex
                0x20000388        0x1 d:/clion/gcc-arm-none-eabi-10.3-2021.10-win32/gcc-arm-none-eabi-10.3-2021.10/bin/../lib/gcc/arm-none-eabi/10.3.1/../../../../arm-none-eabi/lib/thumb/v7e-m+fp/hard\libg_nano.a(lib_a-lock.o)
                0x20000388                __lock___malloc_recursive_mutex
 .bss.__lock___sfp_recursive_mutex
                0x20000389        0x1 d:/clion/gcc-arm-none-eabi-10.3-2021.10-win32/gcc-arm-none-eabi-10.3-2021.10/bin/../lib/gcc/arm-none-eabi/10.3.1/../../../../arm-none-eabi/lib/thumb/v7e-m+fp/hard\libg_nano.a(lib_a-lock.o)
                0x20000389                __lock___sfp_recursive_mutex
 .bss.__lock___sinit_recursive_mutex
                0x2000038a        0x1 d:/clion/gcc-arm-none-eabi-10.3-2021.10-win32/gcc-arm-none-eabi-10.3-2021.10/bin/../lib/gcc/arm-none-eabi/10.3.1/../../../../arm-none-eabi/lib/thumb/v7e-m+fp/hard\libg_nano.a(lib_a-lock.o)
                0x2000038a                __lock___sinit_recursive_mutex
 *fill*         0x2000038b        0x1 
 .bss.__malloc_free_list
                0x2000038c        0x4 d:/clion/gcc-arm-none-eabi-10.3-2021.10-win32/gcc-arm-none-eabi-10.3-2021.10/bin/../lib/gcc/arm-none-eabi/10.3.1/../../../../arm-none-eabi/lib/thumb/v7e-m+fp/hard\libg_nano.a(lib_a-nano-mallocr.o)
                0x2000038c                __malloc_free_list
 .bss.__malloc_sbrk_start
                0x20000390        0x4 d:/clion/gcc-arm-none-eabi-10.3-2021.10-win32/gcc-arm-none-eabi-10.3-2021.10/bin/../lib/gcc/arm-none-eabi/10.3.1/../../../../arm-none-eabi/lib/thumb/v7e-m+fp/hard\libg_nano.a(lib_a-nano-mallocr.o)
                0x20000390                __malloc_sbrk_start
 .bss.errno     0x20000394        0x4 d:/clion/gcc-arm-none-eabi-10.3-2021.10-win32/gcc-arm-none-eabi-10.3-2021.10/bin/../lib/gcc/arm-none-eabi/10.3.1/../../../../arm-none-eabi/lib/thumb/v7e-m+fp/hard\libg_nano.a(lib_a-reent.o)
                0x20000394                errno
 *(COMMON)
                0x20000398                . = ALIGN (0x4)
                0x20000398                _ebss = .
                0x20000398                __bss_end__ = _ebss

._user_heap_stack
                0x20000398      0x600 load address 0x0800d468
                0x20000398                . = ALIGN (0x8)
                [!provide]                PROVIDE (end = .)
                0x20000398                PROVIDE (_end = .)
                0x20000598                . = (. + _Min_Heap_Size)
 *fill*         0x20000398      0x200 
                0x20000998                . = (. + _Min_Stack_Size)
 *fill*         0x20000598      0x400 
                0x20000998                . = ALIGN (0x8)

/DISCARD/
 libc.a(*)
 libm.a(*)
 libgcc.a(*)

.ARM.attributes
                0x00000000       0x30
 *(.ARM.attributes)
 .ARM.attributes
                0x00000000       0x1e d:/clion/gcc-arm-none-eabi-10.3-2021.10-win32/gcc-arm-none-eabi-10.3-2021.10/bin/../lib/gcc/arm-none-eabi/10.3.1/thumb/v7e-m+fp/hard/crti.o
 .ARM.attributes
                0x0000001e       0x34 d:/clion/gcc-arm-none-eabi-10.3-2021.10-win32/gcc-arm-none-eabi-10.3-2021.10/bin/../lib/gcc/arm-none-eabi/10.3.1/thumb/v7e-m+fp/hard/crtbegin.o
 .ARM.attributes
                0x00000052       0x34 d:/clion/gcc-arm-none-eabi-10.3-2021.10-win32/gcc-arm-none-eabi-10.3-2021.10/bin/../lib/gcc/arm-none-eabi/10.3.1/../../../../arm-none-eabi/lib/thumb/v7e-m+fp/hard\libc_nano.a(lib_a-impure.o)
 .ARM.attributes
                0x00000086       0x34 d:/clion/gcc-arm-none-eabi-10.3-2021.10-win32/gcc-arm-none-eabi-10.3-2021.10/bin/../lib/gcc/arm-none-eabi/10.3.1/../../../../arm-none-eabi/lib/thumb/v7e-m+fp/hard\libc_nano.a(lib_a-init.o)
 .ARM.attributes
                0x000000ba       0x34 d:/clion/gcc-arm-none-eabi-10.3-2021.10-win32/gcc-arm-none-eabi-10.3-2021.10/bin/../lib/gcc/arm-none-eabi/10.3.1/../../../../arm-none-eabi/lib/thumb/v7e-m+fp/hard\libc_nano.a(lib_a-memset.o)
 .ARM.attributes
                0x000000ee       0x34 CMakeFiles/test.dir/Core/Src/sys/Config/config.c.obj
 .ARM.attributes
                0x00000122       0x34 CMakeFiles/test.dir/Core/Src/Hardware/step_motor/step_motor.c.obj
 .ARM.attributes
                0x00000156       0x34 CMakeFiles/test.dir/Core/Src/Hardware/Motor/control.c.obj
 .ARM.attributes
                0x0000018a       0x34 CMakeFiles/test.dir/Core/Src/Hardware/Motor/motor.c.obj
 .ARM.attributes
                0x000001be       0x34 CMakeFiles/test.dir/Core/Src/Conmunication/serial.c.obj
 .ARM.attributes
                0x000001f2       0x34 CMakeFiles/test.dir/Core/Src/Hardware/IMU/MPU/MPU6050/mpu6050.c.obj
 .ARM.attributes
                0x00000226       0x34 CMakeFiles/test.dir/Core/Src/Hardware/IMU/MPU/DMP/inv_mpu.c.obj
 .ARM.attributes
                0x0000025a       0x34 CMakeFiles/test.dir/Core/Src/Hardware/IMU/MPU/DMP/inv_mpu_dmp_motion_driver.c.obj
 .ARM.attributes
                0x0000028e       0x34 CMakeFiles/test.dir/Core/Src/main.c.obj
 .ARM.attributes
                0x000002c2       0x34 CMakeFiles/test.dir/Core/Src/gpio.c.obj
 .ARM.attributes
                0x000002f6       0x34 CMakeFiles/test.dir/Core/Src/i2c.c.obj
 .ARM.attributes
                0x0000032a       0x34 CMakeFiles/test.dir/Core/Src/tim.c.obj
 .ARM.attributes
                0x0000035e       0x34 CMakeFiles/test.dir/Core/Src/usart.c.obj
 .ARM.attributes
                0x00000392       0x34 CMakeFiles/test.dir/Core/Src/stm32f4xx_it.c.obj
 .ARM.attributes
                0x000003c6       0x34 CMakeFiles/test.dir/Core/Src/stm32f4xx_hal_msp.c.obj
 .ARM.attributes
                0x000003fa       0x34 CMakeFiles/test.dir/Drivers/STM32F4xx_HAL_Driver/Src/stm32f4xx_hal_i2c.c.obj
 .ARM.attributes
                0x0000042e       0x34 CMakeFiles/test.dir/Drivers/STM32F4xx_HAL_Driver/Src/stm32f4xx_hal_rcc.c.obj
 .ARM.attributes
                0x00000462       0x34 CMakeFiles/test.dir/Drivers/STM32F4xx_HAL_Driver/Src/stm32f4xx_hal_gpio.c.obj
 .ARM.attributes
                0x00000496       0x34 CMakeFiles/test.dir/Drivers/STM32F4xx_HAL_Driver/Src/stm32f4xx_hal_dma.c.obj
 .ARM.attributes
                0x000004ca       0x34 CMakeFiles/test.dir/Drivers/STM32F4xx_HAL_Driver/Src/stm32f4xx_hal_cortex.c.obj
 .ARM.attributes
                0x000004fe       0x34 CMakeFiles/test.dir/Drivers/STM32F4xx_HAL_Driver/Src/stm32f4xx_hal.c.obj
 .ARM.attributes
                0x00000532       0x34 CMakeFiles/test.dir/Drivers/STM32F4xx_HAL_Driver/Src/stm32f4xx_hal_tim.c.obj
 .ARM.attributes
                0x00000566       0x34 CMakeFiles/test.dir/Drivers/STM32F4xx_HAL_Driver/Src/stm32f4xx_hal_tim_ex.c.obj
 .ARM.attributes
                0x0000059a       0x34 CMakeFiles/test.dir/Drivers/STM32F4xx_HAL_Driver/Src/stm32f4xx_hal_uart.c.obj
 .ARM.attributes
                0x000005ce       0x34 CMakeFiles/test.dir/Core/Src/system_stm32f4xx.c.obj
 .ARM.attributes
                0x00000602       0x34 CMakeFiles/test.dir/Core/Src/sysmem.c.obj
 .ARM.attributes
                0x00000636       0x34 CMakeFiles/test.dir/Core/Src/syscalls.c.obj
 .ARM.attributes
                0x0000066a       0x21 CMakeFiles/test.dir/startup_stm32f411xe.s.obj
 .ARM.attributes
                0x0000068b       0x1e d:/clion/gcc-arm-none-eabi-10.3-2021.10-win32/gcc-arm-none-eabi-10.3-2021.10/bin/../lib/gcc/arm-none-eabi/10.3.1/thumb/v7e-m+fp/hard\libgcc.a(_arm_addsubdf3.o)
 .ARM.attributes
                0x000006a9       0x1e d:/clion/gcc-arm-none-eabi-10.3-2021.10-win32/gcc-arm-none-eabi-10.3-2021.10/bin/../lib/gcc/arm-none-eabi/10.3.1/thumb/v7e-m+fp/hard\libgcc.a(_arm_muldivdf3.o)
 .ARM.attributes
                0x000006c7       0x1e d:/clion/gcc-arm-none-eabi-10.3-2021.10-win32/gcc-arm-none-eabi-10.3-2021.10/bin/../lib/gcc/arm-none-eabi/10.3.1/thumb/v7e-m+fp/hard\libgcc.a(_arm_truncdfsf2.o)
 .ARM.attributes
                0x000006e5       0x1e d:/clion/gcc-arm-none-eabi-10.3-2021.10-win32/gcc-arm-none-eabi-10.3-2021.10/bin/../lib/gcc/arm-none-eabi/10.3.1/thumb/v7e-m+fp/hard\libgcc.a(_aeabi_ldivmod.o)
 .ARM.attributes
                0x00000703       0x1e d:/clion/gcc-arm-none-eabi-10.3-2021.10-win32/gcc-arm-none-eabi-10.3-2021.10/bin/../lib/gcc/arm-none-eabi/10.3.1/thumb/v7e-m+fp/hard\libgcc.a(_aeabi_uldivmod.o)
 .ARM.attributes
                0x00000721       0x34 d:/clion/gcc-arm-none-eabi-10.3-2021.10-win32/gcc-arm-none-eabi-10.3-2021.10/bin/../lib/gcc/arm-none-eabi/10.3.1/thumb/v7e-m+fp/hard\libgcc.a(_udivmoddi4.o)
 .ARM.attributes
                0x00000755       0x1e d:/clion/gcc-arm-none-eabi-10.3-2021.10-win32/gcc-arm-none-eabi-10.3-2021.10/bin/../lib/gcc/arm-none-eabi/10.3.1/thumb/v7e-m+fp/hard\libgcc.a(_dvmd_tls.o)
 .ARM.attributes
                0x00000773       0x34 d:/clion/gcc-arm-none-eabi-10.3-2021.10-win32/gcc-arm-none-eabi-10.3-2021.10/bin/../lib/gcc/arm-none-eabi/10.3.1/../../../../arm-none-eabi/lib/thumb/v7e-m+fp/hard\libg_nano.a(lib_a-errno.o)
 .ARM.attributes
                0x000007a7       0x34 d:/clion/gcc-arm-none-eabi-10.3-2021.10-win32/gcc-arm-none-eabi-10.3-2021.10/bin/../lib/gcc/arm-none-eabi/10.3.1/../../../../arm-none-eabi/lib/thumb/v7e-m+fp/hard\libg_nano.a(lib_a-memcmp.o)
 .ARM.attributes
                0x000007db       0x34 d:/clion/gcc-arm-none-eabi-10.3-2021.10-win32/gcc-arm-none-eabi-10.3-2021.10/bin/../lib/gcc/arm-none-eabi/10.3.1/../../../../arm-none-eabi/lib/thumb/v7e-m+fp/hard\libg_nano.a(lib_a-printf.o)
 .ARM.attributes
                0x0000080f       0x34 d:/clion/gcc-arm-none-eabi-10.3-2021.10-win32/gcc-arm-none-eabi-10.3-2021.10/bin/../lib/gcc/arm-none-eabi/10.3.1/../../../../arm-none-eabi/lib/thumb/v7e-m+fp/hard\libg_nano.a(lib_a-puts.o)
 .ARM.attributes
                0x00000843       0x34 d:/clion/gcc-arm-none-eabi-10.3-2021.10-win32/gcc-arm-none-eabi-10.3-2021.10/bin/../lib/gcc/arm-none-eabi/10.3.1/../../../../arm-none-eabi/lib/thumb/v7e-m+fp/hard\libg_nano.a(lib_a-wbuf.o)
 .ARM.attributes
                0x00000877       0x34 d:/clion/gcc-arm-none-eabi-10.3-2021.10-win32/gcc-arm-none-eabi-10.3-2021.10/bin/../lib/gcc/arm-none-eabi/10.3.1/../../../../arm-none-eabi/lib/thumb/v7e-m+fp/hard\libg_nano.a(lib_a-wsetup.o)
 .ARM.attributes
                0x000008ab       0x34 d:/clion/gcc-arm-none-eabi-10.3-2021.10-win32/gcc-arm-none-eabi-10.3-2021.10/bin/../lib/gcc/arm-none-eabi/10.3.1/../../../../arm-none-eabi/lib/thumb/v7e-m+fp/hard\libg_nano.a(lib_a-fflush.o)
 .ARM.attributes
                0x000008df       0x34 d:/clion/gcc-arm-none-eabi-10.3-2021.10-win32/gcc-arm-none-eabi-10.3-2021.10/bin/../lib/gcc/arm-none-eabi/10.3.1/../../../../arm-none-eabi/lib/thumb/v7e-m+fp/hard\libg_nano.a(lib_a-findfp.o)
 .ARM.attributes
                0x00000913       0x34 d:/clion/gcc-arm-none-eabi-10.3-2021.10-win32/gcc-arm-none-eabi-10.3-2021.10/bin/../lib/gcc/arm-none-eabi/10.3.1/../../../../arm-none-eabi/lib/thumb/v7e-m+fp/hard\libg_nano.a(lib_a-fwalk.o)
 .ARM.attributes
                0x00000947       0x34 d:/clion/gcc-arm-none-eabi-10.3-2021.10-win32/gcc-arm-none-eabi-10.3-2021.10/bin/../lib/gcc/arm-none-eabi/10.3.1/../../../../arm-none-eabi/lib/thumb/v7e-m+fp/hard\libg_nano.a(lib_a-lock.o)
 .ARM.attributes
                0x0000097b       0x34 d:/clion/gcc-arm-none-eabi-10.3-2021.10-win32/gcc-arm-none-eabi-10.3-2021.10/bin/../lib/gcc/arm-none-eabi/10.3.1/../../../../arm-none-eabi/lib/thumb/v7e-m+fp/hard\libg_nano.a(lib_a-makebuf.o)
 .ARM.attributes
                0x000009af       0x34 d:/clion/gcc-arm-none-eabi-10.3-2021.10-win32/gcc-arm-none-eabi-10.3-2021.10/bin/../lib/gcc/arm-none-eabi/10.3.1/../../../../arm-none-eabi/lib/thumb/v7e-m+fp/hard\libg_nano.a(lib_a-nano-freer.o)
 .ARM.attributes
                0x000009e3       0x34 d:/clion/gcc-arm-none-eabi-10.3-2021.10-win32/gcc-arm-none-eabi-10.3-2021.10/bin/../lib/gcc/arm-none-eabi/10.3.1/../../../../arm-none-eabi/lib/thumb/v7e-m+fp/hard\libg_nano.a(lib_a-nano-mallocr.o)
 .ARM.attributes
                0x00000a17       0x34 d:/clion/gcc-arm-none-eabi-10.3-2021.10-win32/gcc-arm-none-eabi-10.3-2021.10/bin/../lib/gcc/arm-none-eabi/10.3.1/../../../../arm-none-eabi/lib/thumb/v7e-m+fp/hard\libg_nano.a(lib_a-nano-vfprintf.o)
 .ARM.attributes
                0x00000a4b       0x34 d:/clion/gcc-arm-none-eabi-10.3-2021.10-win32/gcc-arm-none-eabi-10.3-2021.10/bin/../lib/gcc/arm-none-eabi/10.3.1/../../../../arm-none-eabi/lib/thumb/v7e-m+fp/hard\libg_nano.a(lib_a-nano-vfprintf_i.o)
 .ARM.attributes
                0x00000a7f       0x34 d:/clion/gcc-arm-none-eabi-10.3-2021.10-win32/gcc-arm-none-eabi-10.3-2021.10/bin/../lib/gcc/arm-none-eabi/10.3.1/../../../../arm-none-eabi/lib/thumb/v7e-m+fp/hard\libg_nano.a(lib_a-sbrkr.o)
 .ARM.attributes
                0x00000ab3       0x34 d:/clion/gcc-arm-none-eabi-10.3-2021.10-win32/gcc-arm-none-eabi-10.3-2021.10/bin/../lib/gcc/arm-none-eabi/10.3.1/../../../../arm-none-eabi/lib/thumb/v7e-m+fp/hard\libg_nano.a(lib_a-stdio.o)
 .ARM.attributes
                0x00000ae7       0x34 d:/clion/gcc-arm-none-eabi-10.3-2021.10-win32/gcc-arm-none-eabi-10.3-2021.10/bin/../lib/gcc/arm-none-eabi/10.3.1/../../../../arm-none-eabi/lib/thumb/v7e-m+fp/hard\libg_nano.a(lib_a-writer.o)
 .ARM.attributes
                0x00000b1b       0x34 d:/clion/gcc-arm-none-eabi-10.3-2021.10-win32/gcc-arm-none-eabi-10.3-2021.10/bin/../lib/gcc/arm-none-eabi/10.3.1/../../../../arm-none-eabi/lib/thumb/v7e-m+fp/hard\libg_nano.a(lib_a-closer.o)
 .ARM.attributes
                0x00000b4f       0x34 d:/clion/gcc-arm-none-eabi-10.3-2021.10-win32/gcc-arm-none-eabi-10.3-2021.10/bin/../lib/gcc/arm-none-eabi/10.3.1/../../../../arm-none-eabi/lib/thumb/v7e-m+fp/hard\libg_nano.a(lib_a-fstatr.o)
 .ARM.attributes
                0x00000b83       0x34 d:/clion/gcc-arm-none-eabi-10.3-2021.10-win32/gcc-arm-none-eabi-10.3-2021.10/bin/../lib/gcc/arm-none-eabi/10.3.1/../../../../arm-none-eabi/lib/thumb/v7e-m+fp/hard\libg_nano.a(lib_a-isattyr.o)
 .ARM.attributes
                0x00000bb7       0x34 d:/clion/gcc-arm-none-eabi-10.3-2021.10-win32/gcc-arm-none-eabi-10.3-2021.10/bin/../lib/gcc/arm-none-eabi/10.3.1/../../../../arm-none-eabi/lib/thumb/v7e-m+fp/hard\libg_nano.a(lib_a-lseekr.o)
 .ARM.attributes
                0x00000beb       0x1c d:/clion/gcc-arm-none-eabi-10.3-2021.10-win32/gcc-arm-none-eabi-10.3-2021.10/bin/../lib/gcc/arm-none-eabi/10.3.1/../../../../arm-none-eabi/lib/thumb/v7e-m+fp/hard\libg_nano.a(lib_a-memchr.o)
 .ARM.attributes
                0x00000c07       0x34 d:/clion/gcc-arm-none-eabi-10.3-2021.10-win32/gcc-arm-none-eabi-10.3-2021.10/bin/../lib/gcc/arm-none-eabi/10.3.1/../../../../arm-none-eabi/lib/thumb/v7e-m+fp/hard\libg_nano.a(lib_a-mlock.o)
 .ARM.attributes
                0x00000c3b       0x34 d:/clion/gcc-arm-none-eabi-10.3-2021.10-win32/gcc-arm-none-eabi-10.3-2021.10/bin/../lib/gcc/arm-none-eabi/10.3.1/../../../../arm-none-eabi/lib/thumb/v7e-m+fp/hard\libg_nano.a(lib_a-readr.o)
 .ARM.attributes
                0x00000c6f       0x34 d:/clion/gcc-arm-none-eabi-10.3-2021.10-win32/gcc-arm-none-eabi-10.3-2021.10/bin/../lib/gcc/arm-none-eabi/10.3.1/../../../../arm-none-eabi/lib/thumb/v7e-m+fp/hard\libg_nano.a(lib_a-reent.o)
 .ARM.attributes
                0x00000ca3       0x1e d:/clion/gcc-arm-none-eabi-10.3-2021.10-win32/gcc-arm-none-eabi-10.3-2021.10/bin/../lib/gcc/arm-none-eabi/10.3.1/thumb/v7e-m+fp/hard/crtn.o
OUTPUT(test.elf elf32-littlearm)
LOAD linker stubs
LOAD d:/clion/gcc-arm-none-eabi-10.3-2021.10-win32/gcc-arm-none-eabi-10.3-2021.10/bin/../lib/gcc/arm-none-eabi/10.3.1/../../../../arm-none-eabi/lib/thumb/v7e-m+fp/hard\libc.a
LOAD d:/clion/gcc-arm-none-eabi-10.3-2021.10-win32/gcc-arm-none-eabi-10.3-2021.10/bin/../lib/gcc/arm-none-eabi/10.3.1/../../../../arm-none-eabi/lib/thumb/v7e-m+fp/hard\libm.a
LOAD d:/clion/gcc-arm-none-eabi-10.3-2021.10-win32/gcc-arm-none-eabi-10.3-2021.10/bin/../lib/gcc/arm-none-eabi/10.3.1/thumb/v7e-m+fp/hard\libgcc.a

.debug_frame    0x00000000     0x6338
 .debug_frame   0x00000000       0x2c d:/clion/gcc-arm-none-eabi-10.3-2021.10-win32/gcc-arm-none-eabi-10.3-2021.10/bin/../lib/gcc/arm-none-eabi/10.3.1/../../../../arm-none-eabi/lib/thumb/v7e-m+fp/hard\libc_nano.a(lib_a-init.o)
 .debug_frame   0x0000002c       0x20 d:/clion/gcc-arm-none-eabi-10.3-2021.10-win32/gcc-arm-none-eabi-10.3-2021.10/bin/../lib/gcc/arm-none-eabi/10.3.1/../../../../arm-none-eabi/lib/thumb/v7e-m+fp/hard\libc_nano.a(lib_a-memset.o)
 .debug_frame   0x0000004c       0x30 CMakeFiles/test.dir/Core/Src/sys/Config/config.c.obj
 .debug_frame   0x0000007c      0x338 CMakeFiles/test.dir/Core/Src/Hardware/step_motor/step_motor.c.obj
 .debug_frame   0x000003b4       0xd0 CMakeFiles/test.dir/Core/Src/Hardware/Motor/control.c.obj
 .debug_frame   0x00000484      0x2e8 CMakeFiles/test.dir/Core/Src/Hardware/Motor/motor.c.obj
 .debug_frame   0x0000076c       0x34 CMakeFiles/test.dir/Core/Src/Conmunication/serial.c.obj